Archive member included because of file (symbol)

/usr/local/gcc-arm-none-eabi-4_9-2015q1/bin/../lib/gcc/arm-none-eabi/4.9.3/../../../../arm-none-eabi/lib/armv6-m/libc_nano.a(lib_a-exit.o)
                              /usr/local/gcc-arm-none-eabi-4_9-2015q1/bin/../lib/gcc/arm-none-eabi/4.9.3/../../../../arm-none-eabi/lib/armv6-m/crt0.o (exit)
/usr/local/gcc-arm-none-eabi-4_9-2015q1/bin/../lib/gcc/arm-none-eabi/4.9.3/../../../../arm-none-eabi/lib/armv6-m/libc_nano.a(lib_a-impure.o)
                              /usr/local/gcc-arm-none-eabi-4_9-2015q1/bin/../lib/gcc/arm-none-eabi/4.9.3/../../../../arm-none-eabi/lib/armv6-m/libc_nano.a(lib_a-exit.o) (_global_impure_ptr)
/usr/local/gcc-arm-none-eabi-4_9-2015q1/bin/../lib/gcc/arm-none-eabi/4.9.3/../../../../arm-none-eabi/lib/armv6-m/libc_nano.a(lib_a-init.o)
                              /usr/local/gcc-arm-none-eabi-4_9-2015q1/bin/../lib/gcc/arm-none-eabi/4.9.3/../../../../arm-none-eabi/lib/armv6-m/crt0.o (__libc_init_array)
/usr/local/gcc-arm-none-eabi-4_9-2015q1/bin/../lib/gcc/arm-none-eabi/4.9.3/../../../../arm-none-eabi/lib/armv6-m/libc_nano.a(lib_a-memset.o)
                              /usr/local/gcc-arm-none-eabi-4_9-2015q1/bin/../lib/gcc/arm-none-eabi/4.9.3/../../../../arm-none-eabi/lib/armv6-m/crt0.o (memset)
/usr/local/gcc-arm-none-eabi-4_9-2015q1/bin/../lib/gcc/arm-none-eabi/4.9.3/../../../../arm-none-eabi/lib/armv6-m/libnosys.a(_exit.o)
                              /usr/local/gcc-arm-none-eabi-4_9-2015q1/bin/../lib/gcc/arm-none-eabi/4.9.3/../../../../arm-none-eabi/lib/armv6-m/libc_nano.a(lib_a-exit.o) (_exit)
/usr/local/gcc-arm-none-eabi-4_9-2015q1/bin/../lib/gcc/arm-none-eabi/4.9.3/armv6-m/libgcc.a(_udivsi3.o)
                              _build/pstorage.o (__aeabi_uidiv)
/usr/local/gcc-arm-none-eabi-4_9-2015q1/bin/../lib/gcc/arm-none-eabi/4.9.3/armv6-m/libgcc.a(_dvmd_tls.o)
                              /usr/local/gcc-arm-none-eabi-4_9-2015q1/bin/../lib/gcc/arm-none-eabi/4.9.3/armv6-m/libgcc.a(_udivsi3.o) (__aeabi_idiv0)
/usr/local/gcc-arm-none-eabi-4_9-2015q1/bin/../lib/gcc/arm-none-eabi/4.9.3/../../../../arm-none-eabi/lib/armv6-m/libc_nano.a(lib_a-memcmp.o)
                              _build/device_manager_peripheral.o (memcmp)
/usr/local/gcc-arm-none-eabi-4_9-2015q1/bin/../lib/gcc/arm-none-eabi/4.9.3/../../../../arm-none-eabi/lib/armv6-m/libc_nano.a(lib_a-memcpy.o)
                              _build/pstorage.o (memcpy)
/usr/local/gcc-arm-none-eabi-4_9-2015q1/bin/../lib/gcc/arm-none-eabi/4.9.3/../../../../arm-none-eabi/lib/armv6-m/libc_nano.a(lib_a-memmove.o)
                              _build/ble_hrs.o (memmove)
/usr/local/gcc-arm-none-eabi-4_9-2015q1/bin/../lib/gcc/arm-none-eabi/4.9.3/../../../../arm-none-eabi/lib/armv6-m/libc_nano.a(lib_a-strlen.o)
                              _build/main.o (strlen)

Allocating common symbols
Common symbol       size              file

__stdin             0x68              _build/retarget.o
__stdout            0x68              _build/retarget.o

Discarded input sections

 .text          0x0000000000000000        0x0 /usr/local/gcc-arm-none-eabi-4_9-2015q1/bin/../lib/gcc/arm-none-eabi/4.9.3/armv6-m/crti.o
 .data          0x0000000000000000        0x0 /usr/local/gcc-arm-none-eabi-4_9-2015q1/bin/../lib/gcc/arm-none-eabi/4.9.3/armv6-m/crti.o
 .bss           0x0000000000000000        0x0 /usr/local/gcc-arm-none-eabi-4_9-2015q1/bin/../lib/gcc/arm-none-eabi/4.9.3/armv6-m/crti.o
 .text          0x0000000000000000       0x60 /usr/local/gcc-arm-none-eabi-4_9-2015q1/bin/../lib/gcc/arm-none-eabi/4.9.3/armv6-m/crtbegin.o
 .data          0x0000000000000000        0x4 /usr/local/gcc-arm-none-eabi-4_9-2015q1/bin/../lib/gcc/arm-none-eabi/4.9.3/armv6-m/crtbegin.o
 .bss           0x0000000000000000       0x1c /usr/local/gcc-arm-none-eabi-4_9-2015q1/bin/../lib/gcc/arm-none-eabi/4.9.3/armv6-m/crtbegin.o
 .init_array    0x0000000000000000        0x4 /usr/local/gcc-arm-none-eabi-4_9-2015q1/bin/../lib/gcc/arm-none-eabi/4.9.3/armv6-m/crtbegin.o
 .fini_array    0x0000000000000000        0x4 /usr/local/gcc-arm-none-eabi-4_9-2015q1/bin/../lib/gcc/arm-none-eabi/4.9.3/armv6-m/crtbegin.o
 .eh_frame      0x0000000000000000        0x0 /usr/local/gcc-arm-none-eabi-4_9-2015q1/bin/../lib/gcc/arm-none-eabi/4.9.3/armv6-m/crtbegin.o
 .jcr           0x0000000000000000        0x0 /usr/local/gcc-arm-none-eabi-4_9-2015q1/bin/../lib/gcc/arm-none-eabi/4.9.3/armv6-m/crtbegin.o
 .ARM.attributes
                0x0000000000000000       0x2c /usr/local/gcc-arm-none-eabi-4_9-2015q1/bin/../lib/gcc/arm-none-eabi/4.9.3/armv6-m/crtbegin.o
 .data          0x0000000000000000        0x0 /usr/local/gcc-arm-none-eabi-4_9-2015q1/bin/../lib/gcc/arm-none-eabi/4.9.3/../../../../arm-none-eabi/lib/armv6-m/crt0.o
 .bss           0x0000000000000000        0x0 /usr/local/gcc-arm-none-eabi-4_9-2015q1/bin/../lib/gcc/arm-none-eabi/4.9.3/../../../../arm-none-eabi/lib/armv6-m/crt0.o
 .ARM.extab     0x0000000000000000        0x0 /usr/local/gcc-arm-none-eabi-4_9-2015q1/bin/../lib/gcc/arm-none-eabi/4.9.3/../../../../arm-none-eabi/lib/armv6-m/crt0.o
 .text          0x0000000000000000        0x0 /usr/local/gcc-arm-none-eabi-4_9-2015q1/bin/../lib/gcc/arm-none-eabi/4.9.3/../../../../arm-none-eabi/lib/armv6-m/libc_nano.a(lib_a-exit.o)
 .data          0x0000000000000000        0x0 /usr/local/gcc-arm-none-eabi-4_9-2015q1/bin/../lib/gcc/arm-none-eabi/4.9.3/../../../../arm-none-eabi/lib/armv6-m/libc_nano.a(lib_a-exit.o)
 .bss           0x0000000000000000        0x0 /usr/local/gcc-arm-none-eabi-4_9-2015q1/bin/../lib/gcc/arm-none-eabi/4.9.3/../../../../arm-none-eabi/lib/armv6-m/libc_nano.a(lib_a-exit.o)
 .text          0x0000000000000000        0x0 /usr/local/gcc-arm-none-eabi-4_9-2015q1/bin/../lib/gcc/arm-none-eabi/4.9.3/../../../../arm-none-eabi/lib/armv6-m/libc_nano.a(lib_a-impure.o)
 .data          0x0000000000000000        0x0 /usr/local/gcc-arm-none-eabi-4_9-2015q1/bin/../lib/gcc/arm-none-eabi/4.9.3/../../../../arm-none-eabi/lib/armv6-m/libc_nano.a(lib_a-impure.o)
 .bss           0x0000000000000000        0x0 /usr/local/gcc-arm-none-eabi-4_9-2015q1/bin/../lib/gcc/arm-none-eabi/4.9.3/../../../../arm-none-eabi/lib/armv6-m/libc_nano.a(lib_a-impure.o)
 .data._impure_ptr
                0x0000000000000000        0x4 /usr/local/gcc-arm-none-eabi-4_9-2015q1/bin/../lib/gcc/arm-none-eabi/4.9.3/../../../../arm-none-eabi/lib/armv6-m/libc_nano.a(lib_a-impure.o)
 .text          0x0000000000000000        0x0 /usr/local/gcc-arm-none-eabi-4_9-2015q1/bin/../lib/gcc/arm-none-eabi/4.9.3/../../../../arm-none-eabi/lib/armv6-m/libc_nano.a(lib_a-init.o)
 .data          0x0000000000000000        0x0 /usr/local/gcc-arm-none-eabi-4_9-2015q1/bin/../lib/gcc/arm-none-eabi/4.9.3/../../../../arm-none-eabi/lib/armv6-m/libc_nano.a(lib_a-init.o)
 .bss           0x0000000000000000        0x0 /usr/local/gcc-arm-none-eabi-4_9-2015q1/bin/../lib/gcc/arm-none-eabi/4.9.3/../../../../arm-none-eabi/lib/armv6-m/libc_nano.a(lib_a-init.o)
 .text          0x0000000000000000        0x0 /usr/local/gcc-arm-none-eabi-4_9-2015q1/bin/../lib/gcc/arm-none-eabi/4.9.3/../../../../arm-none-eabi/lib/armv6-m/libc_nano.a(lib_a-memset.o)
 .data          0x0000000000000000        0x0 /usr/local/gcc-arm-none-eabi-4_9-2015q1/bin/../lib/gcc/arm-none-eabi/4.9.3/../../../../arm-none-eabi/lib/armv6-m/libc_nano.a(lib_a-memset.o)
 .bss           0x0000000000000000        0x0 /usr/local/gcc-arm-none-eabi-4_9-2015q1/bin/../lib/gcc/arm-none-eabi/4.9.3/../../../../arm-none-eabi/lib/armv6-m/libc_nano.a(lib_a-memset.o)
 .text          0x0000000000000000        0x0 /usr/local/gcc-arm-none-eabi-4_9-2015q1/bin/../lib/gcc/arm-none-eabi/4.9.3/../../../../arm-none-eabi/lib/armv6-m/libnosys.a(_exit.o)
 .data          0x0000000000000000        0x0 /usr/local/gcc-arm-none-eabi-4_9-2015q1/bin/../lib/gcc/arm-none-eabi/4.9.3/../../../../arm-none-eabi/lib/armv6-m/libnosys.a(_exit.o)
 .bss           0x0000000000000000        0x0 /usr/local/gcc-arm-none-eabi-4_9-2015q1/bin/../lib/gcc/arm-none-eabi/4.9.3/../../../../arm-none-eabi/lib/armv6-m/libnosys.a(_exit.o)
 .text          0x0000000000000000        0x0 _build/app_button.o
 .data          0x0000000000000000        0x0 _build/app_button.o
 .bss           0x0000000000000000        0x0 _build/app_button.o
 .text.app_button_disable
                0x0000000000000000       0x38 _build/app_button.o
 .text.app_button_is_pushed
                0x0000000000000000       0x2c _build/app_button.o
 .text          0x0000000000000000        0x0 _build/app_error.o
 .data          0x0000000000000000        0x0 _build/app_error.o
 .bss           0x0000000000000000        0x0 _build/app_error.o
 .text          0x0000000000000000        0x0 _build/app_fifo.o
 .data          0x0000000000000000        0x0 _build/app_fifo.o
 .bss           0x0000000000000000        0x0 _build/app_fifo.o
 .text.app_fifo_init
                0x0000000000000000       0x28 _build/app_fifo.o
 .text.app_fifo_flush
                0x0000000000000000        0x8 _build/app_fifo.o
 .text          0x0000000000000000        0x0 _build/app_timer.o
 .data          0x0000000000000000        0x0 _build/app_timer.o
 .bss           0x0000000000000000        0x0 _build/app_timer.o
 .text.app_timer_stop_all
                0x0000000000000000       0xc0 _build/app_timer.o
 .text.app_timer_cnt_get
                0x0000000000000000       0x14 _build/app_timer.o
 .text.app_timer_cnt_diff_compute
                0x0000000000000000        0xc _build/app_timer.o
 .text          0x0000000000000000        0x0 _build/app_trace.o
 .data          0x0000000000000000        0x0 _build/app_trace.o
 .bss           0x0000000000000000        0x0 _build/app_trace.o
 .comment       0x0000000000000000       0x71 _build/app_trace.o
 .ARM.attributes
                0x0000000000000000       0x31 _build/app_trace.o
 .text          0x0000000000000000        0x0 _build/nrf_assert.o
 .data          0x0000000000000000        0x0 _build/nrf_assert.o
 .bss           0x0000000000000000        0x0 _build/nrf_assert.o
 .comment       0x0000000000000000       0x71 _build/nrf_assert.o
 .ARM.attributes
                0x0000000000000000       0x31 _build/nrf_assert.o
 .text          0x0000000000000000        0x0 _build/retarget.o
 .data          0x0000000000000000        0x0 _build/retarget.o
 .bss           0x0000000000000000        0x0 _build/retarget.o
 .text._write   0x0000000000000000       0x1c _build/retarget.o
 .text._read    0x0000000000000000       0x14 _build/retarget.o
 .comment       0x0000000000000000       0x71 _build/retarget.o
 .ARM.attributes
                0x0000000000000000       0x31 _build/retarget.o
 COMMON         0x0000000000000000       0xd0 _build/retarget.o
 .text          0x0000000000000000        0x0 _build/sensorsim.o
 .data          0x0000000000000000        0x0 _build/sensorsim.o
 .bss           0x0000000000000000        0x0 _build/sensorsim.o
 .text          0x0000000000000000        0x0 _build/app_uart_fifo.o
 .data          0x0000000000000000        0x0 _build/app_uart_fifo.o
 .bss           0x0000000000000000        0x0 _build/app_uart_fifo.o
 .text.gpiote_uart_event_handler
                0x0000000000000000       0xc0 _build/app_uart_fifo.o
 .text.action_tx_stop
                0x0000000000000000       0x2c _build/app_uart_fifo.o
 .text.app_uart_init
                0x0000000000000000      0x2b0 _build/app_uart_fifo.o
 .text.app_uart_get
                0x0000000000000000       0x10 _build/app_uart_fifo.o
 .text.app_uart_put
                0x0000000000000000       0x80 _build/app_uart_fifo.o
 .text.app_uart_flush
                0x0000000000000000       0x1c _build/app_uart_fifo.o
 .text.app_uart_get_connection_state
                0x0000000000000000       0x14 _build/app_uart_fifo.o
 .text.app_uart_close
                0x0000000000000000       0x30 _build/app_uart_fifo.o
 .data.m_instance_counter
                0x0000000000000000        0x1 _build/app_uart_fifo.o
 .text          0x0000000000000000        0x0 _build/nrf_delay.o
 .data          0x0000000000000000        0x0 _build/nrf_delay.o
 .bss           0x0000000000000000        0x0 _build/nrf_delay.o
 .text.nrf_delay_ms
                0x0000000000000000       0x3c _build/nrf_delay.o
 .comment       0x0000000000000000       0x71 _build/nrf_delay.o
 .ARM.attributes
                0x0000000000000000       0x31 _build/nrf_delay.o
 .text          0x0000000000000000        0x0 _build/nrf_drv_common.o
 .data          0x0000000000000000        0x0 _build/nrf_drv_common.o
 .bss           0x0000000000000000        0x0 _build/nrf_drv_common.o
 .text          0x0000000000000000        0x0 _build/nrf_drv_gpiote.o
 .data          0x0000000000000000        0x0 _build/nrf_drv_gpiote.o
 .bss           0x0000000000000000        0x0 _build/nrf_drv_gpiote.o
 .text.nrf_drv_gpiote_uninit
                0x0000000000000000       0xe4 _build/nrf_drv_gpiote.o
 .text.nrf_drv_gpiote_out_init
                0x0000000000000000       0xdc _build/nrf_drv_gpiote.o
 .text.nrf_drv_gpiote_out_uninit
                0x0000000000000000       0x34 _build/nrf_drv_gpiote.o
 .text.nrf_drv_gpiote_out_set
                0x0000000000000000       0x14 _build/nrf_drv_gpiote.o
 .text.nrf_drv_gpiote_out_clear
                0x0000000000000000       0x14 _build/nrf_drv_gpiote.o
 .text.nrf_drv_gpiote_out_toggle
                0x0000000000000000       0x2c _build/nrf_drv_gpiote.o
 .text.nrf_drv_gpiote_out_task_enable
                0x0000000000000000       0x3c _build/nrf_drv_gpiote.o
 .text.nrf_drv_gpiote_out_task_disable
                0x0000000000000000       0x28 _build/nrf_drv_gpiote.o
 .text.nrf_drv_gpiote_out_task_addr_get
                0x0000000000000000       0x1c _build/nrf_drv_gpiote.o
 .text.nrf_drv_gpiote_out_task_force
                0x0000000000000000       0x3c _build/nrf_drv_gpiote.o
 .text.nrf_drv_gpiote_out_task_trigger
                0x0000000000000000       0x20 _build/nrf_drv_gpiote.o
 .text.nrf_drv_gpiote_in_event_disable
                0x0000000000000000       0x58 _build/nrf_drv_gpiote.o
 .text.nrf_drv_gpiote_in_uninit
                0x0000000000000000       0xa4 _build/nrf_drv_gpiote.o
 .text.nrf_drv_gpiote_in_event_addr_get
                0x0000000000000000       0x20 _build/nrf_drv_gpiote.o
 .text          0x0000000000000000        0x0 _build/pstorage.o
 .data          0x0000000000000000        0x0 _build/pstorage.o
 .bss           0x0000000000000000        0x0 _build/pstorage.o
 .text          0x0000000000000000        0x0 _build/bsp.o
 .data          0x0000000000000000        0x0 _build/bsp.o
 .bss           0x0000000000000000        0x0 _build/bsp.o
 .text.bsp_buttons_state_get
                0x0000000000000000       0x40 _build/bsp.o
 .text.bsp_indication_text_set
                0x0000000000000000      0x354 _build/bsp.o
 .rodata.bsp_indication_text_set
                0x0000000000000000       0x60 _build/bsp.o
 .text.bsp_buttons_enable
                0x0000000000000000        0x8 _build/bsp.o
 .text.bsp_buttons_disable
                0x0000000000000000        0x8 _build/bsp.o
 .text          0x0000000000000000        0x0 _build/bsp_btn_ble.o
 .data          0x0000000000000000        0x0 _build/bsp_btn_ble.o
 .bss           0x0000000000000000        0x0 _build/bsp_btn_ble.o
 .text          0x0000000000000000        0x0 _build/main.o
 .data          0x0000000000000000        0x0 _build/main.o
 .bss           0x0000000000000000        0x0 _build/main.o
 .text          0x0000000000000000        0x0 _build/ble_advdata.o
 .data          0x0000000000000000        0x0 _build/ble_advdata.o
 .bss           0x0000000000000000        0x0 _build/ble_advdata.o
 .text          0x0000000000000000        0x0 _build/ble_advertising.o
 .data          0x0000000000000000        0x0 _build/ble_advertising.o
 .bss           0x0000000000000000        0x0 _build/ble_advertising.o
 .text.ble_advertising_peer_addr_reply
                0x0000000000000000       0x3c _build/ble_advertising.o
 .text.ble_advertising_whitelist_reply
                0x0000000000000000       0xd8 _build/ble_advertising.o
 .text          0x0000000000000000        0x0 _build/ble_bas.o
 .data          0x0000000000000000        0x0 _build/ble_bas.o
 .bss           0x0000000000000000        0x0 _build/ble_bas.o
 .text          0x0000000000000000        0x0 _build/ble_conn_params.o
 .data          0x0000000000000000        0x0 _build/ble_conn_params.o
 .bss           0x0000000000000000        0x0 _build/ble_conn_params.o
 .text.ble_conn_params_stop
                0x0000000000000000       0x10 _build/ble_conn_params.o
 .text.ble_conn_params_change_conn_params
                0x0000000000000000       0x70 _build/ble_conn_params.o
 .text          0x0000000000000000        0x0 _build/ble_dis.o
 .data          0x0000000000000000        0x0 _build/ble_dis.o
 .bss           0x0000000000000000        0x0 _build/ble_dis.o
 .text          0x0000000000000000        0x0 _build/ble_hrs.o
 .data          0x0000000000000000        0x0 _build/ble_hrs.o
 .bss           0x0000000000000000        0x0 _build/ble_hrs.o
 .text.sd_ble_gatts_value_set
                0x0000000000000000        0x4 _build/ble_hrs.o
 .text.ble_hrs_rr_interval_buffer_is_full
                0x0000000000000000       0x10 _build/ble_hrs.o
 .text.ble_hrs_sensor_contact_supported_set
                0x0000000000000000       0x1c _build/ble_hrs.o
 .text.ble_hrs_body_sensor_location_set
                0x0000000000000000       0x30 _build/ble_hrs.o
 .text          0x0000000000000000        0x0 _build/ble_srv_common.o
 .data          0x0000000000000000        0x0 _build/ble_srv_common.o
 .bss           0x0000000000000000        0x0 _build/ble_srv_common.o
 .text          0x0000000000000000        0x0 _build/device_manager_peripheral.o
 .data          0x0000000000000000        0x0 _build/device_manager_peripheral.o
 .bss           0x0000000000000000        0x0 _build/device_manager_peripheral.o
 .text.sd_ble_gap_authenticate
                0x0000000000000000        0x4 _build/device_manager_peripheral.o
 .text.dm_security_setup_req
                0x0000000000000000       0x5c _build/device_manager_peripheral.o
 .text.dm_security_status_req
                0x0000000000000000       0x74 _build/device_manager_peripheral.o
 .text.dm_whitelist_create
                0x0000000000000000       0xe0 _build/device_manager_peripheral.o
 .text.dm_device_add
                0x0000000000000000        0x8 _build/device_manager_peripheral.o
 .text.dm_device_delete
                0x0000000000000000       0xd4 _build/device_manager_peripheral.o
 .text.dm_device_delete_all
                0x0000000000000000       0xcc _build/device_manager_peripheral.o
 .text.dm_service_context_set
                0x0000000000000000       0xbc _build/device_manager_peripheral.o
 .text.dm_service_context_get
                0x0000000000000000       0xd8 _build/device_manager_peripheral.o
 .text.dm_service_context_delete
                0x0000000000000000       0x5c _build/device_manager_peripheral.o
 .text.dm_application_context_set
                0x0000000000000000       0xec _build/device_manager_peripheral.o
 .text.dm_application_context_get
                0x0000000000000000       0xc0 _build/device_manager_peripheral.o
 .text.dm_application_context_delete
                0x0000000000000000       0xa4 _build/device_manager_peripheral.o
 .text.dm_application_instance_set
                0x0000000000000000       0x3c _build/device_manager_peripheral.o
 .text.dm_handle_initialize
                0x0000000000000000       0x1c _build/device_manager_peripheral.o
 .text.dm_peer_addr_set
                0x0000000000000000       0xb8 _build/device_manager_peripheral.o
 .text.dm_peer_addr_get
                0x0000000000000000       0x84 _build/device_manager_peripheral.o
 .text.dm_distributed_keys_get
                0x0000000000000000       0xbc _build/device_manager_peripheral.o
 .text.dm_handle_get
                0x0000000000000000       0x48 _build/device_manager_peripheral.o
 .bss.m_local_id_info
                0x0000000000000000       0x18 _build/device_manager_peripheral.o
 .text          0x0000000000000000        0x0 _build/system_nrf51.o
 .data          0x0000000000000000        0x0 _build/system_nrf51.o
 .bss           0x0000000000000000        0x0 _build/system_nrf51.o
 .text.SystemCoreClockUpdate
                0x0000000000000000       0x10 _build/system_nrf51.o
 .data.SystemCoreClock
                0x0000000000000000        0x4 _build/system_nrf51.o
 .text          0x0000000000000000        0x0 _build/softdevice_handler.o
 .data          0x0000000000000000        0x0 _build/softdevice_handler.o
 .bss           0x0000000000000000        0x0 _build/softdevice_handler.o
 .text.sd_softdevice_disable
                0x0000000000000000        0x4 _build/softdevice_handler.o
 .text.intern_softdevice_events_execute
                0x0000000000000000       0x14 _build/softdevice_handler.o
 .text.softdevice_handler_sd_disable
                0x0000000000000000       0x18 _build/softdevice_handler.o
 .data          0x0000000000000000        0x0 _build/gcc_startup_nrf51.o
 .bss           0x0000000000000000        0x0 _build/gcc_startup_nrf51.o
 .ARM.extab     0x0000000000000000        0x0 _build/gcc_startup_nrf51.o
 .data          0x0000000000000000        0x0 /usr/local/gcc-arm-none-eabi-4_9-2015q1/bin/../lib/gcc/arm-none-eabi/4.9.3/armv6-m/libgcc.a(_udivsi3.o)
 .bss           0x0000000000000000        0x0 /usr/local/gcc-arm-none-eabi-4_9-2015q1/bin/../lib/gcc/arm-none-eabi/4.9.3/armv6-m/libgcc.a(_udivsi3.o)
 .data          0x0000000000000000        0x0 /usr/local/gcc-arm-none-eabi-4_9-2015q1/bin/../lib/gcc/arm-none-eabi/4.9.3/armv6-m/libgcc.a(_dvmd_tls.o)
 .bss           0x0000000000000000        0x0 /usr/local/gcc-arm-none-eabi-4_9-2015q1/bin/../lib/gcc/arm-none-eabi/4.9.3/armv6-m/libgcc.a(_dvmd_tls.o)
 .text          0x0000000000000000        0x0 /usr/local/gcc-arm-none-eabi-4_9-2015q1/bin/../lib/gcc/arm-none-eabi/4.9.3/../../../../arm-none-eabi/lib/armv6-m/libc_nano.a(lib_a-memcmp.o)
 .data          0x0000000000000000        0x0 /usr/local/gcc-arm-none-eabi-4_9-2015q1/bin/../lib/gcc/arm-none-eabi/4.9.3/../../../../arm-none-eabi/lib/armv6-m/libc_nano.a(lib_a-memcmp.o)
 .bss           0x0000000000000000        0x0 /usr/local/gcc-arm-none-eabi-4_9-2015q1/bin/../lib/gcc/arm-none-eabi/4.9.3/../../../../arm-none-eabi/lib/armv6-m/libc_nano.a(lib_a-memcmp.o)
 .text          0x0000000000000000        0x0 /usr/local/gcc-arm-none-eabi-4_9-2015q1/bin/../lib/gcc/arm-none-eabi/4.9.3/../../../../arm-none-eabi/lib/armv6-m/libc_nano.a(lib_a-memcpy.o)
 .data          0x0000000000000000        0x0 /usr/local/gcc-arm-none-eabi-4_9-2015q1/bin/../lib/gcc/arm-none-eabi/4.9.3/../../../../arm-none-eabi/lib/armv6-m/libc_nano.a(lib_a-memcpy.o)
 .bss           0x0000000000000000        0x0 /usr/local/gcc-arm-none-eabi-4_9-2015q1/bin/../lib/gcc/arm-none-eabi/4.9.3/../../../../arm-none-eabi/lib/armv6-m/libc_nano.a(lib_a-memcpy.o)
 .text          0x0000000000000000        0x0 /usr/local/gcc-arm-none-eabi-4_9-2015q1/bin/../lib/gcc/arm-none-eabi/4.9.3/../../../../arm-none-eabi/lib/armv6-m/libc_nano.a(lib_a-memmove.o)
 .data          0x0000000000000000        0x0 /usr/local/gcc-arm-none-eabi-4_9-2015q1/bin/../lib/gcc/arm-none-eabi/4.9.3/../../../../arm-none-eabi/lib/armv6-m/libc_nano.a(lib_a-memmove.o)
 .bss           0x0000000000000000        0x0 /usr/local/gcc-arm-none-eabi-4_9-2015q1/bin/../lib/gcc/arm-none-eabi/4.9.3/../../../../arm-none-eabi/lib/armv6-m/libc_nano.a(lib_a-memmove.o)
 .text          0x0000000000000000        0x0 /usr/local/gcc-arm-none-eabi-4_9-2015q1/bin/../lib/gcc/arm-none-eabi/4.9.3/../../../../arm-none-eabi/lib/armv6-m/libc_nano.a(lib_a-strlen.o)
 .data          0x0000000000000000        0x0 /usr/local/gcc-arm-none-eabi-4_9-2015q1/bin/../lib/gcc/arm-none-eabi/4.9.3/../../../../arm-none-eabi/lib/armv6-m/libc_nano.a(lib_a-strlen.o)
 .bss           0x0000000000000000        0x0 /usr/local/gcc-arm-none-eabi-4_9-2015q1/bin/../lib/gcc/arm-none-eabi/4.9.3/../../../../arm-none-eabi/lib/armv6-m/libc_nano.a(lib_a-strlen.o)
 .text          0x0000000000000000        0x0 /usr/local/gcc-arm-none-eabi-4_9-2015q1/bin/../lib/gcc/arm-none-eabi/4.9.3/armv6-m/crtend.o
 .data          0x0000000000000000        0x0 /usr/local/gcc-arm-none-eabi-4_9-2015q1/bin/../lib/gcc/arm-none-eabi/4.9.3/armv6-m/crtend.o
 .bss           0x0000000000000000        0x0 /usr/local/gcc-arm-none-eabi-4_9-2015q1/bin/../lib/gcc/arm-none-eabi/4.9.3/armv6-m/crtend.o
 .eh_frame      0x0000000000000000        0x4 /usr/local/gcc-arm-none-eabi-4_9-2015q1/bin/../lib/gcc/arm-none-eabi/4.9.3/armv6-m/crtend.o
 .jcr           0x0000000000000000        0x4 /usr/local/gcc-arm-none-eabi-4_9-2015q1/bin/../lib/gcc/arm-none-eabi/4.9.3/armv6-m/crtend.o
 .ARM.attributes
                0x0000000000000000       0x2c /usr/local/gcc-arm-none-eabi-4_9-2015q1/bin/../lib/gcc/arm-none-eabi/4.9.3/armv6-m/crtend.o
 .text          0x0000000000000000        0x0 /usr/local/gcc-arm-none-eabi-4_9-2015q1/bin/../lib/gcc/arm-none-eabi/4.9.3/armv6-m/crtn.o
 .data          0x0000000000000000        0x0 /usr/local/gcc-arm-none-eabi-4_9-2015q1/bin/../lib/gcc/arm-none-eabi/4.9.3/armv6-m/crtn.o
 .bss           0x0000000000000000        0x0 /usr/local/gcc-arm-none-eabi-4_9-2015q1/bin/../lib/gcc/arm-none-eabi/4.9.3/armv6-m/crtn.o

Memory Configuration

Name             Origin             Length             Attributes
FLASH            0x0000000000018000 0x0000000000028000 xr
RAM              0x0000000020002000 0x0000000000006000 xrw
*default*        0x0000000000000000 0xffffffffffffffff

Linker script and memory map

LOAD /usr/local/gcc-arm-none-eabi-4_9-2015q1/bin/../lib/gcc/arm-none-eabi/4.9.3/armv6-m/crti.o
LOAD /usr/local/gcc-arm-none-eabi-4_9-2015q1/bin/../lib/gcc/arm-none-eabi/4.9.3/armv6-m/crtbegin.o
LOAD /usr/local/gcc-arm-none-eabi-4_9-2015q1/bin/../lib/gcc/arm-none-eabi/4.9.3/../../../../arm-none-eabi/lib/armv6-m/crt0.o
LOAD /usr/local/gcc-arm-none-eabi-4_9-2015q1/bin/../lib/gcc/arm-none-eabi/4.9.3/../../../../arm-none-eabi/lib/armv6-m/libc_nano.a
LOAD /usr/local/gcc-arm-none-eabi-4_9-2015q1/bin/../lib/gcc/arm-none-eabi/4.9.3/../../../../arm-none-eabi/lib/armv6-m/libnosys.a
LOAD _build/app_button.o
LOAD _build/app_error.o
LOAD _build/app_fifo.o
LOAD _build/app_timer.o
LOAD _build/app_trace.o
LOAD _build/nrf_assert.o
LOAD _build/retarget.o
LOAD _build/sensorsim.o
LOAD _build/app_uart_fifo.o
LOAD _build/nrf_delay.o
LOAD _build/nrf_drv_common.o
LOAD _build/nrf_drv_gpiote.o
LOAD _build/pstorage.o
LOAD _build/bsp.o
LOAD _build/bsp_btn_ble.o
LOAD _build/main.o
LOAD _build/ble_advdata.o
LOAD _build/ble_advertising.o
LOAD _build/ble_bas.o
LOAD _build/ble_conn_params.o
LOAD _build/ble_dis.o
LOAD _build/ble_hrs.o
LOAD _build/ble_srv_common.o
LOAD _build/device_manager_peripheral.o
LOAD _build/system_nrf51.o
LOAD _build/softdevice_handler.o
LOAD _build/gcc_startup_nrf51.o
START GROUP
LOAD /usr/local/gcc-arm-none-eabi-4_9-2015q1/bin/../lib/gcc/arm-none-eabi/4.9.3/armv6-m/libgcc.a
LOAD /usr/local/gcc-arm-none-eabi-4_9-2015q1/bin/../lib/gcc/arm-none-eabi/4.9.3/../../../../arm-none-eabi/lib/armv6-m/libc_nano.a
END GROUP
START GROUP
LOAD /usr/local/gcc-arm-none-eabi-4_9-2015q1/bin/../lib/gcc/arm-none-eabi/4.9.3/armv6-m/libgcc.a
LOAD /usr/local/gcc-arm-none-eabi-4_9-2015q1/bin/../lib/gcc/arm-none-eabi/4.9.3/../../../../arm-none-eabi/lib/armv6-m/libc_nano.a
END GROUP
LOAD /usr/local/gcc-arm-none-eabi-4_9-2015q1/bin/../lib/gcc/arm-none-eabi/4.9.3/armv6-m/crtend.o
LOAD /usr/local/gcc-arm-none-eabi-4_9-2015q1/bin/../lib/gcc/arm-none-eabi/4.9.3/armv6-m/crtn.o
START GROUP
LOAD /usr/local/gcc-arm-none-eabi-4_9-2015q1/bin/../lib/gcc/arm-none-eabi/4.9.3/armv6-m/libgcc.a
LOAD /usr/local/gcc-arm-none-eabi-4_9-2015q1/bin/../lib/gcc/arm-none-eabi/4.9.3/../../../../arm-none-eabi/lib/armv6-m/libc.a
LOAD /usr/local/gcc-arm-none-eabi-4_9-2015q1/bin/../lib/gcc/arm-none-eabi/4.9.3/../../../../arm-none-eabi/lib/armv6-m/libnosys.a
END GROUP

.text           0x0000000000018000     0x6598
 *(.Vectors)
 .Vectors       0x0000000000018000       0xc0 _build/gcc_startup_nrf51.o
                0x0000000000018000                __Vectors
 *(.text*)
 .text          0x00000000000180c0       0x78 /usr/local/gcc-arm-none-eabi-4_9-2015q1/bin/../lib/gcc/arm-none-eabi/4.9.3/../../../../arm-none-eabi/lib/armv6-m/crt0.o
                0x00000000000180c0                _mainCRTStartup
                0x00000000000180c0                _start
 .text.exit     0x0000000000018138       0x2c /usr/local/gcc-arm-none-eabi-4_9-2015q1/bin/../lib/gcc/arm-none-eabi/4.9.3/../../../../arm-none-eabi/lib/armv6-m/libc_nano.a(lib_a-exit.o)
                0x0000000000018138                exit
 .text.__libc_init_array
                0x0000000000018164       0x4c /usr/local/gcc-arm-none-eabi-4_9-2015q1/bin/../lib/gcc/arm-none-eabi/4.9.3/../../../../arm-none-eabi/lib/armv6-m/libc_nano.a(lib_a-init.o)
                0x0000000000018164                __libc_init_array
 .text.memset   0x00000000000181b0       0x10 /usr/local/gcc-arm-none-eabi-4_9-2015q1/bin/../lib/gcc/arm-none-eabi/4.9.3/../../../../arm-none-eabi/lib/armv6-m/libc_nano.a(lib_a-memset.o)
                0x00000000000181b0                memset
 .text._exit    0x00000000000181c0        0x4 /usr/local/gcc-arm-none-eabi-4_9-2015q1/bin/../lib/gcc/arm-none-eabi/4.9.3/../../../../arm-none-eabi/lib/armv6-m/libnosys.a(_exit.o)
                0x00000000000181c0                _exit
 .text.detection_delay_timeout_handler
                0x00000000000181c4       0xa8 _build/app_button.o
 .text.gpiote_event_handler
                0x000000000001826c       0x5c _build/app_button.o
 .text.app_button_init
                0x00000000000182c8       0xb4 _build/app_button.o
                0x00000000000182c8                app_button_init
 .text.app_button_enable
                0x000000000001837c       0x30 _build/app_button.o
                0x000000000001837c                app_button_enable
 .text.app_error_handler
                0x00000000000183ac       0x18 _build/app_error.o
                0x00000000000183ac                app_error_handler
 .text.app_fifo_put
                0x00000000000183c4       0x28 _build/app_fifo.o
                0x00000000000183c4                app_fifo_put
 .text.app_fifo_get
                0x00000000000183ec       0x24 _build/app_fifo.o
                0x00000000000183ec                app_fifo_get
 .text.rtc1_stop
                0x0000000000018410       0x78 _build/app_timer.o
 .text.RTC1_IRQHandler
                0x0000000000018488       0xe4 _build/app_timer.o
                0x0000000000018488                RTC1_IRQHandler
 .text.SWI0_IRQHandler
                0x000000000001856c      0x510 _build/app_timer.o
                0x000000000001856c                SWI0_IRQHandler
 .text.app_timer_init
                0x0000000000018a7c      0x108 _build/app_timer.o
                0x0000000000018a7c                app_timer_init
 .text.app_timer_create
                0x0000000000018b84       0x68 _build/app_timer.o
                0x0000000000018b84                app_timer_create
 .text.app_timer_start
                0x0000000000018bec      0x11c _build/app_timer.o
                0x0000000000018bec                app_timer_start
 .text.app_timer_stop
                0x0000000000018d08       0xe8 _build/app_timer.o
                0x0000000000018d08                app_timer_stop
 .text.sensorsim_init
                0x0000000000018df0       0x18 _build/sensorsim.o
                0x0000000000018df0                sensorsim_init
 .text.sensorsim_measure
                0x0000000000018e08       0x40 _build/sensorsim.o
                0x0000000000018e08                sensorsim_measure
 .text.UART0_IRQHandler
                0x0000000000018e48      0x124 _build/app_uart_fifo.o
                0x0000000000018e48                UART0_IRQHandler
 .text.nrf_drv_common_irq_enable
                0x0000000000018f6c       0x80 _build/nrf_drv_common.o
                0x0000000000018f6c                nrf_drv_common_irq_enable
 .text.nrf_drv_gpiote_init
                0x0000000000018fec       0x74 _build/nrf_drv_gpiote.o
                0x0000000000018fec                nrf_drv_gpiote_init
 .text.nrf_drv_gpiote_is_init
                0x0000000000019060       0x10 _build/nrf_drv_gpiote.o
                0x0000000000019060                nrf_drv_gpiote_is_init
 .text.nrf_drv_gpiote_in_init
                0x0000000000019070      0x18c _build/nrf_drv_gpiote.o
                0x0000000000019070                nrf_drv_gpiote_in_init
 .text.nrf_drv_gpiote_in_event_enable
                0x00000000000191fc       0x9c _build/nrf_drv_gpiote.o
                0x00000000000191fc                nrf_drv_gpiote_in_event_enable
 .text.nrf_drv_gpiote_in_is_set
                0x0000000000019298       0x14 _build/nrf_drv_gpiote.o
                0x0000000000019298                nrf_drv_gpiote_in_is_set
 .text.GPIOTE_IRQHandler
                0x00000000000192ac      0x244 _build/nrf_drv_gpiote.o
                0x00000000000192ac                GPIOTE_IRQHandler
 .text.sd_flash_write
                0x00000000000194f0        0x4 _build/pstorage.o
 .text.sd_flash_page_erase
                0x00000000000194f4        0x4 _build/pstorage.o
 .text.swap_state_process
                0x00000000000194f8      0x1e0 _build/pstorage.o
 .text.cmd_process
                0x00000000000196d8      0x130 _build/pstorage.o
 .text.cmd_queue_enqueue
                0x0000000000019808       0x60 _build/pstorage.o
 .text.pstorage_sys_event_handler
                0x0000000000019868      0x170 _build/pstorage.o
                0x0000000000019868                pstorage_sys_event_handler
 .text.pstorage_init
                0x00000000000199d8      0x178 _build/pstorage.o
                0x00000000000199d8                pstorage_init
 .text.pstorage_register
                0x0000000000019b50      0x134 _build/pstorage.o
                0x0000000000019b50                pstorage_register
 .text.pstorage_block_identifier_get
                0x0000000000019c84       0x50 _build/pstorage.o
                0x0000000000019c84                pstorage_block_identifier_get
 .text.pstorage_store
                0x0000000000019cd4       0x88 _build/pstorage.o
                0x0000000000019cd4                pstorage_store
 .text.pstorage_update
                0x0000000000019d5c       0x88 _build/pstorage.o
                0x0000000000019d5c                pstorage_update
 .text.pstorage_load
                0x0000000000019de4       0xac _build/pstorage.o
                0x0000000000019de4                pstorage_load
 .text.pstorage_clear
                0x0000000000019e90       0x78 _build/pstorage.o
                0x0000000000019e90                pstorage_clear
 .text.pstorage_access_status_get
                0x0000000000019f08       0x28 _build/pstorage.o
                0x0000000000019f08                pstorage_access_status_get
 .text.alert_timer_handler
                0x0000000000019f30       0x28 _build/bsp.o
 .text.bsp_button_event_handler
                0x0000000000019f58       0xd0 _build/bsp.o
 .text.leds_timer_handler
                0x000000000001a028      0x2d4 _build/bsp.o
 .text.button_timer_handler
                0x000000000001a2fc       0x48 _build/bsp.o
 .text.bsp_button_is_pressed
                0x000000000001a344       0x2c _build/bsp.o
                0x000000000001a344                bsp_button_is_pressed
 .text.bsp_indication_set
                0x000000000001a370      0x354 _build/bsp.o
                0x000000000001a370                bsp_indication_set
 .text.bsp_init
                0x000000000001a6c4       0xc0 _build/bsp.o
                0x000000000001a6c4                bsp_init
 .text.bsp_event_to_button_action_assign
                0x000000000001a784       0x58 _build/bsp.o
                0x000000000001a784                bsp_event_to_button_action_assign
 .text.bsp_wakeup_buttons_set
                0x000000000001a7dc       0x8c _build/bsp.o
                0x000000000001a7dc                bsp_wakeup_buttons_set
 .text.bsp_btn_ble_sleep_mode_prepare
                0x000000000001a868       0x18 _build/bsp_btn_ble.o
                0x000000000001a868                bsp_btn_ble_sleep_mode_prepare
 .text.bsp_btn_ble_on_ble_evt
                0x000000000001a880       0xbc _build/bsp_btn_ble.o
                0x000000000001a880                bsp_btn_ble_on_ble_evt
 .text.bsp_btn_ble_init
                0x000000000001a93c       0x9c _build/bsp_btn_ble.o
                0x000000000001a93c                bsp_btn_ble_init
 .text.sd_ble_gap_disconnect
                0x000000000001a9d8        0x4 _build/main.o
 .text.sd_ble_gap_appearance_set
                0x000000000001a9dc        0x4 _build/main.o
 .text.sd_ble_gap_ppcp_set
                0x000000000001a9e0        0x4 _build/main.o
 .text.sd_ble_gap_device_name_set
                0x000000000001a9e4        0x4 _build/main.o
 .text.sd_ble_enable
                0x000000000001a9e8        0x4 _build/main.o
 .text.sd_power_system_off
                0x000000000001a9ec        0x4 _build/main.o
 .text.sd_app_evt_wait
                0x000000000001a9f0        0x4 _build/main.o
 .text.conn_params_error_handler
                0x000000000001a9f4        0xc _build/main.o
 .text.sensor_contact_detected_timeout_handler
                0x000000000001aa00       0x1c _build/main.o
 .text.heart_rate_meas_timeout_handler
                0x000000000001aa1c       0x64 _build/main.o
 .text.battery_level_meas_timeout_handler
                0x000000000001aa80       0x44 _build/main.o
 .text.sys_evt_dispatch
                0x000000000001aac4       0x10 _build/main.o
 .text.device_manager_evt_handler
                0x000000000001aad4       0x14 _build/main.o
 .text.on_conn_params_evt
                0x000000000001aae8       0x28 _build/main.o
 .text.ble_evt_dispatch
                0x000000000001ab10       0x64 _build/main.o
 .text.bsp_event_handler
                0x000000000001ab74       0x68 _build/main.o
                0x000000000001ab74                bsp_event_handler
 .text.rr_interval_timeout_handler
                0x000000000001abdc       0x2c _build/main.o
 .text.on_adv_evt
                0x000000000001ac08       0x4c _build/main.o
 .text.assert_nrf_callback
                0x000000000001ac54       0x14 _build/main.o
                0x000000000001ac54                assert_nrf_callback
 .text.startup.main
                0x000000000001ac68      0x4d0 _build/main.o
                0x000000000001ac68                main
 .text.sd_ble_gap_adv_data_set
                0x000000000001b138        0x4 _build/ble_advdata.o
 .text.sd_ble_gap_appearance_get
                0x000000000001b13c        0x4 _build/ble_advdata.o
 .text.sd_ble_gap_device_name_get
                0x000000000001b140        0x4 _build/ble_advdata.o
 .text.sd_ble_uuid_encode
                0x000000000001b144        0x4 _build/ble_advdata.o
 .text.uuid_list_sized_encode
                0x000000000001b148       0xdc _build/ble_advdata.o
 .text.ble_advdata_set
                0x000000000001b224      0x77c _build/ble_advdata.o
                0x000000000001b224                ble_advdata_set
 .text.sd_ble_gap_adv_start
                0x000000000001b9a0        0x4 _build/ble_advertising.o
 .text.sd_ble_gap_adv_stop
                0x000000000001b9a4        0x4 _build/ble_advertising.o
 .text.ble_advertising_init
                0x000000000001b9a8      0x17c _build/ble_advertising.o
                0x000000000001b9a8                ble_advertising_init
 .text.ble_advertising_start
                0x000000000001bb24      0x240 _build/ble_advertising.o
                0x000000000001bb24                ble_advertising_start
 .text.ble_advertising_on_ble_evt
                0x000000000001bd64       0xe4 _build/ble_advertising.o
                0x000000000001bd64                ble_advertising_on_ble_evt
 .text.ble_advertising_on_sys_evt
                0x000000000001be48      0x250 _build/ble_advertising.o
                0x000000000001be48                ble_advertising_on_sys_evt
 .text.ble_advertising_restart_without_whitelist
                0x000000000001c098      0x280 _build/ble_advertising.o
                0x000000000001c098                ble_advertising_restart_without_whitelist
 .text.sd_ble_gatts_service_add
                0x000000000001c318        0x4 _build/ble_bas.o
 .text.sd_ble_gatts_characteristic_add
                0x000000000001c31c        0x4 _build/ble_bas.o
 .text.sd_ble_gatts_descriptor_add
                0x000000000001c320        0x4 _build/ble_bas.o
 .text.sd_ble_gatts_value_set
                0x000000000001c324        0x4 _build/ble_bas.o
 .text.sd_ble_gatts_hvx
                0x000000000001c328        0x4 _build/ble_bas.o
 .text.ble_bas_on_ble_evt
                0x000000000001c32c       0x5c _build/ble_bas.o
                0x000000000001c32c                ble_bas_on_ble_evt
 .text.ble_bas_init
                0x000000000001c388      0x1d0 _build/ble_bas.o
                0x000000000001c388                ble_bas_init
 .text.ble_bas_battery_level_update
                0x000000000001c558       0x84 _build/ble_bas.o
                0x000000000001c558                ble_bas_battery_level_update
 .text.sd_ble_gap_conn_param_update
                0x000000000001c5dc        0x4 _build/ble_conn_params.o
 .text.sd_ble_gap_disconnect
                0x000000000001c5e0        0x4 _build/ble_conn_params.o
 .text.sd_ble_gap_ppcp_set
                0x000000000001c5e4        0x4 _build/ble_conn_params.o
 .text.sd_ble_gap_ppcp_get
                0x000000000001c5e8        0x4 _build/ble_conn_params.o
 .text.update_timeout_handler
                0x000000000001c5ec       0x78 _build/ble_conn_params.o
 .text.conn_params_negotiation
                0x000000000001c664       0x8c _build/ble_conn_params.o
 .text.ble_conn_params_init
                0x000000000001c6f0       0x78 _build/ble_conn_params.o
                0x000000000001c6f0                ble_conn_params_init
 .text.ble_conn_params_on_ble_evt
                0x000000000001c768       0xb0 _build/ble_conn_params.o
                0x000000000001c768                ble_conn_params_on_ble_evt
 .text.sd_ble_gatts_service_add
                0x000000000001c818        0x4 _build/ble_dis.o
 .text.sd_ble_gatts_characteristic_add
                0x000000000001c81c        0x4 _build/ble_dis.o
 .text.char_add
                0x000000000001c820       0xd0 _build/ble_dis.o
 .text.ble_dis_init
                0x000000000001c8f0      0x2ec _build/ble_dis.o
                0x000000000001c8f0                ble_dis_init
 .text.sd_ble_gatts_service_add
                0x000000000001cbdc        0x4 _build/ble_hrs.o
 .text.sd_ble_gatts_characteristic_add
                0x000000000001cbe0        0x4 _build/ble_hrs.o
 .text.sd_ble_gatts_hvx
                0x000000000001cbe4        0x4 _build/ble_hrs.o
 .text.ble_hrs_on_ble_evt
                0x000000000001cbe8       0x54 _build/ble_hrs.o
                0x000000000001cbe8                ble_hrs_on_ble_evt
 .text.ble_hrs_init
                0x000000000001cc3c      0x2d4 _build/ble_hrs.o
                0x000000000001cc3c                ble_hrs_init
 .text.ble_hrs_heart_rate_measurement_send
                0x000000000001cf10      0x118 _build/ble_hrs.o
                0x000000000001cf10                ble_hrs_heart_rate_measurement_send
 .text.ble_hrs_rr_interval_add
                0x000000000001d028       0x34 _build/ble_hrs.o
                0x000000000001d028                ble_hrs_rr_interval_add
 .text.ble_hrs_sensor_contact_detected_update
                0x000000000001d05c        0x8 _build/ble_hrs.o
                0x000000000001d05c                ble_hrs_sensor_contact_detected_update
 .text.ble_srv_report_ref_encode
                0x000000000001d064        0xc _build/ble_srv_common.o
                0x000000000001d064                ble_srv_report_ref_encode
 .text.ble_srv_ascii_to_utf8
                0x000000000001d070       0x14 _build/ble_srv_common.o
                0x000000000001d070                ble_srv_ascii_to_utf8
 .text.sd_ble_gap_sec_params_reply
                0x000000000001d084        0x4 _build/device_manager_peripheral.o
 .text.sd_ble_gap_sec_info_reply
                0x000000000001d088        0x4 _build/device_manager_peripheral.o
 .text.sd_ble_gatts_service_changed
                0x000000000001d08c        0x4 _build/device_manager_peripheral.o
 .text.sd_ble_gatts_sys_attr_set
                0x000000000001d090        0x4 _build/device_manager_peripheral.o
 .text.sd_ble_gatts_sys_attr_get
                0x000000000001d094        0x4 _build/device_manager_peripheral.o
 .text.storage_operation_dummy_handler
                0x000000000001d098        0x4 _build/device_manager_peripheral.o
 .text.no_service_context_store
                0x000000000001d09c        0x4 _build/device_manager_peripheral.o
 .text.gattc_context_store
                0x000000000001d0a0        0x4 _build/device_manager_peripheral.o
 .text.no_service_context_load
                0x000000000001d0a4        0x4 _build/device_manager_peripheral.o
 .text.gattc_context_load
                0x000000000001d0a8        0x4 _build/device_manager_peripheral.o
 .text.no_service_context_apply
                0x000000000001d0ac        0x4 _build/device_manager_peripheral.o
 .text.gattc_context_apply
                0x000000000001d0b0        0x4 _build/device_manager_peripheral.o
 .text.gatts_context_apply
                0x000000000001d0b4       0xec _build/device_manager_peripheral.o
 .text.gatts_context_store
                0x000000000001d1a0       0xd4 _build/device_manager_peripheral.o
 .text.gatts_context_load
                0x000000000001d274       0x3c _build/device_manager_peripheral.o
 .text.dm_pstorage_cb_handler
                0x000000000001d2b0      0x164 _build/device_manager_peripheral.o
 .text.gattsc_context_load
                0x000000000001d414       0x3c _build/device_manager_peripheral.o
 .text.gattsc_context_apply
                0x000000000001d450       0xe4 _build/device_manager_peripheral.o
 .text.gattsc_context_store
                0x000000000001d534       0xd4 _build/device_manager_peripheral.o
 .text.dm_init  0x000000000001d608      0x14c _build/device_manager_peripheral.o
                0x000000000001d608                dm_init
 .text.dm_register
                0x000000000001d754       0x7c _build/device_manager_peripheral.o
                0x000000000001d754                dm_register
 .text.bond_data_load
                0x000000000001d7d0       0x50 _build/device_manager_peripheral.o
                0x000000000001d7d0                bond_data_load
 .text.dm_ble_evt_handler
                0x000000000001d820      0x6d0 _build/device_manager_peripheral.o
                0x000000000001d820                dm_ble_evt_handler
 .text.SystemInit
                0x000000000001def0       0x9c _build/system_nrf51.o
                0x000000000001def0                SystemInit
 .text.sd_nvic_EnableIRQ
                0x000000000001df8c        0x4 _build/softdevice_handler.o
 .text.sd_evt_get
                0x000000000001df90        0x4 _build/softdevice_handler.o
 .text.sd_softdevice_enable
                0x000000000001df94        0x4 _build/softdevice_handler.o
 .text.sd_ble_evt_get
                0x000000000001df98        0x4 _build/softdevice_handler.o
 .text.softdevice_assertion_handler
                0x000000000001df9c        0xc _build/softdevice_handler.o
                0x000000000001df9c                softdevice_assertion_handler
 .text.intern_softdevice_events_execute.part.0
                0x000000000001dfa8       0xe0 _build/softdevice_handler.o
 .text.softdevice_handler_init
                0x000000000001e088       0x4c _build/softdevice_handler.o
                0x000000000001e088                softdevice_handler_init
 .text.softdevice_ble_evt_handler_set
                0x000000000001e0d4       0x14 _build/softdevice_handler.o
                0x000000000001e0d4                softdevice_ble_evt_handler_set
 .text.softdevice_sys_evt_handler_set
                0x000000000001e0e8       0x14 _build/softdevice_handler.o
                0x000000000001e0e8                softdevice_sys_evt_handler_set
 .text.SWI2_IRQHandler
                0x000000000001e0fc       0x34 _build/softdevice_handler.o
                0x000000000001e0fc                SWI2_IRQHandler
 .text          0x000000000001e130       0x54 _build/gcc_startup_nrf51.o
                0x000000000001e130                Reset_Handler
                0x000000000001e178                NMI_Handler
                0x000000000001e17a                HardFault_Handler
                0x000000000001e17c                SVC_Handler
                0x000000000001e17e                PendSV_Handler
                0x000000000001e180                SysTick_Handler
                0x000000000001e182                SWI4_IRQHandler
                0x000000000001e182                TEMP_IRQHandler
                0x000000000001e182                QDEC_IRQHandler
                0x000000000001e182                SWI5_IRQHandler
                0x000000000001e182                TIMER0_IRQHandler
                0x000000000001e182                TIMER1_IRQHandler
                0x000000000001e182                ECB_IRQHandler
                0x000000000001e182                Default_Handler
                0x000000000001e182                ADC_IRQHandler
                0x000000000001e182                SWI3_IRQHandler
                0x000000000001e182                CCM_AAR_IRQHandler
                0x000000000001e182                WDT_IRQHandler
                0x000000000001e182                RNG_IRQHandler
                0x000000000001e182                SPI1_TWI1_IRQHandler
                0x000000000001e182                TIMER2_IRQHandler
                0x000000000001e182                SWI1_IRQHandler
                0x000000000001e182                SPI0_TWI0_IRQHandler
                0x000000000001e182                RTC0_IRQHandler
                0x000000000001e182                POWER_CLOCK_IRQHandler
                0x000000000001e182                RADIO_IRQHandler
                0x000000000001e182                LPCOMP_IRQHandler
 .text          0x000000000001e184      0x120 /usr/local/gcc-arm-none-eabi-4_9-2015q1/bin/../lib/gcc/arm-none-eabi/4.9.3/armv6-m/libgcc.a(_udivsi3.o)
                0x000000000001e184                __udivsi3
                0x000000000001e184                __aeabi_uidiv
                0x000000000001e290                __aeabi_uidivmod
 .text          0x000000000001e2a4        0x4 /usr/local/gcc-arm-none-eabi-4_9-2015q1/bin/../lib/gcc/arm-none-eabi/4.9.3/armv6-m/libgcc.a(_dvmd_tls.o)
                0x000000000001e2a4                __aeabi_ldiv0
                0x000000000001e2a4                __aeabi_idiv0
 .text.memcmp   0x000000000001e2a8       0x1e /usr/local/gcc-arm-none-eabi-4_9-2015q1/bin/../lib/gcc/arm-none-eabi/4.9.3/../../../../arm-none-eabi/lib/armv6-m/libc_nano.a(lib_a-memcmp.o)
                0x000000000001e2a8                memcmp
 .text.memcpy   0x000000000001e2c6       0x12 /usr/local/gcc-arm-none-eabi-4_9-2015q1/bin/../lib/gcc/arm-none-eabi/4.9.3/../../../../arm-none-eabi/lib/armv6-m/libc_nano.a(lib_a-memcpy.o)
                0x000000000001e2c6                memcpy
 .text.memmove  0x000000000001e2d8       0x28 /usr/local/gcc-arm-none-eabi-4_9-2015q1/bin/../lib/gcc/arm-none-eabi/4.9.3/../../../../arm-none-eabi/lib/armv6-m/libc_nano.a(lib_a-memmove.o)
                0x000000000001e2d8                memmove
 .text.strlen   0x000000000001e300        0xe /usr/local/gcc-arm-none-eabi-4_9-2015q1/bin/../lib/gcc/arm-none-eabi/4.9.3/../../../../arm-none-eabi/lib/armv6-m/libc_nano.a(lib_a-strlen.o)
                0x000000000001e300                strlen
 *(.init)
 *fill*         0x000000000001e30e        0x2 
 .init          0x000000000001e310        0x4 /usr/local/gcc-arm-none-eabi-4_9-2015q1/bin/../lib/gcc/arm-none-eabi/4.9.3/armv6-m/crti.o
                0x000000000001e310                _init
 .init          0x000000000001e314        0x8 /usr/local/gcc-arm-none-eabi-4_9-2015q1/bin/../lib/gcc/arm-none-eabi/4.9.3/armv6-m/crtn.o
 *(.fini)
 .fini          0x000000000001e31c        0x4 /usr/local/gcc-arm-none-eabi-4_9-2015q1/bin/../lib/gcc/arm-none-eabi/4.9.3/armv6-m/crti.o
                0x000000000001e31c                _fini
 .fini          0x000000000001e320        0x8 /usr/local/gcc-arm-none-eabi-4_9-2015q1/bin/../lib/gcc/arm-none-eabi/4.9.3/armv6-m/crtn.o
 *crtbegin.o(.ctors)
 *crtbegin?.o(.ctors)
 *(EXCLUDE_FILE(*crtend.o *crtend?.o) .ctors)
 *(SORT(.ctors.*))
 *(.ctors)
 *crtbegin.o(.dtors)
 *crtbegin?.o(.dtors)
 *(EXCLUDE_FILE(*crtend.o *crtend?.o) .dtors)
 *(SORT(.dtors.*))
 *(.dtors)
 *(.rodata*)
 .rodata.str1.1
                0x000000000001e328        0x2 /usr/local/gcc-arm-none-eabi-4_9-2015q1/bin/../lib/gcc/arm-none-eabi/4.9.3/../../../../arm-none-eabi/lib/armv6-m/libc_nano.a(lib_a-impure.o)
 *fill*         0x000000000001e32a        0x2 
 .rodata._global_impure_ptr
                0x000000000001e32c        0x4 /usr/local/gcc-arm-none-eabi-4_9-2015q1/bin/../lib/gcc/arm-none-eabi/4.9.3/../../../../arm-none-eabi/lib/armv6-m/libc_nano.a(lib_a-impure.o)
                0x000000000001e32c                _global_impure_ptr
 .rodata.swap_state_process
                0x000000000001e330       0x1c _build/pstorage.o
 .rodata.leds_timer_handler
                0x000000000001e34c       0x60 _build/bsp.o
 .rodata.bsp_indication_set
                0x000000000001e3ac       0x60 _build/bsp.o
 .rodata.m_buttons_list
                0x000000000001e40c       0x10 _build/bsp.o
 .rodata.app_buttons
                0x000000000001e41c       0x20 _build/bsp.o
 .rodata.str1.4
                0x000000000001e43c       0x20 _build/main.o
 .rodata.dm_ble_evt_handler
                0x000000000001e45c      0x108 _build/device_manager_peripheral.o
 .rodata.m_service_context_store
                0x000000000001e564       0x10 _build/device_manager_peripheral.o
                0x000000000001e564                m_service_context_store
 .rodata.m_service_context_load
                0x000000000001e574       0x10 _build/device_manager_peripheral.o
                0x000000000001e574                m_service_context_load
 .rodata.m_service_context_apply
                0x000000000001e584       0x10 _build/device_manager_peripheral.o
                0x000000000001e584                m_service_context_apply
 .rodata.m_context_init_len
                0x000000000001e594        0x4 _build/device_manager_peripheral.o
                0x000000000001e594                m_context_init_len
 *(.eh_frame*)
                0x000000000001e598                . = ALIGN (0x4)

.glue_7         0x000000000001e598        0x0
 .glue_7        0x0000000000000000        0x0 linker stubs

.glue_7t        0x000000000001e598        0x0
 .glue_7t       0x0000000000000000        0x0 linker stubs

.vfp11_veneer   0x000000000001e598        0x0
 .vfp11_veneer  0x0000000000000000        0x0 linker stubs

.v4_bx          0x000000000001e598        0x0
 .v4_bx         0x0000000000000000        0x0 linker stubs

.iplt           0x000000000001e598        0x0
 .iplt          0x0000000000000000        0x0 /usr/local/gcc-arm-none-eabi-4_9-2015q1/bin/../lib/gcc/arm-none-eabi/4.9.3/armv6-m/crtbegin.o

.ARM.extab      0x000000000001e598        0x0
 *(.ARM.extab* .gnu.linkonce.armextab.*)
                0x000000000001e598                . = ALIGN (0x4)
                0x000000000001e598                __exidx_start = .

.ARM.exidx      0x000000000001e598        0x8
 *(.ARM.exidx* .gnu.linkonce.armexidx.*)
 .ARM.exidx     0x000000000001e598        0x8 /usr/local/gcc-arm-none-eabi-4_9-2015q1/bin/../lib/gcc/arm-none-eabi/4.9.3/../../../../arm-none-eabi/lib/armv6-m/crt0.o
 .ARM.exidx     0x000000000001e5a0        0x0 _build/gcc_startup_nrf51.o
                                          0x8 (size before relaxing)
                0x000000000001e5a0                . = ALIGN (0x4)
                0x000000000001e5a0                __exidx_end = .
                0x000000000001e5a0                __etext = .

.rel.dyn        0x000000000001e5a0        0x0
 .rel.iplt      0x0000000000000000        0x0 /usr/local/gcc-arm-none-eabi-4_9-2015q1/bin/../lib/gcc/arm-none-eabi/4.9.3/armv6-m/crtbegin.o

.data           0x0000000020002000       0x74 load address 0x000000000001e5a0
                0x0000000020002000                __data_start__ = .
 *(vtable)
 *(.data*)
 .data.impure_data
                0x0000000020002000       0x60 /usr/local/gcc-arm-none-eabi-4_9-2015q1/bin/../lib/gcc/arm-none-eabi/4.9.3/../../../../arm-none-eabi/lib/armv6-m/libc_nano.a(lib_a-impure.o)
 .data.m_rr_interval_enabled
                0x0000000020002060        0x1 _build/main.o
 *fill*         0x0000000020002061        0x1 
 .data.m_conn_handle
                0x0000000020002062        0x2 _build/main.o
 .data.m_adv_uuids
                0x0000000020002064        0xc _build/main.o
 .data.current_slave_link_conn_handle.7162
                0x0000000020002070        0x2 _build/ble_advertising.o
                0x0000000020002074                . = ALIGN (0x4)
 *fill*         0x0000000020002072        0x2 
                0x0000000020002074                PROVIDE (__preinit_array_start, .)
 *(.preinit_array)
                0x0000000020002074                PROVIDE (__preinit_array_end, .)
                0x0000000020002074                . = ALIGN (0x4)
                0x0000000020002074                PROVIDE (__init_array_start, .)
 *(SORT(.init_array.*))
 *(.init_array)
                0x0000000020002074                PROVIDE (__init_array_end, .)
                0x0000000020002074                . = ALIGN (0x4)
                0x0000000020002074                PROVIDE (__fini_array_start, .)
 *(SORT(.fini_array.*))
 *(.fini_array)
                0x0000000020002074                PROVIDE (__fini_array_end, .)
 *(.jcr)
                0x0000000020002074                . = ALIGN (0x4)
                0x0000000020002074                __data_end__ = .

.igot.plt       0x0000000020002074        0x0 load address 0x000000000001e614
 .igot.plt      0x0000000000000000        0x0 /usr/local/gcc-arm-none-eabi-4_9-2015q1/bin/../lib/gcc/arm-none-eabi/4.9.3/armv6-m/crtbegin.o

.bss            0x0000000020002074      0x92c load address 0x000000000001e614
                0x0000000020002074                . = ALIGN (0x4)
                0x0000000020002074                __bss_start__ = .
 *(.bss*)
 .bss.m_detection_delay
                0x0000000020002074        0x4 _build/app_button.o
 .bss.mp_buttons
                0x0000000020002078        0x4 _build/app_button.o
 .bss.m_button_count
                0x000000002000207c        0x1 _build/app_button.o
 *fill*         0x000000002000207d        0x3 
 .bss.m_pin_state
                0x0000000020002080        0x4 _build/app_button.o
 .bss.m_detection_delay_timer_id
                0x0000000020002084        0x4 _build/app_button.o
 .bss.m_pin_transition
                0x0000000020002088        0x4 _build/app_button.o
 .bss.m_ticks_latest
                0x000000002000208c        0x4 _build/app_timer.o
 .bss.m_evt_schedule_func
                0x0000000020002090        0x4 _build/app_timer.o
 .bss.mp_nodes  0x0000000020002094        0x4 _build/app_timer.o
 .bss.m_user_array_size
                0x0000000020002098        0x1 _build/app_timer.o
 *fill*         0x0000000020002099        0x3 
 .bss.mp_users  0x000000002000209c        0x4 _build/app_timer.o
 .bss.m_ticks_elapsed_q_read_ind
                0x00000000200020a0        0x1 _build/app_timer.o
 .bss.m_ticks_elapsed_q_write_ind
                0x00000000200020a1        0x1 _build/app_timer.o
 .bss.m_node_array_size
                0x00000000200020a2        0x1 _build/app_timer.o
 *fill*         0x00000000200020a3        0x1 
 .bss.m_timer_id_head
                0x00000000200020a4        0x4 _build/app_timer.o
 .bss.m_rtc1_reset
                0x00000000200020a8        0x1 _build/app_timer.o
 *fill*         0x00000000200020a9        0x3 
 .bss.m_ticks_elapsed
                0x00000000200020ac        0x8 _build/app_timer.o
 .bss.m_rtc1_running
                0x00000000200020b4        0x1 _build/app_timer.o
 *fill*         0x00000000200020b5        0x3 
 .bss.m_event_handler
                0x00000000200020b8        0x4 _build/app_uart_fifo.o
 .bss.m_tx_fifo
                0x00000000200020bc       0x10 _build/app_uart_fifo.o
 .bss.m_current_state
                0x00000000200020cc        0x1 _build/app_uart_fifo.o
 *fill*         0x00000000200020cd        0x3 
 .bss.m_rx_fifo
                0x00000000200020d0       0x10 _build/app_uart_fifo.o
 .bss.m_cb      0x00000000200020e0       0x54 _build/nrf_drv_gpiote.o
 .bss.m_cmd_queue
                0x0000000020002134       0xcc _build/pstorage.o
 .bss.m_app_table
                0x0000000020002200       0x10 _build/pstorage.o
 .bss.m_next_app_instance
                0x0000000020002210        0x2 _build/pstorage.o
 *fill*         0x0000000020002212        0x2 
 .bss.m_next_page_addr
                0x0000000020002214        0x4 _build/pstorage.o
 .bss.m_module_initialized
                0x0000000020002218        0x1 _build/pstorage.o
 .bss.m_swap_state
                0x0000000020002219        0x1 _build/pstorage.o
 .bss.m_round_val
                0x000000002000221a        0x2 _build/pstorage.o
 .bss.current_long_push_pin_no.5928
                0x000000002000221c        0x1 _build/bsp.o
 *fill*         0x000000002000221d        0x3 
 .bss.m_indication_type
                0x0000000020002220        0x4 _build/bsp.o
 .bss.m_button_timer_id
                0x0000000020002224        0x4 _build/bsp.o
 .bss.release_event_at_push.5929
                0x0000000020002228        0x4 _build/bsp.o
 .bss.m_app_ticks_per_100ms
                0x000000002000222c        0x4 _build/bsp.o
 .bss.m_alert_timer_id
                0x0000000020002230        0x4 _build/bsp.o
 .bss.m_registered_callback
                0x0000000020002234        0x4 _build/bsp.o
 .bss.m_stable_state
                0x0000000020002238        0x1 _build/bsp.o
 *fill*         0x0000000020002239        0x3 
 .bss.m_leds_timer_id
                0x000000002000223c        0x4 _build/bsp.o
 .bss.m_events_list
                0x0000000020002240        0xc _build/bsp.o
 .bss.m_error_handler
                0x000000002000224c        0x4 _build/bsp_btn_ble.o
 .bss.m_num_connections
                0x0000000020002250        0x4 _build/bsp_btn_ble.o
 .bss.APP_TIMER_BUF.8299
                0x0000000020002254      0x330 _build/main.o
 .bss.m_heart_rate_sim_state
                0x0000000020002584        0x8 _build/main.o
 .bss.m_rr_interval_sim_state
                0x000000002000258c        0x8 _build/main.o
 .bss.BLE_EVT_BUFFER.8386
                0x0000000020002594       0x48 _build/main.o
 .bss.cnt.8284  0x00000000200025dc        0x4 _build/main.o
 .bss.m_battery_sim_state
                0x00000000200025e0        0x8 _build/main.o
 .bss.m_battery_sim_cfg
                0x00000000200025e8       0x10 _build/main.o
 .bss.m_app_handle
                0x00000000200025f8        0x1 _build/main.o
 *fill*         0x00000000200025f9        0x3 
 .bss.m_battery_timer_id
                0x00000000200025fc        0x4 _build/main.o
 .bss.m_heart_rate_sim_cfg
                0x0000000020002600       0x10 _build/main.o
 .bss.m_hrs     0x0000000020002610       0x50 _build/main.o
 .bss.m_rr_interval_timer_id
                0x0000000020002660        0x4 _build/main.o
 .bss.m_heart_rate_timer_id
                0x0000000020002664        0x4 _build/main.o
 .bss.sensor_contact_detected.8294
                0x0000000020002668        0x1 _build/main.o
 *fill*         0x0000000020002669        0x3 
 .bss.m_rr_interval_sim_cfg
                0x000000002000266c       0x10 _build/main.o
 .bss.m_sensor_contact_timer_id
                0x000000002000267c        0x4 _build/main.o
 .bss.m_bas     0x0000000020002680       0x18 _build/main.o
 .bss.m_advdata
                0x0000000020002698       0x30 _build/ble_advertising.o
 .bss.m_manuf_specific_data
                0x00000000200026c8        0xc _build/ble_advertising.o
 .bss.m_evt_handler
                0x00000000200026d4        0x4 _build/ble_advertising.o
 .bss.m_manuf_data_array
                0x00000000200026d8       0x20 _build/ble_advertising.o
 .bss.m_whitelist_temporarily_disabled
                0x00000000200026f8        0x1 _build/ble_advertising.o
 *fill*         0x00000000200026f9        0x3 
 .bss.m_error_handler
                0x00000000200026fc        0x4 _build/ble_advertising.o
 .bss.m_peer_address
                0x0000000020002700        0x8 _build/ble_advertising.o
 .bss.m_adv_modes_config
                0x0000000020002708       0x20 _build/ble_advertising.o
 .bss.mp_whitelist_addr
                0x0000000020002728       0x20 _build/ble_advertising.o
 .bss.m_tx_power_level
                0x0000000020002748        0x1 _build/ble_advertising.o
 *fill*         0x0000000020002749        0x3 
 .bss.m_whitelist
                0x000000002000274c       0x10 _build/ble_advertising.o
 .bss.m_service_data_array
                0x000000002000275c       0x20 _build/ble_advertising.o
 .bss.m_peer_addr_reply_expected
                0x000000002000277c        0x1 _build/ble_advertising.o
 .bss.m_whitelist_reply_expected
                0x000000002000277d        0x1 _build/ble_advertising.o
 .bss.m_direct_adv_cnt
                0x000000002000277e        0x1 _build/ble_advertising.o
 *fill*         0x000000002000277f        0x1 
 .bss.mp_whitelist_irk
                0x0000000020002780       0x20 _build/ble_advertising.o
 .bss.m_adv_mode_current
                0x00000000200027a0        0x1 _build/ble_advertising.o
 .bss.m_advertising_start_pending
                0x00000000200027a1        0x1 _build/ble_advertising.o
 *fill*         0x00000000200027a2        0x2 
 .bss.m_slave_conn_int
                0x00000000200027a4        0x4 _build/ble_advertising.o
 .bss.m_service_data
                0x00000000200027a8        0xc _build/ble_advertising.o
 .bss.m_adv_evt
                0x00000000200027b4        0x1 _build/ble_advertising.o
 .bss.m_change_param
                0x00000000200027b5        0x1 _build/ble_conn_params.o
 *fill*         0x00000000200027b6        0x2 
 .bss.m_current_conn_params
                0x00000000200027b8        0x8 _build/ble_conn_params.o
 .bss.m_update_count
                0x00000000200027c0        0x1 _build/ble_conn_params.o
 *fill*         0x00000000200027c1        0x3 
 .bss.m_conn_params_config
                0x00000000200027c4       0x1c _build/ble_conn_params.o
 .bss.m_conn_params_timer_id
                0x00000000200027e0        0x4 _build/ble_conn_params.o
 .bss.m_conn_handle
                0x00000000200027e4        0x2 _build/ble_conn_params.o
 *fill*         0x00000000200027e6        0x2 
 .bss.m_preferred_conn_params
                0x00000000200027e8        0x8 _build/ble_conn_params.o
 .bss.sw_rev_handles
                0x00000000200027f0        0x8 _build/ble_dis.o
 .bss.model_num_handles
                0x00000000200027f8        0x8 _build/ble_dis.o
 .bss.sys_id_handles
                0x0000000020002800        0x8 _build/ble_dis.o
 .bss.manufact_name_handles
                0x0000000020002808        0x8 _build/ble_dis.o
 .bss.reg_cert_data_list_handles
                0x0000000020002810        0x8 _build/ble_dis.o
 .bss.pnp_id_handles
                0x0000000020002818        0x8 _build/ble_dis.o
 .bss.hw_rev_handles
                0x0000000020002820        0x8 _build/ble_dis.o
 .bss.serial_num_handles
                0x0000000020002828        0x8 _build/ble_dis.o
 .bss.fw_rev_handles
                0x0000000020002830        0x8 _build/ble_dis.o
 .bss.service_handle
                0x0000000020002838        0x2 _build/ble_dis.o
 *fill*         0x000000002000283a        0x2 
 .bss.m_app_context_table
                0x000000002000283c       0x1c _build/device_manager_peripheral.o
 .bss.m_irk_index_table
                0x0000000020002858        0x8 _build/device_manager_peripheral.o
 .bss.m_module_initialized
                0x0000000020002860        0x1 _build/device_manager_peripheral.o
 *fill*         0x0000000020002861        0x3 
 .bss.m_connection_table
                0x0000000020002864        0xc _build/device_manager_peripheral.o
 .bss.m_peer_table
                0x0000000020002870       0xc4 _build/device_manager_peripheral.o
 .bss.m_storage_handle
                0x0000000020002934        0x8 _build/device_manager_peripheral.o
 .bss.m_bond_table
                0x000000002000293c       0x1c _build/device_manager_peripheral.o
 .bss.m_gatts_table
                0x0000000020002958       0x24 _build/device_manager_peripheral.o
 .bss.m_peer_addr_update
                0x000000002000297c        0x4 _build/device_manager_peripheral.o
 .bss.m_application_table
                0x0000000020002980        0xc _build/device_manager_peripheral.o
 .bss.m_softdevice_enabled
                0x000000002000298c        0x1 _build/softdevice_handler.o
 *fill*         0x000000002000298d        0x1 
 .bss.m_ble_evt_buffer_size
                0x000000002000298e        0x2 _build/softdevice_handler.o
 .bss.mp_ble_evt_buffer
                0x0000000020002990        0x4 _build/softdevice_handler.o
 .bss.m_sys_evt_handler
                0x0000000020002994        0x4 _build/softdevice_handler.o
 .bss.m_ble_evt_handler
                0x0000000020002998        0x4 _build/softdevice_handler.o
 .bss.m_evt_schedule_func
                0x000000002000299c        0x4 _build/softdevice_handler.o
 *(COMMON)
                0x00000000200029a0                . = ALIGN (0x4)
                0x00000000200029a0                __bss_end__ = .

.heap           0x00000000200029a0      0x800
                0x00000000200029a0                __end__ = .
                0x00000000200029a0                end = __end__
 *(.heap*)
 .heap          0x00000000200029a0      0x800 _build/gcc_startup_nrf51.o
                0x00000000200029a0                __HeapBase
                0x00000000200031a0                __HeapLimit = .

.stack_dummy    0x00000000200029a0      0x800
 *(.stack*)
 .stack         0x00000000200029a0      0x800 _build/gcc_startup_nrf51.o
                0x0000000020008000                __StackTop = (ORIGIN (RAM) + 0x6000)
                0x0000000020007800                __StackLimit = (__StackTop - SIZEOF (.stack_dummy))
                0x0000000020008000                PROVIDE (__stack, __StackTop)
                0x0000000000000001                ASSERT ((__StackLimit >= __HeapLimit), region RAM overflowed with stack)
OUTPUT(_build/nrf51422_xxac_s110.out elf32-littlearm)

.ARM.attributes
                0x0000000000000000       0x28
 .ARM.attributes
                0x0000000000000000       0x1e /usr/local/gcc-arm-none-eabi-4_9-2015q1/bin/../lib/gcc/arm-none-eabi/4.9.3/armv6-m/crti.o
 .ARM.attributes
                0x000000000000001e       0x1b /usr/local/gcc-arm-none-eabi-4_9-2015q1/bin/../lib/gcc/arm-none-eabi/4.9.3/../../../../arm-none-eabi/lib/armv6-m/crt0.o
 .ARM.attributes
                0x0000000000000039       0x2c /usr/local/gcc-arm-none-eabi-4_9-2015q1/bin/../lib/gcc/arm-none-eabi/4.9.3/../../../../arm-none-eabi/lib/armv6-m/libc_nano.a(lib_a-exit.o)
 .ARM.attributes
                0x0000000000000065       0x2c /usr/local/gcc-arm-none-eabi-4_9-2015q1/bin/../lib/gcc/arm-none-eabi/4.9.3/../../../../arm-none-eabi/lib/armv6-m/libc_nano.a(lib_a-impure.o)
 .ARM.attributes
                0x0000000000000091       0x2c /usr/local/gcc-arm-none-eabi-4_9-2015q1/bin/../lib/gcc/arm-none-eabi/4.9.3/../../../../arm-none-eabi/lib/armv6-m/libc_nano.a(lib_a-init.o)
 .ARM.attributes
                0x00000000000000bd       0x2c /usr/local/gcc-arm-none-eabi-4_9-2015q1/bin/../lib/gcc/arm-none-eabi/4.9.3/../../../../arm-none-eabi/lib/armv6-m/libc_nano.a(lib_a-memset.o)
 .ARM.attributes
                0x00000000000000e9       0x2c /usr/local/gcc-arm-none-eabi-4_9-2015q1/bin/../lib/gcc/arm-none-eabi/4.9.3/../../../../arm-none-eabi/lib/armv6-m/libnosys.a(_exit.o)
 .ARM.attributes
                0x0000000000000115       0x31 _build/app_button.o
 .ARM.attributes
                0x0000000000000146       0x31 _build/app_error.o
 .ARM.attributes
                0x0000000000000177       0x31 _build/app_fifo.o
 .ARM.attributes
                0x00000000000001a8       0x31 _build/app_timer.o
 .ARM.attributes
                0x00000000000001d9       0x31 _build/sensorsim.o
 .ARM.attributes
                0x000000000000020a       0x31 _build/app_uart_fifo.o
 .ARM.attributes
                0x000000000000023b       0x31 _build/nrf_drv_common.o
 .ARM.attributes
                0x000000000000026c       0x31 _build/nrf_drv_gpiote.o
 .ARM.attributes
                0x000000000000029d       0x31 _build/pstorage.o
 .ARM.attributes
                0x00000000000002ce       0x31 _build/bsp.o
 .ARM.attributes
                0x00000000000002ff       0x31 _build/bsp_btn_ble.o
 .ARM.attributes
                0x0000000000000330       0x31 _build/main.o
 .ARM.attributes
                0x0000000000000361       0x31 _build/ble_advdata.o
 .ARM.attributes
                0x0000000000000392       0x31 _build/ble_advertising.o
 .ARM.attributes
                0x00000000000003c3       0x31 _build/ble_bas.o
 .ARM.attributes
                0x00000000000003f4       0x31 _build/ble_conn_params.o
 .ARM.attributes
                0x0000000000000425       0x31 _build/ble_dis.o
 .ARM.attributes
                0x0000000000000456       0x31 _build/ble_hrs.o
 .ARM.attributes
                0x0000000000000487       0x31 _build/ble_srv_common.o
 .ARM.attributes
                0x00000000000004b8       0x31 _build/device_manager_peripheral.o
 .ARM.attributes
                0x00000000000004e9       0x31 _build/system_nrf51.o
 .ARM.attributes
                0x000000000000051a       0x31 _build/softdevice_handler.o
 .ARM.attributes
                0x000000000000054b       0x1b _build/gcc_startup_nrf51.o
 .ARM.attributes
                0x0000000000000566       0x1e /usr/local/gcc-arm-none-eabi-4_9-2015q1/bin/../lib/gcc/arm-none-eabi/4.9.3/armv6-m/libgcc.a(_udivsi3.o)
 .ARM.attributes
                0x0000000000000584       0x1e /usr/local/gcc-arm-none-eabi-4_9-2015q1/bin/../lib/gcc/arm-none-eabi/4.9.3/armv6-m/libgcc.a(_dvmd_tls.o)
 .ARM.attributes
                0x00000000000005a2       0x2c /usr/local/gcc-arm-none-eabi-4_9-2015q1/bin/../lib/gcc/arm-none-eabi/4.9.3/../../../../arm-none-eabi/lib/armv6-m/libc_nano.a(lib_a-memcmp.o)
 .ARM.attributes
                0x00000000000005ce       0x2c /usr/local/gcc-arm-none-eabi-4_9-2015q1/bin/../lib/gcc/arm-none-eabi/4.9.3/../../../../arm-none-eabi/lib/armv6-m/libc_nano.a(lib_a-memcpy.o)
 .ARM.attributes
                0x00000000000005fa       0x2c /usr/local/gcc-arm-none-eabi-4_9-2015q1/bin/../lib/gcc/arm-none-eabi/4.9.3/../../../../arm-none-eabi/lib/armv6-m/libc_nano.a(lib_a-memmove.o)
 .ARM.attributes
                0x0000000000000626       0x2c /usr/local/gcc-arm-none-eabi-4_9-2015q1/bin/../lib/gcc/arm-none-eabi/4.9.3/../../../../arm-none-eabi/lib/armv6-m/libc_nano.a(lib_a-strlen.o)
 .ARM.attributes
                0x0000000000000652       0x1e /usr/local/gcc-arm-none-eabi-4_9-2015q1/bin/../lib/gcc/arm-none-eabi/4.9.3/armv6-m/crtn.o

.comment        0x0000000000000000       0x70
 .comment       0x0000000000000000       0x70 _build/app_button.o
                                         0x71 (size before relaxing)
 .comment       0x0000000000000000       0x71 _build/app_error.o
 .comment       0x0000000000000000       0x71 _build/app_fifo.o
 .comment       0x0000000000000000       0x71 _build/app_timer.o
 .comment       0x0000000000000000       0x71 _build/sensorsim.o
 .comment       0x0000000000000000       0x71 _build/app_uart_fifo.o
 .comment       0x0000000000000000       0x71 _build/nrf_drv_common.o
 .comment       0x0000000000000000       0x71 _build/nrf_drv_gpiote.o
 .comment       0x0000000000000000       0x71 _build/pstorage.o
 .comment       0x0000000000000000       0x71 _build/bsp.o
 .comment       0x0000000000000000       0x71 _build/bsp_btn_ble.o
 .comment       0x0000000000000000       0x71 _build/main.o
 .comment       0x0000000000000000       0x71 _build/ble_advdata.o
 .comment       0x0000000000000000       0x71 _build/ble_advertising.o
 .comment       0x0000000000000000       0x71 _build/ble_bas.o
 .comment       0x0000000000000000       0x71 _build/ble_conn_params.o
 .comment       0x0000000000000000       0x71 _build/ble_dis.o
 .comment       0x0000000000000000       0x71 _build/ble_hrs.o
 .comment       0x0000000000000000       0x71 _build/ble_srv_common.o
 .comment       0x0000000000000000       0x71 _build/device_manager_peripheral.o
 .comment       0x0000000000000000       0x71 _build/system_nrf51.o
 .comment       0x0000000000000000       0x71 _build/softdevice_handler.o

.debug_frame    0x0000000000000000      0x150
 .debug_frame   0x0000000000000000       0x28 /usr/local/gcc-arm-none-eabi-4_9-2015q1/bin/../lib/gcc/arm-none-eabi/4.9.3/../../../../arm-none-eabi/lib/armv6-m/libc_nano.a(lib_a-exit.o)
 .debug_frame   0x0000000000000028       0x2c /usr/local/gcc-arm-none-eabi-4_9-2015q1/bin/../lib/gcc/arm-none-eabi/4.9.3/../../../../arm-none-eabi/lib/armv6-m/libc_nano.a(lib_a-init.o)
 .debug_frame   0x0000000000000054       0x20 /usr/local/gcc-arm-none-eabi-4_9-2015q1/bin/../lib/gcc/arm-none-eabi/4.9.3/../../../../arm-none-eabi/lib/armv6-m/libc_nano.a(lib_a-memset.o)
 .debug_frame   0x0000000000000074       0x20 /usr/local/gcc-arm-none-eabi-4_9-2015q1/bin/../lib/gcc/arm-none-eabi/4.9.3/../../../../arm-none-eabi/lib/armv6-m/libnosys.a(_exit.o)
 .debug_frame   0x0000000000000094       0x20 /usr/local/gcc-arm-none-eabi-4_9-2015q1/bin/../lib/gcc/arm-none-eabi/4.9.3/armv6-m/libgcc.a(_udivsi3.o)
 .debug_frame   0x00000000000000b4       0x2c /usr/local/gcc-arm-none-eabi-4_9-2015q1/bin/../lib/gcc/arm-none-eabi/4.9.3/../../../../arm-none-eabi/lib/armv6-m/libc_nano.a(lib_a-memcmp.o)
 .debug_frame   0x00000000000000e0       0x28 /usr/local/gcc-arm-none-eabi-4_9-2015q1/bin/../lib/gcc/arm-none-eabi/4.9.3/../../../../arm-none-eabi/lib/armv6-m/libc_nano.a(lib_a-memcpy.o)
 .debug_frame   0x0000000000000108       0x28 /usr/local/gcc-arm-none-eabi-4_9-2015q1/bin/../lib/gcc/arm-none-eabi/4.9.3/../../../../arm-none-eabi/lib/armv6-m/libc_nano.a(lib_a-memmove.o)
 .debug_frame   0x0000000000000130       0x20 /usr/local/gcc-arm-none-eabi-4_9-2015q1/bin/../lib/gcc/arm-none-eabi/4.9.3/../../../../arm-none-eabi/lib/armv6-m/libc_nano.a(lib_a-strlen.o)
