<html>
<body>
<pre>
<h1>µVision Build Log</h1>
<h2>Tool Versions:</h2>
IDE-Version: µVision V5.16.0.0
Copyright (C) 2015 ARM Ltd and ARM Germany GmbH. All rights reserved.
License Information: Sam Clay, Turn Touch, LIC=QF8PC-7PLID-H8SFS-L8JET-40UQ8-9GNFY
 
Tool Versions:
Toolchain:       MDK-ARM Standard  Version: 5.16.0.0
Toolchain Path:  C:\Keil_v5\ARM\ARMCC\Bin
C Compiler:      Armcc.exe V5.06 (build 20)
Assembler:       Armasm.exe V5.06 (build 20)
Linker/Locator:  ArmLink.exe V5.06 (build 20)
Library Manager: ArmAr.exe V5.06 (build 20)
Hex Converter:   FromElf.exe V5.06 (build 20)
CPU DLL:         
Dialog DLL:      
Target DLL:      Segger\JL2CM3.dll V2.99.15.2
Dialog DLL:      TARMCM1.DLL V1.9.0.0
 
<h2>Project:</h2>
\\vmware-host\Shared Folders\remote\ble_peripheral\ble_app_template\pca10028\s110\arm5\ble_app_template_s110_pca10028.uvprojx
Project File Date:  08/28/2015

<h2>Output:</h2>
*** Using Compiler 'V5.06 (build 20)', folder: 'C:\Keil_v5\ARM\ARMCC\Bin'
Rebuild target 'nrf51422_xxac_s110'
compiling rtt.c...
compiling SEGGER_RTT_printf.c...
..\..\..\RTT\SEGGER_RTT_printf.c(300): warning:  #111-D: statement is unreachable
          default:  goto FilterFieldWidth;                   break;
..\..\..\RTT\SEGGER_RTT_printf.c: 1 warning, 0 errors
compiling SEGGER_RTT.c...
compiling button_status.c...
..\..\..\button_status.c(73): warning:  #167-D: argument of type "uint8_t *" is incompatible with parameter of type "const char *"
  		SEGGER_RTT_Write(0,p_evt_write->data,p_evt_write->len);
..\..\..\button_status.c: 1 warning, 0 errors
assembling arm_startup_nrf51.s...
compiling ble_bas.c...
compiling bsp_btn_ble.c...
compiling ble_dis.c...
compiling ble_dfu.c...
compiling system_nrf51.c...
compiling bsp.c...
compiling ble_srv_common.c...
compiling main.c...
..\..\..\main.c(935): warning:  #167-D: argument of type "uint8_t *" is incompatible with parameter of type "const char *"
  								SEGGER_RTT_Write(0,p_data,param_len);
..\..\..\main.c(950): warning:  #167-D: argument of type "uint8_t *" is incompatible with parameter of type "const char *"
  								SEGGER_RTT_Write(0,p_data,param_len);
..\..\..\main.c: 2 warnings, 0 errors
compiling device_manager_peripheral.c...
compiling ble_advdata.c...
compiling ble_debug_assert_handler.c...
compiling ble_conn_params.c...
compiling nrf_drv_common.c...
compiling ble_advertising.c...
compiling ble_error_log.c...
compiling nrf_delay.c...
compiling nrf_drv_gpiote.c...
compiling pstorage.c...
compiling bootloader_util.c...
compiling app_uart.c...
compiling ble_flash.c...
compiling nrf_drv_timer.c...
compiling dfu_app_handler.c...
compiling app_error.c...
compiling app_timer_appsh.c...
compiling app_button.c...
compiling app_gpiote.c...
compiling app_trace.c...
compiling app_scheduler.c...
compiling nrf_assert.c...
compiling app_timer.c...
compiling retarget.c...
compiling softdevice_handler_appsh.c...
compiling softdevice_handler.c...
linking...
Program Size: Code=37068 RO-data=880 RW-data=596 ZI-data=5332  
FromELF: creating hex file...
".\_build\nrf51422_xxac_s110.axf" - 0 Error(s), 4 Warning(s).

<h2>Software Packages used:</h2>

Package Vendor: ARM
                http://www.keil.com/pack/ARM.CMSIS.4.3.0.pack
                ARM::CMSIS:CORE:4.1.0
                CMSIS (Cortex Microcontroller Software Interface Standard)
   * Component: CORE Version: 4.1.0

Package Vendor: NordicSemiconductor
                http://developer.nordicsemi.com/nRF51_SDK/pieces/nRF_BLE/NordicSemiconductor.nRF_BLE.3.0.1.pack
                NordicSemiconductor::nRF_BLE:BLE_Services:ble_dis:3.0.1
                Bluetooth Low Energy (Bluetooth Smart) services and software modules for Nordic Semiconductor nRF family.
   * Component: ble_dis Version: 3.0.1
   * Component: ble_debug_assert_handler Version: 3.0.1
   * Component: ble_service_common Version: 3.0.1
   * Component: device_manager Variant: Peripheral Version: 3.0.1
   * Component: ble_conn_params Version: 3.0.1
   * Component: ble_bas Version: 3.0.1
   * Component: ble_dfu Version: 3.0.1
   * Component: ble_advdata Version: 3.0.1
   * Component: ble_common Version: 3.0.1
   * Component: ble_error_log Version: 3.0.1
   * Component: ble_advertising Version: 3.0.1

Package Vendor: NordicSemiconductor
                http://developer.nordicsemi.com/nRF51_SDK/pieces/nRF_DeviceFamilyPack/NordicSemiconductor.nRF_DeviceFamilyPack.8.0.3.pack
                NordicSemiconductor::Device:Startup:8.0.3
                Nordic Semiconductor nRF ARM devices Device Family Pack.
   * Component: Startup Version: 8.0.3

Package Vendor: NordicSemiconductor
                http://developer.nordicsemi.com/nRF51_SDK/pieces/nRF_Drivers/NordicSemiconductor.nRF_Drivers.3.0.1.pack
                NordicSemiconductor::nRF_Drivers:nrf_gpiote:3.0.1
                Drivers for Nordic Semiconductor nRF family.
   * Component: nrf_gpiote Version: 3.0.1
   * Component: nrf_gpio Version: 3.0.1
   * Component: nrf_delay Version: 3.0.1
   * Component: ble_flash Version: 3.0.1
   * Component: nrf_error Variant: default Version: 3.0.1
   * Component: nrf_timer Version: 3.0.1
   * Component: nrf_drv_timer Version: 3.0.1
   * Component: pstorage Variant: default Version: 3.0.1
   * Component: nrf_drv_gpiote Version: 3.0.1
   * Component: nrf_drv_common Version: 3.0.1
   * Component: app_uart Variant: default Version: 3.0.1

Package Vendor: NordicSemiconductor
                http://developer.nordicsemi.com/nRF51_SDK/pieces/nRF_Examples/NordicSemiconductor.nRF_Examples.9.0.0.pack
                NordicSemiconductor::Board Support:bsp_btn_ble:9.0.0
                Examples and BSP for Nordic Semiconductor nRF family.
   * Component: bsp_btn_ble Version: 9.0.0
   * Component: bsp Variant: default Version: 9.0.0

Package Vendor: NordicSemiconductor
                http://developer.nordicsemi.com/nRF51_SDK/pieces/nRF_Libraries/NordicSemiconductor.nRF_Libraries.3.0.1.pack
                NordicSemiconductor::nRF_Libraries:app_button:3.0.1
                Software modules for Nordic Semiconductor nRF family.
   * Component: app_button Version: 3.0.1
   * Component: app_gpiote Variant: default Version: 3.0.1
   * Component: app_error Version: 3.0.1
   * Component: app_scheduler Variant: default Version: 3.0.1
   * Component: dfu_bootloader_util Version: 3.0.1
   * Component: dfu_app_handler Version: 3.0.1
   * Component: app_trace Variant: default Version: 3.0.1
   * Component: app_util Variant: default Version: 3.0.1
   * Component: app_timer_with_app_scheduler Version: 3.0.1
   * Component: nordic_common Version: 3.0.1
   * Component: retarget Version: 3.0.1
   * Component: app_timer Variant: default Version: 3.0.1
   * Component: nrf_assert Version: 3.0.1

Package Vendor: NordicSemiconductor
                http://developer.nordicsemi.com/nRF51_SDK/pieces/nRF_SoftDevice_Common/NordicSemiconductor.nRF_SoftDevice_Common.1.1.4.pack
                NordicSemiconductor::nRF_SoftDevice:softdevice_hex:S110:1.1.4
                Common components for Nordic Semiconductor nRF family SoftDevices.
   * Component: softdevice_hex Variant: S110 Version: 1.1.4
   * Component: sd_handler_with_app_scheduler Version: 1.1.4
   * Component: sd_common Variant: default Version: 1.1.4
   * Component: softdevice_present Version: 1.1.4

Package Vendor: NordicSemiconductor
                http://developer.nordicsemi.com/nRF51_SDK/pieces/nRF_SoftDevice_S110/NordicSemiconductor.nRF_SoftDevice_S110.8.0.2.pack
                NordicSemiconductor::nRF_SoftDevice:s110_hex:8.0.2
                Components for Bluetooth Low Energy (Bluetooth Smart) S110 SoftDevice for Nordic Semiconductor nRF family.
   * Component: s110_hex Version: 8.0.2
   * Component: s110 Variant: default Version: 8.0.2

<h2>Collection of Component include folders:</h2>
  \\vmware-host\Shared Folders\remote\ble_peripheral\ble_app_template\pca10028\s110\arm5\RTE
  \\vmware-host\Shared Folders\remote\ble_peripheral\ble_app_template\pca10028\s110\arm5\RTE\nRF_BLE\nRF51422_xxAC
  \\vmware-host\Shared Folders\remote\ble_peripheral\ble_app_template\pca10028\s110\arm5\RTE\nRF_Drivers\nRF51422_xxAC
  \\vmware-host\Shared Folders\remote\ble_peripheral\ble_app_template\pca10028\s110\arm5\RTE\nRF_Libraries\nRF51422_xxAC
  C:\Keil_v5\ARM\PACK\ARM\CMSIS\4.3.0\CMSIS\Include
  C:\Keil_v5\ARM\PACK\NordicSemiconductor\nRF_BLE\3.0.1\ble_advertising
  C:\Keil_v5\ARM\PACK\NordicSemiconductor\nRF_BLE\3.0.1\ble_debug_assert_handler
  C:\Keil_v5\ARM\PACK\NordicSemiconductor\nRF_BLE\3.0.1\ble_error_log
  C:\Keil_v5\ARM\PACK\NordicSemiconductor\nRF_BLE\3.0.1\ble_services\ble_bas
  C:\Keil_v5\ARM\PACK\NordicSemiconductor\nRF_BLE\3.0.1\ble_services\ble_dfu
  C:\Keil_v5\ARM\PACK\NordicSemiconductor\nRF_BLE\3.0.1\ble_services\ble_dis
  C:\Keil_v5\ARM\PACK\NordicSemiconductor\nRF_BLE\3.0.1\common
  C:\Keil_v5\ARM\PACK\NordicSemiconductor\nRF_BLE\3.0.1\device_manager
  C:\Keil_v5\ARM\PACK\NordicSemiconductor\nRF_DeviceFamilyPack\8.0.3\Device\Include
  C:\Keil_v5\ARM\PACK\NordicSemiconductor\nRF_Drivers\3.0.1\ble_flash
  C:\Keil_v5\ARM\PACK\NordicSemiconductor\nRF_Drivers\3.0.1\common
  C:\Keil_v5\ARM\PACK\NordicSemiconductor\nRF_Drivers\3.0.1\config
  C:\Keil_v5\ARM\PACK\NordicSemiconductor\nRF_Drivers\3.0.1\gpiote
  C:\Keil_v5\ARM\PACK\NordicSemiconductor\nRF_Drivers\3.0.1\hal
  C:\Keil_v5\ARM\PACK\NordicSemiconductor\nRF_Drivers\3.0.1\pstorage
  C:\Keil_v5\ARM\PACK\NordicSemiconductor\nRF_Drivers\3.0.1\timer
  C:\Keil_v5\ARM\PACK\NordicSemiconductor\nRF_Drivers\3.0.1\uart
  C:\Keil_v5\ARM\PACK\NordicSemiconductor\nRF_Examples\9.0.0\bsp
  C:\Keil_v5\ARM\PACK\NordicSemiconductor\nRF_Libraries\3.0.1\bootloader_dfu
  C:\Keil_v5\ARM\PACK\NordicSemiconductor\nRF_Libraries\3.0.1\button
  C:\Keil_v5\ARM\PACK\NordicSemiconductor\nRF_Libraries\3.0.1\gpiote
  C:\Keil_v5\ARM\PACK\NordicSemiconductor\nRF_Libraries\3.0.1\scheduler
  C:\Keil_v5\ARM\PACK\NordicSemiconductor\nRF_Libraries\3.0.1\timer
  C:\Keil_v5\ARM\PACK\NordicSemiconductor\nRF_Libraries\3.0.1\trace
  C:\Keil_v5\ARM\PACK\NordicSemiconductor\nRF_Libraries\3.0.1\util
  C:\Keil_v5\ARM\PACK\NordicSemiconductor\nRF_SoftDevice_Common\1.1.4\softdevice_handler
  C:\Keil_v5\ARM\PACK\NordicSemiconductor\nRF_SoftDevice_S110\8.0.2\headers

<h2>Collection of Component Files used:</h2>

   * Component: ARM::CMSIS:CORE:4.1.0

   * Component: NordicSemiconductor::nRF_BLE:BLE_Services:ble_dis:3.0.1
      Source file:   ble_services\ble_dis\ble_dis.c
      Include file:  ble_services\ble_dis\ble_dis.h

   * Component: NordicSemiconductor::nRF_BLE:BLE_Modules:ble_debug_assert_handler:3.0.1
      Include file:  ble_debug_assert_handler\ble_debug_assert_handler.h
      Source file:   ble_debug_assert_handler\ble_debug_assert_handler.c

   * Component: NordicSemiconductor::nRF_BLE:BLE_Modules:ble_service_common:3.0.1
      Source file:   common\ble_srv_common.c
      Include file:  common\ble_srv_common.h

   * Component: NordicSemiconductor::nRF_BLE:BLE_Modules:device_manager:Peripheral:3.0.1
      Include file:  device_manager\config\device_manager_cnfg.h
      Include file:  device_manager\device_manager.h
      Source file:   device_manager\device_manager_peripheral.c

   * Component: NordicSemiconductor::nRF_BLE:BLE_Modules:ble_conn_params:3.0.1
      Source file:   common\ble_conn_params.c
      Include file:  common\ble_conn_params.h

   * Component: NordicSemiconductor::nRF_BLE:BLE_Services:ble_bas:3.0.1
      Source file:   ble_services\ble_bas\ble_bas.c
      Include file:  ble_services\ble_bas\ble_bas.h

   * Component: NordicSemiconductor::nRF_BLE:BLE_Services:ble_dfu:3.0.1
      Source file:   ble_services\ble_dfu\ble_dfu.c
      Include file:  ble_services\ble_dfu\ble_dfu.h

   * Component: NordicSemiconductor::nRF_BLE:BLE_Modules:ble_advdata:3.0.1
      Source file:   common\ble_advdata.c
      Include file:  common\ble_advdata.h

   * Component: NordicSemiconductor::nRF_BLE:BLE_Modules:ble_common:3.0.1

   * Component: NordicSemiconductor::nRF_BLE:BLE_Modules:ble_error_log:3.0.1
      Source file:   ble_error_log\ble_error_log.c
      Include file:  ble_error_log\ble_error_log.h

   * Component: NordicSemiconductor::nRF_BLE:BLE_Modules:ble_advertising:3.0.1
      Source file:   ble_advertising\ble_advertising.c
      Include file:  ble_advertising\ble_advertising.h

   * Component: NordicSemiconductor::Device:Startup:8.0.3
      Include file:  Device\Include\system_nrf51.h
      Source file:   Device\Source\system_nrf51.c
      Source file:   Device\Source\arm\arm_startup_nrf51.s

   * Component: NordicSemiconductor::nRF_Drivers:nrf_gpiote:3.0.1
      Include file:  hal\nrf_gpiote.h

   * Component: NordicSemiconductor::nRF_Drivers:nrf_gpio:3.0.1
      Include file:  hal\nrf_gpio.h

   * Component: NordicSemiconductor::nRF_Drivers:nrf_delay:3.0.1
      Source file:   hal\nrf_delay.c
      Include file:  hal\nrf_delay.h

   * Component: NordicSemiconductor::nRF_Drivers:ble_flash:3.0.1
      Source file:   ble_flash\ble_flash.c

   * Component: NordicSemiconductor::nRF_Drivers:nrf_error:default:3.0.1

   * Component: NordicSemiconductor::nRF_Drivers:nrf_timer:3.0.1
      Include file:  hal\nrf_timer.h

   * Component: NordicSemiconductor::nRF_Drivers:nrf_drv_timer:3.0.1
      Include file:  timer\nrf_drv_timer.h
      Source file:   timer\nrf_drv_timer.c
      Include file:  config\nrf_drv_config.h

   * Component: NordicSemiconductor::nRF_Drivers:pstorage:default:3.0.1
      Include file:  pstorage\pstorage.h
      Include file:  pstorage\config\pstorage_platform.h
      Source file:   pstorage\pstorage.c

   * Component: NordicSemiconductor::nRF_Drivers:nrf_drv_gpiote:3.0.1
      Include file:  gpiote\nrf_drv_gpiote.h
      Include file:  config\nrf_drv_config.h
      Source file:   gpiote\nrf_drv_gpiote.c

   * Component: NordicSemiconductor::nRF_Drivers:nrf_drv_common:3.0.1
      Source file:   common\nrf_drv_common.c
      Include file:  common\nrf_drv_common.h

   * Component: NordicSemiconductor::nRF_Drivers:app_uart:default:3.0.1
      Include file:  uart\app_uart.h
      Source file:   uart\app_uart.c

   * Component: NordicSemiconductor::Board Support:bsp_btn_ble:9.0.0
      Source file:   bsp\bsp_btn_ble.c

   * Component: NordicSemiconductor::Board Support:bsp:default:9.0.0
      Source file:   bsp\bsp.c

   * Component: NordicSemiconductor::nRF_Libraries:app_button:3.0.1
      Source file:   button\app_button.c
      Include file:  button\app_button.h

   * Component: NordicSemiconductor::nRF_Libraries:app_gpiote:default:3.0.1
      Source file:   gpiote\app_gpiote.c
      Include file:  gpiote\app_gpiote.h

   * Component: NordicSemiconductor::nRF_Libraries:app_error:3.0.1
      Source file:   util\app_error.c
      Include file:  util\app_error.h

   * Component: NordicSemiconductor::nRF_Libraries:app_scheduler:default:3.0.1
      Include file:  scheduler\app_scheduler.h
      Source file:   scheduler\app_scheduler.c

   * Component: NordicSemiconductor::nRF_Libraries:DFU:dfu_bootloader_util:3.0.1
      Source file:   bootloader_dfu\bootloader_util.c
      Include file:  bootloader_dfu\bootloader_util.h

   * Component: NordicSemiconductor::nRF_Libraries:DFU:dfu_app_handler:3.0.1
      Source file:   bootloader_dfu\dfu_app_handler.c
      Include file:  bootloader_dfu\dfu_app_handler.h

   * Component: NordicSemiconductor::nRF_Libraries:app_trace:default:3.0.1
      Include file:  trace\app_trace.h
      Source file:   trace\app_trace.c

   * Component: NordicSemiconductor::nRF_Libraries:app_util:default:3.0.1

   * Component: NordicSemiconductor::nRF_Libraries:app_timer_with_app_scheduler:3.0.1
      Source file:   timer\app_timer_appsh.c
      Include file:  timer\app_timer_appsh.h

   * Component: NordicSemiconductor::nRF_Libraries:nordic_common:3.0.1

   * Component: NordicSemiconductor::nRF_Libraries:retarget:3.0.1
      Source file:   uart\retarget.c

   * Component: NordicSemiconductor::nRF_Libraries:app_timer:default:3.0.1
      Include file:  timer\app_timer.h
      Source file:   timer\app_timer.c

   * Component: NordicSemiconductor::nRF_Libraries:nrf_assert:3.0.1
      Source file:   util\nrf_assert.c
      Include file:  util\nrf_assert.h

   * Component: NordicSemiconductor::nRF_SoftDevice:softdevice_hex:S110:1.1.4

   * Component: NordicSemiconductor::nRF_SoftDevice:Internal:sd_handler_with_app_scheduler:1.1.4
      Source file:   softdevice_handler\softdevice_handler_appsh.c

   * Component: NordicSemiconductor::nRF_SoftDevice:Internal:sd_common:default:1.1.4
      Source file:   softdevice_handler\softdevice_handler.c

   * Component: NordicSemiconductor::nRF_SoftDevice:Internal:softdevice_present:1.1.4

   * Component: NordicSemiconductor::nRF_SoftDevice:s110_hex:8.0.2

   * Component: NordicSemiconductor::nRF_SoftDevice:s110:default:8.0.2
      Include file:  headers\ble_gatt.h
      Include file:  headers\ble_hci.h
      Include file:  headers\nrf_error_soc.h
      Include file:  headers\ble_err.h
      Include file:  headers\ble_gattc.h
      Include file:  headers\nrf_soc.h
      Include file:  headers\nrf_error.h
      Include file:  headers\nrf_mbr.h
      Include file:  headers\nrf_svc.h
      Include file:  headers\ble_gap.h
      Include file:  headers\ble_types.h
      Include file:  headers\ble_l2cap.h
      Include file:  headers\ble.h
      Include file:  headers\ble_gatts.h
      Include file:  headers\nrf_sdm.h
      Include file:  headers\softdevice_assert.h
      Include file:  headers\nrf_error_sdm.h
      Include file:  headers\ble_ranges.h
      Include file:  headers\nrf_sd_def.h
Build Time Elapsed:  00:00:07
</pre>
</body>
</html>
