Component: ARM Compiler 5.06 (build 20) Tool: armlink [4d35a3]

==============================================================================

Section Cross References

    main.o(i.advertising_init) refers to memseta.o(.text) for __aeabi_memclr4
    main.o(i.advertising_init) refers to rtt.o(i.rtt_print) for rtt_print
    main.o(i.advertising_init) refers to ble_advertising.o(i.ble_advertising_init) for ble_advertising_init
    main.o(i.advertising_init) refers to app_error.o(i.app_error_handler) for app_error_handler
    main.o(i.advertising_init) refers to main.o(.constdata) for .constdata
    main.o(i.advertising_init) refers to main.o(i.on_adv_evt) for on_adv_evt
    main.o(i.advertising_stop) refers to app_error.o(i.app_error_handler) for app_error_handler
    main.o(i.advertising_stop) refers to bsp.o(i.bsp_indication_set) for bsp_indication_set
    main.o(i.app_context_load) refers to device_manager_peripheral.o(i.dm_application_context_get) for dm_application_context_get
    main.o(i.app_context_load) refers to app_error.o(i.app_error_handler) for app_error_handler
    main.o(i.app_context_load) refers to device_manager_peripheral.o(i.dm_application_context_delete) for dm_application_context_delete
    main.o(i.app_context_load) refers to main.o(.data) for context_data
    main.o(i.application_timers_start) refers to app_timer.o(i.app_timer_start) for app_timer_start
    main.o(i.application_timers_start) refers to app_error.o(i.app_error_handler) for app_error_handler
    main.o(i.application_timers_start) refers to main.o(.data) for m_battery_timer_id
    main.o(i.battery_level_get) refers to uidiv.o(.text) for __aeabi_uidivmod
    main.o(i.battery_level_get) refers to idiv.o(.text) for __aeabi_idivmod
    main.o(i.battery_level_meas_timeout_handler) refers to main.o(i.battery_level_update) for battery_level_update
    main.o(i.battery_level_update) refers to main.o(i.battery_level_get) for battery_level_get
    main.o(i.battery_level_update) refers to rtt.o(i.rtt_print) for rtt_print
    main.o(i.battery_level_update) refers to ble_bas.o(i.ble_bas_battery_level_update) for ble_bas_battery_level_update
    main.o(i.battery_level_update) refers to app_error.o(i.app_error_handler) for app_error_handler
    main.o(i.battery_level_update) refers to main.o(.bss) for m_bas
    main.o(i.ble_evt_dispatch) refers to rtt.o(i.rtt_print) for rtt_print
    main.o(i.ble_evt_dispatch) refers to device_manager_peripheral.o(i.dm_ble_evt_handler) for dm_ble_evt_handler
    main.o(i.ble_evt_dispatch) refers to ble_conn_params.o(i.ble_conn_params_on_ble_evt) for ble_conn_params_on_ble_evt
    main.o(i.ble_evt_dispatch) refers to ble_bas.o(i.ble_bas_on_ble_evt) for ble_bas_on_ble_evt
    main.o(i.ble_evt_dispatch) refers to ble_dfu.o(i.ble_dfu_on_ble_evt) for ble_dfu_on_ble_evt
    main.o(i.ble_evt_dispatch) refers to main.o(i.on_ble_evt) for on_ble_evt
    main.o(i.ble_evt_dispatch) refers to ble_advertising.o(i.ble_advertising_on_ble_evt) for ble_advertising_on_ble_evt
    main.o(i.ble_evt_dispatch) refers to button_status.o(i.ble_buttonstatus_on_ble_evt) for ble_buttonstatus_on_ble_evt
    main.o(i.ble_evt_dispatch) refers to main.o(.bss) for m_bas
    main.o(i.ble_evt_dispatch) refers to main.o(.data) for m_mem_block
    main.o(i.ble_stack_init) refers to softdevice_handler.o(i.softdevice_handler_init) for softdevice_handler_init
    main.o(i.ble_stack_init) refers to app_error.o(i.app_error_handler) for app_error_handler
    main.o(i.ble_stack_init) refers to softdevice_handler.o(i.softdevice_ble_evt_handler_set) for softdevice_ble_evt_handler_set
    main.o(i.ble_stack_init) refers to softdevice_handler.o(i.softdevice_sys_evt_handler_set) for softdevice_sys_evt_handler_set
    main.o(i.ble_stack_init) refers to main.o(.bss) for BLE_EVT_BUFFER
    main.o(i.ble_stack_init) refers to main.o(i.ble_evt_dispatch) for ble_evt_dispatch
    main.o(i.ble_stack_init) refers to main.o(i.sys_evt_dispatch) for sys_evt_dispatch
    main.o(i.bsp_configuration) refers to bsp.o(i.bsp_init) for bsp_init
    main.o(i.bsp_configuration) refers to app_error.o(i.app_error_handler) for app_error_handler
    main.o(i.bsp_configuration) refers to main.o(i.bsp_evt_handler) for bsp_evt_handler
    main.o(i.bsp_evt_handler) refers to app_button.o(i.app_button_is_pushed) for app_button_is_pushed
    main.o(i.bsp_evt_handler) refers to button_status.o(i.ble_buttonstatus_on_button_change) for ble_buttonstatus_on_button_change
    main.o(i.bsp_evt_handler) refers to rtt.o(i.rtt_print) for rtt_print
    main.o(i.bsp_evt_handler) refers to app_error.o(i.app_error_handler) for app_error_handler
    main.o(i.bsp_evt_handler) refers to main.o(.data) for m_conn_handle
    main.o(i.bsp_evt_handler) refers to main.o(.bss) for m_buttonservice
    main.o(i.conn_params_error_handler) refers to app_error.o(i.app_error_handler) for app_error_handler
[...]
    store_operation_execute                  0x000208b9   Thumb Code    10  pstorage.o(i.store_operation_execute)
    i.store_sub_state_sm_run                 0x000208c4   Section        0  pstorage.o(i.store_sub_state_sm_run)
    store_sub_state_sm_run                   0x000208c5   Thumb Code    62  pstorage.o(i.store_sub_state_sm_run)
    i.swap_erase_state_run                   0x00020910   Section        0  pstorage.o(i.swap_erase_state_run)
    swap_erase_state_run                     0x00020911   Thumb Code    28  pstorage.o(i.swap_erase_state_run)
    i.swap_sub_sm_exit_action_run            0x00020930   Section        0  pstorage.o(i.swap_sub_sm_exit_action_run)
    swap_sub_sm_exit_action_run              0x00020931   Thumb Code     8  pstorage.o(i.swap_sub_sm_exit_action_run)
    i.swap_sub_state_entry_action_run        0x00020938   Section        0  pstorage.o(i.swap_sub_state_entry_action_run)
    swap_sub_state_entry_action_run          0x00020939   Thumb Code    16  pstorage.o(i.swap_sub_state_entry_action_run)
    i.swap_sub_state_err_busy_process        0x00020950   Section        0  pstorage.o(i.swap_sub_state_err_busy_process)
    swap_sub_state_err_busy_process          0x00020951   Thumb Code    24  pstorage.o(i.swap_sub_state_err_busy_process)
    i.swap_sub_state_sm_run                  0x00020970   Section        0  pstorage.o(i.swap_sub_state_sm_run)
    swap_sub_state_sm_run                    0x00020971   Thumb Code    16  pstorage.o(i.swap_sub_state_sm_run)
    i.swap_sub_state_state_change            0x00020988   Section        0  pstorage.o(i.swap_sub_state_state_change)
    swap_sub_state_state_change              0x00020989   Thumb Code    14  pstorage.o(i.swap_sub_state_state_change)
    i.sys_evt_dispatch                       0x0002099c   Section        0  main.o(i.sys_evt_dispatch)
    sys_evt_dispatch                         0x0002099d   Thumb Code    18  main.o(i.sys_evt_dispatch)
    i.sys_id_encode                          0x000209b0   Section        0  ble_dis.o(i.sys_id_encode)
    sys_id_encode                            0x000209b1   Thumb Code   160  ble_dis.o(i.sys_id_encode)
    i.tail_restore_state_run                 0x00020a54   Section        0  pstorage.o(i.tail_restore_state_run)
    tail_restore_state_run                   0x00020a55   Thumb Code    26  pstorage.o(i.tail_restore_state_run)
    i.tail_word_size_calculate               0x00020a74   Section        0  pstorage.o(i.tail_word_size_calculate)
    tail_word_size_calculate                 0x00020a75   Thumb Code    84  pstorage.o(i.tail_word_size_calculate)
    i.ticks_diff_get                         0x00020acc   Section        0  app_timer.o(i.ticks_diff_get)
    ticks_diff_get                           0x00020acd   Thumb Code    10  app_timer.o(i.ticks_diff_get)
    i.timeout_handler_exec                   0x00020ad8   Section        0  app_timer.o(i.timeout_handler_exec)
    timeout_handler_exec                     0x00020ad9   Thumb Code    60  app_timer.o(i.timeout_handler_exec)
    i.timer_list_handler                     0x00020b44   Section        0  app_timer.o(i.timer_list_handler)
    timer_list_handler                       0x00020b45   Thumb Code    76  app_timer.o(i.timer_list_handler)
    i.timer_list_handler_sched               0x00020b9c   Section        0  app_timer.o(i.timer_list_handler_sched)
    timer_list_handler_sched                 0x00020b9d   Thumb Code    10  app_timer.o(i.timer_list_handler_sched)
    i.timer_list_insert                      0x00020ba8   Section        0  app_timer.o(i.timer_list_insert)
    timer_list_insert                        0x00020ba9   Thumb Code   212  app_timer.o(i.timer_list_insert)
    i.timer_list_remove                      0x00020c84   Section        0  app_timer.o(i.timer_list_remove)
    timer_list_remove                        0x00020c85   Thumb Code   184  app_timer.o(i.timer_list_remove)
    i.timer_start_op_schedule                0x00020d50   Section        0  app_timer.o(i.timer_start_op_schedule)
    timer_start_op_schedule                  0x00020d51   Thumb Code    80  app_timer.o(i.timer_start_op_schedule)
    i.timer_stop_op_schedule                 0x00020da4   Section        0  app_timer.o(i.timer_stop_op_schedule)
    timer_stop_op_schedule                   0x00020da5   Thumb Code    58  app_timer.o(i.timer_stop_op_schedule)
    i.timer_timeouts_check                   0x00020de4   Section        0  app_timer.o(i.timer_timeouts_check)
    timer_timeouts_check                     0x00020de5   Thumb Code   132  app_timer.o(i.timer_timeouts_check)
    i.timer_timeouts_check_sched             0x00020e80   Section        0  app_timer.o(i.timer_timeouts_check_sched)
    timer_timeouts_check_sched               0x00020e81   Thumb Code    10  app_timer.o(i.timer_timeouts_check_sched)
    i.timers_init                            0x00020e8c   Section        0  main.o(i.timers_init)
    timers_init                              0x00020e8d   Thumb Code    88  main.o(i.timers_init)
    i.tx_power_level_encode                  0x00020f08   Section        0  ble_advdata.o(i.tx_power_level_encode)
    tx_power_level_encode                    0x00020f09   Thumb Code    48  ble_advdata.o(i.tx_power_level_encode)
    i.uint16_decode                          0x00020f38   Section        0  ble_dfu.o(i.uint16_decode)
    uint16_decode                            0x00020f39   Thumb Code    12  ble_dfu.o(i.uint16_decode)
    i.uint16_encode                          0x00020f44   Section        0  ble_dis.o(i.uint16_encode)
    uint16_encode                            0x00020f45   Thumb Code    18  ble_dis.o(i.uint16_encode)
    i.uint16_encode                          0x00020f56   Section        0  ble_advdata.o(i.uint16_encode)
    uint16_encode                            0x00020f57   Thumb Code    18  ble_advdata.o(i.uint16_encode)
    i.update_operation_execute               0x00020f68   Section        0  pstorage.o(i.update_operation_execute)
    update_operation_execute                 0x00020f69   Thumb Code     8  pstorage.o(i.update_operation_execute)
    i.update_status_bit_reset                0x00020f70   Section        0  device_manager_peripheral.o(i.update_status_bit_reset)
    update_status_bit_reset                  0x00020f71   Thumb Code    16  device_manager_peripheral.o(i.update_status_bit_reset)
    i.update_timeout_handler                 0x00020f84   Section        0  ble_conn_params.o(i.update_timeout_handler)
    update_timeout_handler                   0x00020f85   Thumb Code   136  ble_conn_params.o(i.update_timeout_handler)
    i.user_id_get                            0x00021020   Section        0  app_timer.o(i.user_id_get)
    user_id_get                              0x00021021   Thumb Code    34  app_timer.o(i.user_id_get)
    i.user_op_alloc                          0x00021042   Section        0  app_timer.o(i.user_op_alloc)
    user_op_alloc                            0x00021043   Thumb Code    44  app_timer.o(i.user_op_alloc)
    i.user_op_enque                          0x0002106e   Section        0  app_timer.o(i.user_op_enque)
    user_op_enque                            0x0002106f   Thumb Code     4  app_timer.o(i.user_op_enque)
    i.uuid_list_encode                       0x00021072   Section        0  ble_advdata.o(i.uuid_list_encode)
    uuid_list_encode                         0x00021073   Thumb Code    64  ble_advdata.o(i.uuid_list_encode)
    i.uuid_list_sized_encode                 0x000210b2   Section        0  ble_advdata.o(i.uuid_list_sized_encode)
    uuid_list_sized_encode                   0x000210b3   Thumb Code   196  ble_advdata.o(i.uuid_list_sized_encode)
    i.whitelist_has_entries                  0x00021176   Section        0  ble_advertising.o(i.whitelist_has_entries)
    whitelist_has_entries                    0x00021177   Thumb Code    22  ble_advertising.o(i.whitelist_has_entries)
    .constdata                               0x0002118c   Section       12  main.o(.constdata)
    .constdata                               0x00021198   Section       16  button_status.o(.constdata)
    .constdata                               0x000211a8   Section       16  segger_rtt_printf.o(.constdata)
    _aV2C                                    0x000211a8   Data          16  segger_rtt_printf.o(.constdata)
    .constdata                               0x000211b8   Section       48  bsp.o(.constdata)
    m_buttons_list                           0x000211b8   Data          16  bsp.o(.constdata)
    app_buttons                              0x000211c8   Data          32  bsp.o(.constdata)
    .constdata                               0x000211e8   Section       16  ble_dfu.o(.constdata)
    .constdata                               0x000211f8   Section       52  device_manager_peripheral.o(.constdata)
    .constdata                               0x0002122c   Section       40  pstorage.o(.constdata)
    swap_sub_state_sm_lut                    0x0002122c   Data          20  pstorage.o(.constdata)
    swap_sub_state_sm_lut                    0x00021240   Data          20  pstorage.o(.constdata)
    .constdata                               0x00021254   Section        4  app_button.o(.constdata)
    .conststring                             0x00021258   Section       73  button_status.o(.conststring)
    .conststring                             0x000212a4   Section        9  segger_rtt.o(.conststring)
    .conststring                             0x000212b0   Section       85  ble_dis.o(.conststring)
    .conststring                             0x00021308   Section       78  ble_srv_common.o(.conststring)
    .conststring                             0x00021358   Section       97  device_manager_peripheral.o(.conststring)
    .conststring                             0x000213bc   Section       93  dfu_app_handler.o(.conststring)
    .data                                    0x20002000   Section       72  main.o(.data)
    m_sec_params                             0x20002000   Data           5  main.o(.data)
    m_conn_handle                            0x20002006   Data           2  main.o(.data)
    m_app_handle                             0x20002008   Data           1  main.o(.data)
    m_battery_timer_id                       0x2000200c   Data           4  main.o(.data)
    m_bonded_peer_handle                     0x20002010   Data           4  main.o(.data)
    m_mem_block                              0x20002014   Data           8  main.o(.data)
    m_flash_handle                           0x2000201c   Data           8  main.o(.data)
    m_auth_status                            0x20002024   Data           6  main.o(.data)
    m_keys                                   0x2000202c   Data          24  main.o(.data)
    context_data                             0x20002044   Data           4  main.o(.data)
    .data                                    0x20002048   Section      121  segger_rtt.o(.data)
    _SEGGER_RTT                              0x20002048   Data         120  segger_rtt.o(.data)
    _ActiveTerminal                          0x200020c0   Data           1  segger_rtt.o(.data)
    .data                                    0x200020c4   Section       33  bsp.o(.data)
    m_stable_state                           0x200020c4   Data           1  bsp.o(.data)
    m_app_ticks_per_100ms                    0x200020c8   Data           4  bsp.o(.data)
    m_indication_type                        0x200020cc   Data           4  bsp.o(.data)
    m_leds_timer_id                          0x200020d0   Data           4  bsp.o(.data)
    m_alert_timer_id                         0x200020d4   Data           4  bsp.o(.data)
    m_registered_callback                    0x200020d8   Data           4  bsp.o(.data)
    m_button_timer_id                        0x200020dc   Data           4  bsp.o(.data)
    current_long_push_pin_no                 0x200020e0   Data           1  bsp.o(.data)
    release_event_at_push                    0x200020e1   Data           4  bsp.o(.data)
    .data                                    0x200020e8   Section        4  system_nrf51.o(.data)
    __tagsym$$used                           0x200020e8   Number         0  system_nrf51.o(.data)
    .data                                    0x200020ec   Section        8  ble_dfu.o(.data)
    m_is_dfu_service_initialized             0x200020ec   Data           1  ble_dfu.o(.data)
    m_notif_buffer                           0x200020ed   Data           7  ble_dfu.o(.data)
    .data                                    0x200020f4   Section       74  ble_dis.o(.data)
    service_handle                           0x200020f4   Data           2  ble_dis.o(.data)
    manufact_name_handles                    0x200020f6   Data           8  ble_dis.o(.data)
    model_num_handles                        0x200020fe   Data           8  ble_dis.o(.data)
    serial_num_handles                       0x20002106   Data           8  ble_dis.o(.data)
    hw_rev_handles                           0x2000210e   Data           8  ble_dis.o(.data)
    fw_rev_handles                           0x20002116   Data           8  ble_dis.o(.data)
    sw_rev_handles                           0x2000211e   Data           8  ble_dis.o(.data)
    sys_id_handles                           0x20002126   Data           8  ble_dis.o(.data)
    reg_cert_data_list_handles               0x2000212e   Data           8  ble_dis.o(.data)
    pnp_id_handles                           0x20002136   Data           8  ble_dis.o(.data)
    .data                                    0x20002140   Section       20  device_manager_peripheral.o(.data)
    m_storage_handle                         0x20002140   Data           8  device_manager_peripheral.o(.data)
    m_peer_addr_update                       0x20002148   Data           4  device_manager_peripheral.o(.data)
    m_module_initialized                     0x2000214c   Data           1  device_manager_peripheral.o(.data)
    m_irk_index_table                        0x2000214d   Data           7  device_manager_peripheral.o(.data)
    .data                                    0x20002154   Section       32  ble_advertising.o(.data)
    m_advertising_start_pending              0x20002154   Data           1  ble_advertising.o(.data)
    m_peer_address                           0x20002155   Data           7  ble_advertising.o(.data)
    m_adv_evt                                0x2000215c   Data           1  ble_advertising.o(.data)
    m_evt_handler                            0x20002160   Data           4  ble_advertising.o(.data)
    m_error_handler                          0x20002164   Data           4  ble_advertising.o(.data)
    m_adv_mode_current                       0x20002168   Data           1  ble_advertising.o(.data)
    m_whitelist_temporarily_disabled         0x20002169   Data           1  ble_advertising.o(.data)
    m_whitelist_reply_expected               0x2000216a   Data           1  ble_advertising.o(.data)
    m_peer_addr_reply_expected               0x2000216b   Data           1  ble_advertising.o(.data)
    m_slave_conn_int                         0x2000216c   Data           4  ble_advertising.o(.data)
    m_tx_power_level                         0x20002170   Data           1  ble_advertising.o(.data)
    current_slave_link_conn_handle           0x20002172   Data           2  ble_advertising.o(.data)
    .data                                    0x20002174   Section       25  ble_conn_params.o(.data)
    m_preferred_conn_params                  0x20002174   Data           8  ble_conn_params.o(.data)
    m_update_count                           0x2000217c   Data           1  ble_conn_params.o(.data)
    m_conn_handle                            0x2000217e   Data           2  ble_conn_params.o(.data)
    m_current_conn_params                    0x20002180   Data           8  ble_conn_params.o(.data)
    m_conn_params_timer_id                   0x20002188   Data           4  ble_conn_params.o(.data)
    m_change_param                           0x2000218c   Data           1  ble_conn_params.o(.data)
    .data                                    0x20002190   Section       13  app_uart.o(.data)
    m_tx_byte                                0x20002190   Data           1  app_uart.o(.data)
    m_rx_byte                                0x20002192   Data           2  app_uart.o(.data)
    m_instance_counter                       0x20002194   Data           1  app_uart.o(.data)
    m_event_handler                          0x20002198   Data           4  app_uart.o(.data)
    m_current_state                          0x2000219c   Data           1  app_uart.o(.data)
    .data                                    0x200021a0   Section       40  pstorage.o(.data)
    m_next_app_instance                      0x200021a0   Data           2  pstorage.o(.data)
    m_next_page_addr                         0x200021a4   Data           4  pstorage.o(.data)
    m_state                                  0x200021a8   Data           1  pstorage.o(.data)
    m_swap_sub_state                         0x200021a9   Data           1  pstorage.o(.data)
    m_head_word_size                         0x200021ac   Data           4  pstorage.o(.data)
    m_tail_word_size                         0x200021b0   Data           4  pstorage.o(.data)
    m_current_page_id                        0x200021b4   Data           4  pstorage.o(.data)
    m_num_of_command_retries                 0x200021b8   Data           4  pstorage.o(.data)
    m_num_of_bytes_written                   0x200021bc   Data           4  pstorage.o(.data)
    m_app_data_size                          0x200021c0   Data           4  pstorage.o(.data)
    m_flags                                  0x200021c4   Data           4  pstorage.o(.data)
    .data                                    0x200021c8   Section       12  nrf_drv_timer.o(.data)
    m_timer_event_handlers                   0x200021c8   Data           4  nrf_drv_timer.o(.data)
    m_cb                                     0x200021cc   Data           1  nrf_drv_timer.o(.data)
    mp_contexts                              0x200021d0   Data           4  nrf_drv_timer.o(.data)
    .data                                    0x200021d4   Section        8  dfu_app_handler.o(.data)
    m_reset_prepare                          0x200021d4   Data           4  dfu_app_handler.o(.data)
    m_dm_handle                              0x200021d8   Data           4  dfu_app_handler.o(.data)
    .data                                    0x200021dc   Section       24  app_button.o(.data)
    mp_buttons                               0x200021dc   Data           4  app_button.o(.data)
    m_button_count                           0x200021e0   Data           1  app_button.o(.data)
    m_detection_delay                        0x200021e4   Data           4  app_button.o(.data)
    m_detection_delay_timer_id               0x200021e8   Data           4  app_button.o(.data)
    m_pin_state                              0x200021ec   Data           4  app_button.o(.data)
    m_pin_transition                         0x200021f0   Data           4  app_button.o(.data)
    .data                                    0x200021f4   Section       12  app_error.o(.data)
    .data                                    0x20002200   Section       14  app_scheduler.o(.data)
    m_queue_event_headers                    0x20002200   Data           4  app_scheduler.o(.data)
    m_queue_event_data                       0x20002204   Data           4  app_scheduler.o(.data)
    m_queue_start_index                      0x20002208   Data           1  app_scheduler.o(.data)
    m_queue_end_index                        0x20002209   Data           1  app_scheduler.o(.data)
    m_queue_event_size                       0x2000220a   Data           2  app_scheduler.o(.data)
    m_queue_size                             0x2000220c   Data           2  app_scheduler.o(.data)
    .data                                    0x20002210   Section       42  app_timer.o(.data)
    m_node_array_size                        0x20002210   Data           1  app_timer.o(.data)
    mp_nodes                                 0x20002214   Data           4  app_timer.o(.data)
    m_user_array_size                        0x20002218   Data           1  app_timer.o(.data)
    mp_users                                 0x2000221c   Data           4  app_timer.o(.data)
    m_timer_id_head                          0x20002220   Data           4  app_timer.o(.data)
    m_ticks_latest                           0x20002224   Data           4  app_timer.o(.data)
    m_ticks_elapsed                          0x20002228   Data           8  app_timer.o(.data)
    m_ticks_elapsed_q_read_ind               0x20002230   Data           1  app_timer.o(.data)
    m_ticks_elapsed_q_write_ind              0x20002231   Data           1  app_timer.o(.data)
    m_evt_schedule_func                      0x20002234   Data           4  app_timer.o(.data)
    m_rtc1_running                           0x20002238   Data           1  app_timer.o(.data)
    m_rtc1_reset                             0x20002239   Data           1  app_timer.o(.data)
    .data                                    0x2000223c   Section       24  softdevice_handler.o(.data)
    m_evt_schedule_func                      0x2000223c   Data           4  softdevice_handler.o(.data)
    m_softdevice_enabled                     0x20002240   Data           1  softdevice_handler.o(.data)
    mp_ble_evt_buffer                        0x20002244   Data           4  softdevice_handler.o(.data)
    m_ble_evt_buffer_size                    0x20002248   Data           2  softdevice_handler.o(.data)
    m_ble_evt_handler                        0x2000224c   Data           4  softdevice_handler.o(.data)
    m_sys_evt_handler                        0x20002250   Data           4  softdevice_handler.o(.data)
    .bss                                     0x20002254   Section     1232  main.o(.bss)
    m_buttonservice                          0x20002254   Data          60  main.o(.bss)
    m_bas                                    0x20002290   Data          24  main.o(.bss)
    m_rw_authorize_reply                     0x200022a8   Data          16  main.o(.bss)
    m_nickname_storage                       0x200022b8   Data          32  main.o(.bss)
    m_dfus                                   0x200022d8   Data          48  main.o(.bss)
    APP_SCHED_BUF                            0x20002308   Data         176  main.o(.bss)
    BLE_EVT_BUFFER                           0x200023b8   Data          72  main.o(.bss)
    m_enc_key                                0x20002400   Data          28  main.o(.bss)
    m_id_key                                 0x2000241c   Data          23  main.o(.bss)
    m_sign_key                               0x20002433   Data          16  main.o(.bss)
    APP_TIMER_BUF                            0x20002444   Data         736  main.o(.bss)
    .bss                                     0x20002724   Section       54  button_status.o(.bss)
    m_mem_queue                              0x20002724   Data          54  button_status.o(.bss)
    .bss                                     0x2000275a   Section     1040  segger_rtt.o(.bss)
    _acUpBuffer                              0x2000275a   Data        1024  segger_rtt.o(.bss)
    _acDownBuffer                            0x20002b5a   Data          16  segger_rtt.o(.bss)
    .bss                                     0x20002b6a   Section       12  bsp.o(.bss)
    m_events_list                            0x20002b6a   Data          12  bsp.o(.bss)
    .bss                                     0x20002b78   Section      295  device_manager_peripheral.o(.bss)
    m_peer_table                             0x20002b78   Data         196  device_manager_peripheral.o(.bss)
    m_bond_table                             0x20002c3c   Data          28  device_manager_peripheral.o(.bss)
    m_gatts_table                            0x20002c58   Data          24  device_manager_peripheral.o(.bss)
    m_connection_table                       0x20002c70   Data          12  device_manager_peripheral.o(.bss)
    m_application_table                      0x20002c7c   Data          12  device_manager_peripheral.o(.bss)
    m_local_id_info                          0x20002c88   Data          23  device_manager_peripheral.o(.bss)
    .bss                                     0x20002ca0   Section      251  ble_advertising.o(.bss)
    m_advdata                                0x20002ca0   Data          48  ble_advertising.o(.bss)
    m_adv_modes_config                       0x20002cd0   Data          36  ble_advertising.o(.bss)
    m_whitelist                              0x20002cf4   Data          16  ble_advertising.o(.bss)
    mp_whitelist_addr                        0x20002d04   Data          32  ble_advertising.o(.bss)
    mp_whitelist_irk                         0x20002d24   Data          32  ble_advertising.o(.bss)
    m_manuf_specific_data                    0x20002d44   Data          12  ble_advertising.o(.bss)
    m_manuf_data_array                       0x20002d50   Data          31  ble_advertising.o(.bss)
    m_service_data                           0x20002d70   Data          12  ble_advertising.o(.bss)
    m_service_data_array                     0x20002d7c   Data          31  ble_advertising.o(.bss)
    .bss                                     0x20002d9c   Section       28  ble_conn_params.o(.bss)
    m_conn_params_config                     0x20002d9c   Data          28  ble_conn_params.o(.bss)
    .bss                                     0x20002db8   Section       80  nrf_drv_gpiote.o(.bss)
    m_cb                                     0x20002db8   Data          80  nrf_drv_gpiote.o(.bss)
    .bss                                     0x20002e08   Section      228  pstorage.o(.bss)
    m_cmd_queue                              0x20002e08   Data         204  pstorage.o(.bss)
    m_app_table                              0x20002ed4   Data          24  pstorage.o(.bss)
    .bss                                     0x20002eec   Section       60  dfu_app_handler.o(.bss)
    m_peer_data                              0x20002eec   Data          60  dfu_app_handler.o(.bss)
    STACK                                    0x20002f28   Section     2048  arm_startup_nrf51.o(STACK)

    Global Symbols

    Symbol Name                              Value     Ov Type        Size  Object(Section)

    BuildAttributes$$THM_ISAv3M$S$PE$A:L22$X:L11$S22$IEEE1$IW$USESV6$~STKCKD$USESV7$~SHL$OSPACE$ROPI$EBA8$MICROLIB$REQ8$PRES8$EABIv2 0x00000000   Number         0  anon$$obj.o ABSOLUTE
    __ARM_use_no_argv                        0x00000000   Number         0  main.o ABSOLUTE
    _printf_a                                0x00000000   Number         0  stubs.o ABSOLUTE
    _printf_c                                0x00000000   Number         0  stubs.o ABSOLUTE
    _printf_charcount                        0x00000000   Number         0  stubs.o ABSOLUTE
    _printf_d                                0x00000000   Number         0  stubs.o ABSOLUTE
    _printf_e                                0x00000000   Number         0  stubs.o ABSOLUTE
    _printf_f                                0x00000000   Number         0  stubs.o ABSOLUTE
    _printf_flags                            0x00000000   Number         0  stubs.o ABSOLUTE
    _printf_fp_dec                           0x00000000   Number         0  stubs.o ABSOLUTE
    _printf_fp_hex                           0x00000000   Number         0  stubs.o ABSOLUTE
    _printf_g                                0x00000000   Number         0  stubs.o ABSOLUTE
    _printf_i                                0x00000000   Number         0  stubs.o ABSOLUTE
    _printf_int_dec                          0x00000000   Number         0  stubs.o ABSOLUTE
    _printf_l                                0x00000000   Number         0  stubs.o ABSOLUTE
    _printf_lc                               0x00000000   Number         0  stubs.o ABSOLUTE
    _printf_ll                               0x00000000   Number         0  stubs.o ABSOLUTE
    _printf_lld                              0x00000000   Number         0  stubs.o ABSOLUTE
    _printf_lli                              0x00000000   Number         0  stubs.o ABSOLUTE
    _printf_llo                              0x00000000   Number         0  stubs.o ABSOLUTE
    _printf_llu                              0x00000000   Number         0  stubs.o ABSOLUTE
    _printf_llx                              0x00000000   Number         0  stubs.o ABSOLUTE
    _printf_longlong_dec                     0x00000000   Number         0  stubs.o ABSOLUTE
    _printf_longlong_hex                     0x00000000   Number         0  stubs.o ABSOLUTE
    _printf_longlong_oct                     0x00000000   Number         0  stubs.o ABSOLUTE
    _printf_ls                               0x00000000   Number         0  stubs.o ABSOLUTE
    _printf_mbtowc                           0x00000000   Number         0  stubs.o ABSOLUTE
    _printf_n                                0x00000000   Number         0  stubs.o ABSOLUTE
    _printf_o                                0x00000000   Number         0  stubs.o ABSOLUTE
    _printf_p                                0x00000000   Number         0  stubs.o ABSOLUTE
    _printf_percent                          0x00000000   Number         0  stubs.o ABSOLUTE
    _printf_pre_padding                      0x00000000   Number         0  stubs.o ABSOLUTE
    _printf_return_value                     0x00000000   Number         0  stubs.o ABSOLUTE
    _printf_s                                0x00000000   Number         0  stubs.o ABSOLUTE
    _printf_sizespec                         0x00000000   Number         0  stubs.o ABSOLUTE
    _printf_str                              0x00000000   Number         0  stubs.o ABSOLUTE
    _printf_truncate_signed                  0x00000000   Number         0  stubs.o ABSOLUTE
    _printf_truncate_unsigned                0x00000000   Number         0  stubs.o ABSOLUTE
    _printf_u                                0x00000000   Number         0  stubs.o ABSOLUTE
    _printf_wc                               0x00000000   Number         0  stubs.o ABSOLUTE
    _printf_wctomb                           0x00000000   Number         0  stubs.o ABSOLUTE
    _printf_widthprec                        0x00000000   Number         0  stubs.o ABSOLUTE
    _printf_x                                0x00000000   Number         0  stubs.o ABSOLUTE
    __cpp_initialize__aeabi_                  - Undefined Weak Reference
    __cxa_finalize                            - Undefined Weak Reference
    _clock_init                               - Undefined Weak Reference
    _microlib_exit                            - Undefined Weak Reference
    assert_nrf_callback                       - Undefined Weak Reference
    __Vectors_Size                           0x000000c0   Number         0  arm_startup_nrf51.o ABSOLUTE
    __Vectors                                0x00018000   Data           4  arm_startup_nrf51.o(RESET)
    __Vectors_End                            0x000180c0   Data           0  arm_startup_nrf51.o(RESET)
    __main                                   0x000180c1   Thumb Code     0  entry.o(.ARM.Collect$$$$00000000)
    _main_stk                                0x000180c1   Thumb Code     0  entry2.o(.ARM.Collect$$$$00000001)
    _main_scatterload                        0x000180c5   Thumb Code     0  entry5.o(.ARM.Collect$$$$00000004)
    __main_after_scatterload                 0x000180c9   Thumb Code     0  entry5.o(.ARM.Collect$$$$00000004)
    _main_clock                              0x000180c9   Thumb Code     0  entry7b.o(.ARM.Collect$$$$00000008)
    _main_cpp_init                           0x000180c9   Thumb Code     0  entry8b.o(.ARM.Collect$$$$0000000A)
    _main_init                               0x000180c9   Thumb Code     0  entry9a.o(.ARM.Collect$$$$0000000B)
    __rt_final_cpp                           0x000180d1   Thumb Code     0  entry10a.o(.ARM.Collect$$$$0000000D)
    __rt_final_exit                          0x000180d1   Thumb Code     0  entry11a.o(.ARM.Collect$$$$0000000F)
    __asm___11_nrf_delay_c_532987f3__nrf_delay_us 0x000180d5   Thumb Code    30  nrf_delay.o(.emb_text)
    __asm___17_bootloader_util_c_c13d365c__bootloader_util_reset 0x000180f5   Thumb Code    52  bootloader_util.o(.emb_text)
    __asm___11_app_timer_c_cd27f9c3__nrf_delay_us 0x00018129   Thumb Code    30  app_timer.o(.emb_text)
    Reset_Handler                            0x00018149   Thumb Code    26  arm_startup_nrf51.o(.text)
    NMI_Handler                              0x00018163   Thumb Code     2  arm_startup_nrf51.o(.text)
    HardFault_Handler                        0x00018165   Thumb Code     2  arm_startup_nrf51.o(.text)
    SVC_Handler                              0x00018167   Thumb Code     2  arm_startup_nrf51.o(.text)
    PendSV_Handler                           0x00018169   Thumb Code     2  arm_startup_nrf51.o(.text)
    SysTick_Handler                          0x0001816b   Thumb Code     2  arm_startup_nrf51.o(.text)
    ADC_IRQHandler                           0x0001816d   Thumb Code     0  arm_startup_nrf51.o(.text)
    CCM_AAR_IRQHandler                       0x0001816d   Thumb Code     0  arm_startup_nrf51.o(.text)
    ECB_IRQHandler                           0x0001816d   Thumb Code     0  arm_startup_nrf51.o(.text)
    LPCOMP_IRQHandler                        0x0001816d   Thumb Code     0  arm_startup_nrf51.o(.text)
    POWER_CLOCK_IRQHandler                   0x0001816d   Thumb Code     0  arm_startup_nrf51.o(.text)
    QDEC_IRQHandler                          0x0001816d   Thumb Code     0  arm_startup_nrf51.o(.text)
    RADIO_IRQHandler                         0x0001816d   Thumb Code     0  arm_startup_nrf51.o(.text)
    RNG_IRQHandler                           0x0001816d   Thumb Code     0  arm_startup_nrf51.o(.text)
    RTC0_IRQHandler                          0x0001816d   Thumb Code     0  arm_startup_nrf51.o(.text)
    SPI0_TWI0_IRQHandler                     0x0001816d   Thumb Code     0  arm_startup_nrf51.o(.text)
    SPI1_TWI1_IRQHandler                     0x0001816d   Thumb Code     0  arm_startup_nrf51.o(.text)
    SWI1_IRQHandler                          0x0001816d   Thumb Code     0  arm_startup_nrf51.o(.text)
    SWI3_IRQHandler                          0x0001816d   Thumb Code     0  arm_startup_nrf51.o(.text)
    SWI4_IRQHandler                          0x0001816d   Thumb Code     0  arm_startup_nrf51.o(.text)
    SWI5_IRQHandler                          0x0001816d   Thumb Code     0  arm_startup_nrf51.o(.text)
    TEMP_IRQHandler                          0x0001816d   Thumb Code     0  arm_startup_nrf51.o(.text)
    TIMER1_IRQHandler                        0x0001816d   Thumb Code     0  arm_startup_nrf51.o(.text)
    TIMER2_IRQHandler                        0x0001816d   Thumb Code     0  arm_startup_nrf51.o(.text)
    WDT_IRQHandler                           0x0001816d   Thumb Code     0  arm_startup_nrf51.o(.text)
    __aeabi_uidiv                            0x00018181   Thumb Code     0  uidiv.o(.text)
    __aeabi_uidivmod                         0x00018181   Thumb Code    44  uidiv.o(.text)
    __aeabi_idiv                             0x000181ad   Thumb Code     0  idiv.o(.text)
    __aeabi_idivmod                          0x000181ad   Thumb Code    40  idiv.o(.text)
    __aeabi_memcpy                           0x000181d5   Thumb Code    36  memcpya.o(.text)
    __aeabi_memcpy4                          0x000181d5   Thumb Code     0  memcpya.o(.text)
    __aeabi_memcpy8                          0x000181d5   Thumb Code     0  memcpya.o(.text)
    __aeabi_memset                           0x000181f9   Thumb Code    14  memseta.o(.text)
    __aeabi_memset4                          0x000181f9   Thumb Code     0  memseta.o(.text)
    __aeabi_memset8                          0x000181f9   Thumb Code     0  memseta.o(.text)
    __aeabi_memclr                           0x00018207   Thumb Code     4  memseta.o(.text)
    __aeabi_memclr4                          0x00018207   Thumb Code     0  memseta.o(.text)
    __aeabi_memclr8                          0x00018207   Thumb Code     0  memseta.o(.text)
    _memset$wrapper                          0x0001820b   Thumb Code    18  memseta.o(.text)
    strlen                                   0x0001821d   Thumb Code    14  strlen.o(.text)
    memcmp                                   0x0001822b   Thumb Code    26  memcmp.o(.text)
    __scatterload                            0x00018245   Thumb Code    28  init.o(.text)
    __scatterload_rt2                        0x00018245   Thumb Code     0  init.o(.text)
    __decompress                             0x00018269   Thumb Code     0  __dczerorl2.o(.text)
    __decompress1                            0x00018269   Thumb Code    86  __dczerorl2.o(.text)
    ExtractMemBlockData                      0x000182bf   Thumb Code    62  button_status.o(i.ExtractMemBlockData)
    GPIOTE_IRQHandler                        0x000182fd   Thumb Code   378  nrf_drv_gpiote.o(i.GPIOTE_IRQHandler)
    RTC1_IRQHandler                          0x000185b5   Thumb Code    34  app_timer.o(i.RTC1_IRQHandler)
    SEGGER_RTT_Init                          0x000185dd   Thumb Code     8  segger_rtt.o(i.SEGGER_RTT_Init)
    SEGGER_RTT_Write                         0x000185e5   Thumb Code   306  segger_rtt.o(i.SEGGER_RTT_Write)
    SEGGER_RTT_printf                        0x0001871d   Thumb Code    28  segger_rtt_printf.o(i.SEGGER_RTT_printf)
    SEGGER_RTT_vprintf                       0x00018739   Thumb Code   520  segger_rtt_printf.o(i.SEGGER_RTT_vprintf)
    SWI0_IRQHandler                          0x00018941   Thumb Code     8  app_timer.o(i.SWI0_IRQHandler)
    SWI2_IRQHandler                          0x00018949   Thumb Code    52  softdevice_handler.o(i.SWI2_IRQHandler)
    SystemInit                               0x000189b9   Thumb Code    38  system_nrf51.o(i.SystemInit)
    TIMER0_IRQHandler                        0x000189f1   Thumb Code    12  nrf_drv_timer.o(i.TIMER0_IRQHandler)
    UART0_IRQHandler                         0x00018a01   Thumb Code   148  app_uart.o(i.UART0_IRQHandler)
    __0sprintf$2                             0x00018d1d   Thumb Code    36  printf2.o(i.__0sprintf$2)
    __1sprintf$2                             0x00018d1d   Thumb Code     0  printf2.o(i.__0sprintf$2)
    __2sprintf                               0x00018d1d   Thumb Code     0  printf2.o(i.__0sprintf$2)
    __ARM_common_switch8                     0x00018d45   Thumb Code    28  main.o(i.__ARM_common_switch8)
    __scatterload_copy                       0x00018d61   Thumb Code    14  handlers.o(i.__scatterload_copy)
    __scatterload_null                       0x00018d6f   Thumb Code     2  handlers.o(i.__scatterload_null)
    __scatterload_zeroinit                   0x00018d71   Thumb Code    14  handlers.o(i.__scatterload_zeroinit)
    action_tx_stop                           0x00018e95   Thumb Code    28  app_uart.o(i.action_tx_stop)
    app_button_enable                        0x0001916d   Thumb Code    34  app_button.o(i.app_button_enable)
    app_button_init                          0x00019199   Thumb Code   128  app_button.o(i.app_button_init)
    app_button_is_pushed                     0x0001923d   Thumb Code    44  app_button.o(i.app_button_is_pushed)
    app_error_handler                        0x00019331   Thumb Code    48  app_error.o(i.app_error_handler)
    app_sched_event_put                      0x00019451   Thumb Code   252  app_scheduler.o(i.app_sched_event_put)
    app_sched_execute                        0x00019595   Thumb Code    30  app_scheduler.o(i.app_sched_execute)
    app_sched_init                           0x000195b5   Thumb Code    66  app_scheduler.o(i.app_sched_init)
    app_timer_create                         0x00019611   Thumb Code   108  app_timer.o(i.app_timer_create)
    app_timer_evt_schedule                   0x000196e9   Thumb Code    22  app_timer_appsh.o(i.app_timer_evt_schedule)
    app_timer_init                           0x00019705   Thumb Code   204  app_timer.o(i.app_timer_init)
    app_timer_start                          0x000197f5   Thumb Code    98  app_timer.o(i.app_timer_start)
    app_timer_stop                           0x00019861   Thumb Code    60  app_timer.o(i.app_timer_stop)
    battery_level_get                        0x00019afd   Thumb Code    96  main.o(i.battery_level_get)
    ble_advdata_set                          0x00019c09   Thumb Code   122  ble_advdata.o(i.ble_advdata_set)
    ble_advertising_init                     0x00019c85   Thumb Code   316  ble_advertising.o(i.ble_advertising_init)
    ble_advertising_on_ble_evt               0x00019df9   Thumb Code   236  ble_advertising.o(i.ble_advertising_on_ble_evt)
    ble_advertising_on_sys_evt               0x00019efd   Thumb Code    70  ble_advertising.o(i.ble_advertising_on_sys_evt)
    ble_advertising_start                    0x00019f61   Thumb Code   654  ble_advertising.o(i.ble_advertising_start)
    ble_bas_battery_level_update             0x0001a21d   Thumb Code   124  ble_bas.o(i.ble_bas_battery_level_update)
    ble_bas_init                             0x0001a29d   Thumb Code    66  ble_bas.o(i.ble_bas_init)
    ble_bas_on_ble_evt                       0x0001a2e5   Thumb Code    58  ble_bas.o(i.ble_bas_on_ble_evt)
    ble_buttonstatus_init                    0x0001a321   Thumb Code   126  button_status.o(i.ble_buttonstatus_init)
    ble_buttonstatus_on_ble_evt              0x0001a3a9   Thumb Code   180  button_status.o(i.ble_buttonstatus_on_ble_evt)
    ble_buttonstatus_on_button_change        0x0001a50d   Thumb Code    88  button_status.o(i.ble_buttonstatus_on_button_change)
    ble_conn_params_init                     0x0001a5a9   Thumb Code    90  ble_conn_params.o(i.ble_conn_params_init)
    ble_conn_params_on_ble_evt               0x0001a621   Thumb Code    62  ble_conn_params.o(i.ble_conn_params_on_ble_evt)
    ble_conn_params_stop                     0x0001a661   Thumb Code    12  ble_conn_params.o(i.ble_conn_params_stop)
    ble_dfu_init                             0x0001a671   Thumb Code   162  ble_dfu.o(i.ble_dfu_init)
    ble_dfu_on_ble_evt                       0x0001a721   Thumb Code    90  ble_dfu.o(i.ble_dfu_on_ble_evt)
    ble_dfu_response_send                    0x0001a77d   Thumb Code   128  ble_dfu.o(i.ble_dfu_response_send)
    ble_dis_init                             0x0001a809   Thumb Code   386  ble_dis.o(i.ble_dis_init)
    ble_srv_ascii_to_utf8                    0x0001aa51   Thumb Code    18  ble_srv_common.o(i.ble_srv_ascii_to_utf8)
    ble_srv_report_ref_encode                0x0001aa65   Thumb Code    60  ble_srv_common.o(i.ble_srv_report_ref_encode)
    bond_data_load                           0x0001aba1   Thumb Code    62  device_manager_peripheral.o(i.bond_data_load)
    bootloader_util_app_start                0x0001ac99   Thumb Code    12  bootloader_util.o(i.bootloader_util_app_start)
    bsp_configuration                        0x0001ad7d   Thumb Code    40  main.o(i.bsp_configuration)
    bsp_event_to_button_action_assign        0x0001adbd   Thumb Code    88  bsp.o(i.bsp_event_to_button_action_assign)
    bsp_evt_handler                          0x0001ae19   Thumb Code   548  main.o(i.bsp_evt_handler)
    bsp_indication_set                       0x0001b101   Thumb Code    30  bsp.o(i.bsp_indication_set)
    bsp_init                                 0x0001b125   Thumb Code   166  bsp.o(i.bsp_init)
    clock_initialization                     0x0001bb09   Thumb Code    36  main.o(i.clock_initialization)
    dfu_app_dm_appl_instance_set             0x0001c549   Thumb Code    38  dfu_app_handler.o(i.dfu_app_dm_appl_instance_set)
    dfu_app_on_dfu_evt                       0x0001c579   Thumb Code    62  dfu_app_handler.o(i.dfu_app_on_dfu_evt)
    dfu_app_reset_prepare_set                0x0001c6d5   Thumb Code     6  dfu_app_handler.o(i.dfu_app_reset_prepare_set)
    dm_application_context_delete            0x0001c96d   Thumb Code     6  device_manager_peripheral.o(i.dm_application_context_delete)
    dm_application_context_get               0x0001c979   Thumb Code     6  device_manager_peripheral.o(i.dm_application_context_get)
    dm_application_context_set               0x0001c985   Thumb Code     6  device_manager_peripheral.o(i.dm_application_context_set)
    dm_application_instance_set              0x0001c991   Thumb Code    74  device_manager_peripheral.o(i.dm_application_instance_set)
    dm_ble_evt_handler                       0x0001c9e9   Thumb Code  1570  device_manager_peripheral.o(i.dm_ble_evt_handler)
    dm_distributed_keys_get                  0x0001d029   Thumb Code   208  device_manager_peripheral.o(i.dm_distributed_keys_get)
    dm_handle_get                            0x0001d111   Thumb Code    94  device_manager_peripheral.o(i.dm_handle_get)
    dm_handle_initialize                     0x0001d17d   Thumb Code    24  device_manager_peripheral.o(i.dm_handle_initialize)
    dm_init                                  0x0001d199   Thumb Code   230  device_manager_peripheral.o(i.dm_init)
    dm_peer_addr_get                         0x0001d2a1   Thumb Code   176  device_manager_peripheral.o(i.dm_peer_addr_get)
    dm_register                              0x0001d569   Thumb Code   176  device_manager_peripheral.o(i.dm_register)
    intern_softdevice_events_execute         0x0001ddf1   Thumb Code   168  softdevice_handler.o(i.intern_softdevice_events_execute)
    main                                     0x0001e2f9   Thumb Code   152  main.o(i.main)
    nrf_delay_ms                             0x0001e535   Thumb Code    24  nrf_delay.o(i.nrf_delay_ms)
    nrf_drv_common_irq_enable                0x0001e551   Thumb Code    48  nrf_drv_common.o(i.nrf_drv_common_irq_enable)
    nrf_drv_gpiote_in_event_enable           0x0001e589   Thumb Code   186  nrf_drv_gpiote.o(i.nrf_drv_gpiote_in_event_enable)
    nrf_drv_gpiote_in_init                   0x0001e651   Thumb Code   226  nrf_drv_gpiote.o(i.nrf_drv_gpiote_in_init)
    nrf_drv_gpiote_in_is_set                 0x0001e745   Thumb Code    26  nrf_drv_gpiote.o(i.nrf_drv_gpiote_in_is_set)
    nrf_drv_gpiote_init                      0x0001e765   Thumb Code    76  nrf_drv_gpiote.o(i.nrf_drv_gpiote_init)
    nrf_drv_gpiote_is_init                   0x0001e7b5   Thumb Code    16  nrf_drv_gpiote.o(i.nrf_drv_gpiote_is_init)
    pstorage_access_status_get               0x0001f735   Thumb Code    40  pstorage.o(i.pstorage_access_status_get)
    pstorage_block_identifier_get            0x0001f765   Thumb Code   154  pstorage.o(i.pstorage_block_identifier_get)
    pstorage_clear                           0x0001f9d5   Thumb Code   270  pstorage.o(i.pstorage_clear)
    pstorage_init                            0x0001fb21   Thumb Code   104  pstorage.o(i.pstorage_init)
    pstorage_load                            0x0001fba9   Thumb Code   242  pstorage.o(i.pstorage_load)
    pstorage_register                        0x0001fca5   Thumb Code   262  pstorage.o(i.pstorage_register)
    pstorage_store                           0x0001fdbd   Thumb Code   216  pstorage.o(i.pstorage_store)
    pstorage_sys_event_handler               0x0001fe9d   Thumb Code    66  pstorage.o(i.pstorage_sys_event_handler)
    pstorage_update                          0x0001fee9   Thumb Code   216  pstorage.o(i.pstorage_update)
    rtt_print                                0x0002011d   Thumb Code    56  rtt.o(i.rtt_print)
    softdevice_assertion_handler             0x00020595   Thumb Code    18  softdevice_handler.o(i.softdevice_assertion_handler)
    softdevice_ble_evt_handler_set           0x000205a9   Thumb Code    18  softdevice_handler.o(i.softdevice_ble_evt_handler_set)
    softdevice_handler_init                  0x000205c1   Thumb Code    84  softdevice_handler.o(i.softdevice_handler_init)
    softdevice_sys_evt_handler_set           0x00020629   Thumb Code    18  softdevice_handler.o(i.softdevice_sys_evt_handler_set)
    m_service_context_store                  0x000211f8   Data          16  device_manager_peripheral.o(.constdata)
    m_service_context_load                   0x00021208   Data          16  device_manager_peripheral.o(.constdata)
    m_service_context_apply                  0x00021218   Data          16  device_manager_peripheral.o(.constdata)
    m_context_init_len                       0x00021228   Data           4  device_manager_peripheral.o(.constdata)
    Region$$Table$$Base                      0x0002141c   Number         0  anon$$obj.o(Region$$Table)
    Region$$Table$$Limit                     0x0002143c   Number         0  anon$$obj.o(Region$$Table)
    SystemCoreClock                          0x200020e8   Data           4  system_nrf51.o(.data)
    m_error_code                             0x200021f4   Data           4  app_error.o(.data)
    m_line_num                               0x200021f8   Data           4  app_error.o(.data)
    m_p_file_name                            0x200021fc   Data           4  app_error.o(.data)
    __initial_sp                             0x20003728   Data           0  arm_startup_nrf51.o(STACK)



==============================================================================

Memory Map of the image

  Image Entry point : 0x000180c1

  Load Region LR_IROM1 (Base: 0x00018000, Size: 0x00009690, Max: 0x00028000, ABSOLUTE, COMPRESSED[0x00009484])

    Execution Region ER_IROM1 (Base: 0x00018000, Size: 0x0000943c, Max: 0x00028000, ABSOLUTE)

    Base Addr    Size         Type   Attr      Idx    E Section Name        Object

    0x00018000   0x000000c0   Data   RO          796    RESET               arm_startup_nrf51.o
    0x000180c0   0x00000000   Code   RO         3370  * .ARM.Collect$$$$00000000  mc_p.l(entry.o)
    0x000180c0   0x00000004   Code   RO         3650    .ARM.Collect$$$$00000001  mc_p.l(entry2.o)
    0x000180c4   0x00000004   Code   RO         3653    .ARM.Collect$$$$00000004  mc_p.l(entry5.o)
    0x000180c8   0x00000000   Code   RO         3655    .ARM.Collect$$$$00000008  mc_p.l(entry7b.o)
    0x000180c8   0x00000000   Code   RO         3657    .ARM.Collect$$$$0000000A  mc_p.l(entry8b.o)
    0x000180c8   0x00000008   Code   RO         3658    .ARM.Collect$$$$0000000B  mc_p.l(entry9a.o)
    0x000180d0   0x00000000   Code   RO         3660    .ARM.Collect$$$$0000000D  mc_p.l(entry10a.o)
    0x000180d0   0x00000000   Code   RO         3662    .ARM.Collect$$$$0000000F  mc_p.l(entry11a.o)
    0x000180d0   0x00000004   Code   RO         3651    .ARM.Collect$$$$00002712  mc_p.l(entry2.o)
    0x000180d4   0x0000001e   Code   RO         1902    .emb_text           nrf_delay.o
    0x000180f2   0x00000002   PAD
    0x000180f4   0x00000034   Code   RO         2687    .emb_text           bootloader_util.o
    0x00018128   0x0000001e   Code   RO         2990    .emb_text           app_timer.o
    0x00018146   0x00000002   PAD
    0x00018148   0x00000038   Code   RO          797    .text               arm_startup_nrf51.o
    0x00018180   0x0000002c   Code   RO         3373    .text               mc_p.l(uidiv.o)
    0x000181ac   0x00000028   Code   RO         3375    .text               mc_p.l(idiv.o)
    0x000181d4   0x00000024   Code   RO         3377    .text               mc_p.l(memcpya.o)
    0x000181f8   0x00000024   Code   RO         3379    .text               mc_p.l(memseta.o)
    0x0001821c   0x0000000e   Code   RO         3383    .text               mc_p.l(strlen.o)
    0x0001822a   0x0000001a   Code   RO         3385    .text               mc_p.l(memcmp.o)
    0x00018244   0x00000024   Code   RO         3677    .text               mc_p.l(init.o)
    0x00018268   0x00000056   Code   RO         3697    .text               mc_p.l(__dczerorl2.o)
    0x000182be   0x0000003e   Code   RO          426    i.ExtractMemBlockData  button_status.o
    0x000182fc   0x0000018c   Code   RO         1674    i.GPIOTE_IRQHandler  nrf_drv_gpiote.o
    0x00018488   0x00000014   Code   RO         2991    i.NVIC_ClearPendingIRQ  app_timer.o
    0x0001849c   0x00000014   Code   RO         2992    i.NVIC_EnableIRQ    app_timer.o
    0x000184b0   0x00000014   Code   RO         2993    i.NVIC_SetPendingIRQ  app_timer.o
    0x000184c4   0x00000078   Code   RO         1640    i.NVIC_SetPriority  nrf_drv_common.o
    0x0001853c   0x00000078   Code   RO         2994    i.NVIC_SetPriority  app_timer.o
    0x000185b4   0x00000028   Code   RO         2995    i.RTC1_IRQHandler   app_timer.o
    0x000185dc   0x00000008   Code   RO          510    i.SEGGER_RTT_Init   segger_rtt.o
    0x000185e4   0x00000138   Code   RO          515    i.SEGGER_RTT_Write  segger_rtt.o
    0x0001871c   0x0000001c   Code   RO          598    i.SEGGER_RTT_printf  segger_rtt_printf.o
    0x00018738   0x00000208   Code   RO          599    i.SEGGER_RTT_vprintf  segger_rtt_printf.o
    0x00018940   0x00000008   Code   RO         2996    i.SWI0_IRQHandler   app_timer.o
    0x00018948   0x00000070   Code   RO         3285    i.SWI2_IRQHandler   softdevice_handler.o
    0x000189b8   0x00000038   Code   RO          804    i.SystemInit        system_nrf51.o
    0x000189f0   0x00000010   Code   RO         2474    i.TIMER0_IRQHandler  nrf_drv_timer.o
    0x00018a00   0x000000a8   Code   RO         1931    i.UART0_IRQHandler  app_uart.o
    0x00018aa8   0x00000002   Code   RO          517    i._Init             segger_rtt.o
    0x00018aaa   0x0000010c   Code   RO          600    i._PrintInt         segger_rtt_printf.o
    0x00018bb6   0x00000002   PAD
    0x00018bb8   0x00000120   Code   RO          601    i._PrintUnsigned    segger_rtt_printf.o
    0x00018cd8   0x00000044   Code   RO          602    i._StoreChar        segger_rtt_printf.o
    0x00018d1c   0x00000028   Code   RO         3458    i.__0sprintf$2      mc_p.l(printf2.o)
    0x00018d44   0x0000001c   Code   RO          198    i.__ARM_common_switch8  main.o
    0x00018d60   0x0000000e   Code   RO         3691    i.__scatterload_copy  mc_p.l(handlers.o)
    0x00018d6e   0x00000002   Code   RO         3692    i.__scatterload_null  mc_p.l(handlers.o)
    0x00018d70   0x0000000e   Code   RO         3693    i.__scatterload_zeroinit  mc_p.l(handlers.o)
    0x00018d7e   0x000000d2   Code   RO         3463    i._printf_core      mc_p.l(printf2.o)
    0x00018e50   0x0000000a   Code   RO         3465    i._sputc            mc_p.l(printf2.o)
    0x00018e5a   0x00000008   Code   RO         1932    i.action_tx_ready   app_uart.o
    0x00018e62   0x00000002   PAD
    0x00018e64   0x00000030   Code   RO         1933    i.action_tx_send    app_uart.o
    0x00018e94   0x00000028   Code   RO         1934    i.action_tx_stop    app_uart.o
    0x00018ebc   0x00000024   Code   RO         1935    i.action_uart_deactivate  app_uart.o
    0x00018ee0   0x00000136   Code   RO         1344    i.adv_data_encode   ble_advdata.o
    0x00019016   0x00000014   Code   RO         1345    i.advdata_check     ble_advdata.o
    0x0001902a   0x00000002   PAD
    0x0001902c   0x000000c4   Code   RO            4    i.advertising_init  main.o
    0x000190f0   0x00000058   Code   RO            5    i.advertising_stop  main.o
    0x00019148   0x00000024   Code   RO          637    i.alert_timer_handler  bsp.o
    0x0001916c   0x0000002c   Code   RO         2775    i.app_button_enable  app_button.o
    0x00019198   0x000000a4   Code   RO         2776    i.app_button_init   app_button.o
    0x0001923c   0x00000030   Code   RO         2777    i.app_button_is_pushed  app_button.o
    0x0001926c   0x000000c4   Code   RO            6    i.app_context_load  main.o
    0x00019330   0x0000003c   Code   RO         2837    i.app_error_handler  app_error.o
    0x0001936c   0x0000001c   Code   RO         1072    i.app_evt_notify    device_manager_peripheral.o
    0x00019388   0x00000030   Code   RO         2069    i.app_notify        pstorage.o
    0x000193b8   0x00000024   Code   RO         2070    i.app_notify_error_state_transit  pstorage.o
    0x000193dc   0x00000074   Code   RO         2932    i.app_sched_event_get  app_scheduler.o
    0x00019450   0x00000144   Code   RO         2933    i.app_sched_event_put  app_scheduler.o
    0x00019594   0x0000001e   Code   RO         2934    i.app_sched_execute  app_scheduler.o
    0x000195b2   0x00000002   PAD
    0x000195b4   0x0000005c   Code   RO         2935    i.app_sched_init    app_scheduler.o
    0x00019610   0x00000074   Code   RO         2999    i.app_timer_create  app_timer.o
    0x00019684   0x00000064   Code   RO         3208    i.app_timer_evt_get  app_timer_appsh.o
    0x000196e8   0x0000001c   Code   RO         3209    i.app_timer_evt_schedule  app_timer_appsh.o
    0x00019704   0x000000f0   Code   RO         3000    i.app_timer_init    app_timer.o
    0x000197f4   0x0000006c   Code   RO         3001    i.app_timer_start   app_timer.o
    0x00019860   0x00000044   Code   RO         3002    i.app_timer_stop    app_timer.o
    0x000198a4   0x0000004a   Code   RO         1346    i.appearance_encode  ble_advdata.o
    0x000198ee   0x00000002   PAD
    0x000198f0   0x00000044   Code   RO            7    i.application_timers_start  main.o
    0x00019934   0x000001c8   Code   RO          843    i.battery_level_char_add  ble_bas.o
    0x00019afc   0x00000070   Code   RO            8    i.battery_level_get  main.o
    0x00019b6c   0x0000000a   Code   RO            9    i.battery_level_meas_timeout_handler  main.o
    0x00019b76   0x00000002   PAD
    0x00019b78   0x00000090   Code   RO           10    i.battery_level_update  main.o
    0x00019c08   0x0000007a   Code   RO         1347    i.ble_advdata_set   ble_advdata.o
    0x00019c82   0x00000002   PAD
    0x00019c84   0x00000174   Code   RO         1426    i.ble_advertising_init  ble_advertising.o
    0x00019df8   0x00000104   Code   RO         1427    i.ble_advertising_on_ble_evt  ble_advertising.o
    0x00019efc   0x00000054   Code   RO         1428    i.ble_advertising_on_sys_evt  ble_advertising.o
    0x00019f50   0x00000010   Code   RO         1430    i.ble_advertising_peer_address_clear  ble_advertising.o
    0x00019f60   0x000002bc   Code   RO         1432    i.ble_advertising_start  ble_advertising.o
    0x0001a21c   0x00000080   Code   RO          844    i.ble_bas_battery_level_update  ble_bas.o
    0x0001a29c   0x00000048   Code   RO          845    i.ble_bas_init      ble_bas.o
    0x0001a2e4   0x0000003a   Code   RO          846    i.ble_bas_on_ble_evt  ble_bas.o
    0x0001a31e   0x00000002   PAD
    0x0001a320   0x00000088   Code   RO          427    i.ble_buttonstatus_init  button_status.o
    0x0001a3a8   0x00000164   Code   RO          428    i.ble_buttonstatus_on_ble_evt  button_status.o
    0x0001a50c   0x0000009c   Code   RO          429    i.ble_buttonstatus_on_button_change  button_status.o
    0x0001a5a8   0x00000078   Code   RO         1505    i.ble_conn_params_init  ble_conn_params.o
    0x0001a620   0x0000003e   Code   RO         1506    i.ble_conn_params_on_ble_evt  ble_conn_params.o
    0x0001a65e   0x00000002   PAD
    0x0001a660   0x00000010   Code   RO         1507    i.ble_conn_params_stop  ble_conn_params.o
    0x0001a670   0x000000b0   Code   RO          897    i.ble_dfu_init      ble_dfu.o
    0x0001a720   0x0000005a   Code   RO          898    i.ble_dfu_on_ble_evt  ble_dfu.o
    0x0001a77a   0x00000002   PAD
    0x0001a77c   0x0000008c   Code   RO          900    i.ble_dfu_response_send  ble_dfu.o
    0x0001a808   0x000001b4   Code   RO          999    i.ble_dis_init      ble_dis.o
    0x0001a9bc   0x00000094   Code   RO           11    i.ble_evt_dispatch  main.o
    0x0001aa50   0x00000012   Code   RO         1040    i.ble_srv_ascii_to_utf8  ble_srv_common.o
    0x0001aa62   0x00000002   PAD
    0x0001aa64   0x00000040   Code   RO         1041    i.ble_srv_report_ref_encode  ble_srv_common.o
    0x0001aaa4   0x000000fc   Code   RO           12    i.ble_stack_init    main.o
    0x0001aba0   0x00000050   Code   RO         1073    i.bond_data_load    device_manager_peripheral.o
    0x0001abf0   0x000000a8   Code   RO         2709    i.bootloader_start  dfu_app_handler.o
    0x0001ac98   0x0000000c   Code   RO         2688    i.bootloader_util_app_start  bootloader_util.o
    0x0001aca4   0x000000d8   Code   RO          638    i.bsp_button_event_handler  bsp.o
    0x0001ad7c   0x00000040   Code   RO           13    i.bsp_configuration  main.o
    0x0001adbc   0x0000005c   Code   RO          643    i.bsp_event_to_button_action_assign  bsp.o
    0x0001ae18   0x000002e8   Code   RO           14    i.bsp_evt_handler   main.o
    0x0001b100   0x00000024   Code   RO          644    i.bsp_indication_set  bsp.o
    0x0001b124   0x000000d4   Code   RO          646    i.bsp_init          bsp.o
    0x0001b1f8   0x000004ec   Code   RO          647    i.bsp_led_indication  bsp.o
    0x0001b6e4   0x00000134   Code   RO          430    i.button_status_char_add  button_status.o
    0x0001b818   0x0000000e   Code   RO          649    i.button_timer_handler  bsp.o
    0x0001b826   0x00000002   PAD
    0x0001b828   0x00000020   Code   RO         1675    i.channel_free      nrf_drv_gpiote.o
    0x0001b848   0x00000010   Code   RO         1676    i.channel_handler_get  nrf_drv_gpiote.o
    0x0001b858   0x00000078   Code   RO         1677    i.channel_port_alloc  nrf_drv_gpiote.o
    0x0001b8d0   0x0000000c   Code   RO         1678    i.channel_port_get  nrf_drv_gpiote.o
    0x0001b8dc   0x000000f0   Code   RO         1000    i.char_add          ble_dis.o
    0x0001b9cc   0x00000114   Code   RO         2071    i.clear_operation_execute  pstorage.o
    0x0001bae0   0x00000028   Code   RO         2072    i.clear_post_processing_run  pstorage.o
    0x0001bb08   0x0000002c   Code   RO           15    i.clock_initialization  main.o
    0x0001bb34   0x00000048   Code   RO         2073    i.cmd_process       pstorage.o
    0x0001bb7c   0x00000014   Code   RO         2074    i.cmd_queue_dequeue  pstorage.o
    0x0001bb90   0x0000003c   Code   RO         2075    i.cmd_queue_element_init  pstorage.o
    0x0001bbcc   0x00000084   Code   RO         2076    i.cmd_queue_enqueue  pstorage.o
    0x0001bc50   0x00000020   Code   RO         2077    i.cmd_queue_init    pstorage.o
    0x0001bc70   0x00000028   Code   RO         2078    i.command_end_procedure_run  pstorage.o
    0x0001bc98   0x0000002c   Code   RO         2079    i.command_queue_element_consume  pstorage.o
    0x0001bcc4   0x00000090   Code   RO         3004    i.compare_reg_update  app_timer.o
    0x0001bd54   0x0000005c   Code   RO         1348    i.conn_int_check    ble_advdata.o
    0x0001bdb0   0x0000005c   Code   RO         1349    i.conn_int_encode   ble_advdata.o
    0x0001be0c   0x00000088   Code   RO           16    i.conn_params_error_handler  main.o
    0x0001be94   0x00000070   Code   RO           17    i.conn_params_init  main.o
    0x0001bf04   0x00000094   Code   RO         1508    i.conn_params_negotiation  ble_conn_params.o
    0x0001bf98   0x00000048   Code   RO         1074    i.connection_instance_find  device_manager_peripheral.o
    0x0001bfe0   0x00000038   Code   RO         1075    i.connection_instance_init  device_manager_peripheral.o
    0x0001c018   0x0000005c   Code   RO         2936    i.current_int_priority_get  app_scheduler.o
    0x0001c074   0x0000005c   Code   RO         3005    i.current_int_priority_get  app_timer.o
    0x0001c0d0   0x00000084   Code   RO         2080    i.data_page_erase_state_run  pstorage.o
    0x0001c154   0x00000038   Code   RO         2081    i.data_to_swap_write_state_run  pstorage.o
    0x0001c18c   0x0000008c   Code   RO         2778    i.detection_delay_timeout_handler  app_button.o
    0x0001c218   0x000000d0   Code   RO         1076    i.device_context_store  device_manager_peripheral.o
    0x0001c2e8   0x0000007c   Code   RO         1077    i.device_instance_allocate  device_manager_peripheral.o
    0x0001c364   0x00000058   Code   RO         1078    i.device_instance_find  device_manager_peripheral.o
    0x0001c3bc   0x00000030   Code   RO         1079    i.device_instance_free  device_manager_peripheral.o
    0x0001c3ec   0x00000060   Code   RO           18    i.device_manager_evt_handler  main.o
    0x0001c44c   0x000000fc   Code   RO           19    i.device_manager_init  main.o
    0x0001c548   0x00000030   Code   RO         2710    i.dfu_app_dm_appl_instance_set  dfu_app_handler.o
    0x0001c578   0x00000044   Code   RO         2711    i.dfu_app_on_dfu_evt  dfu_app_handler.o
    0x0001c5bc   0x00000114   Code   RO         2712    i.dfu_app_peer_data_set  dfu_app_handler.o
    0x0001c6d0   0x00000002   Code   RO         2713    i.dfu_app_reset_prepare  dfu_app_handler.o
    0x0001c6d2   0x00000002   PAD
    0x0001c6d4   0x0000000c   Code   RO         2714    i.dfu_app_reset_prepare_set  dfu_app_handler.o
    0x0001c6e0   0x000000e0   Code   RO          901    i.dfu_ctrl_pt_add   ble_dfu.o
    0x0001c7c0   0x000000d4   Code   RO          902    i.dfu_pkt_char_add  ble_dfu.o
    0x0001c894   0x000000d8   Code   RO          903    i.dfu_rev_char_add  ble_dfu.o
    0x0001c96c   0x0000000c   Code   RO         1080    i.dm_application_context_delete  device_manager_peripheral.o
    0x0001c978   0x0000000c   Code   RO         1081    i.dm_application_context_get  device_manager_peripheral.o
    0x0001c984   0x0000000c   Code   RO         1082    i.dm_application_context_set  device_manager_peripheral.o
    0x0001c990   0x00000058   Code   RO         1083    i.dm_application_instance_set  device_manager_peripheral.o
    0x0001c9e8   0x00000640   Code   RO         1084    i.dm_ble_evt_handler  device_manager_peripheral.o
    0x0001d028   0x000000e8   Code   RO         1088    i.dm_distributed_keys_get  device_manager_peripheral.o
    0x0001d110   0x0000006c   Code   RO         1089    i.dm_handle_get     device_manager_peripheral.o
    0x0001d17c   0x0000001c   Code   RO         1090    i.dm_handle_initialize  device_manager_peripheral.o
    0x0001d198   0x00000108   Code   RO         1091    i.dm_init           device_manager_peripheral.o
    0x0001d2a0   0x000000c4   Code   RO         1092    i.dm_peer_addr_get  device_manager_peripheral.o
    0x0001d364   0x00000204   Code   RO         1094    i.dm_pstorage_cb_handler  device_manager_peripheral.o
    0x0001d568   0x000000bc   Code   RO         1095    i.dm_register       device_manager_peripheral.o
    0x0001d624   0x00000064   Code   RO         3006    i.elapsed_ticks_acquire  app_timer.o
    0x0001d688   0x00000044   Code   RO         2082    i.erase_sub_state_sm_run  pstorage.o
    0x0001d6cc   0x0000006c   Code   RO         3007    i.expired_timers_handler  app_timer.o
    0x0001d738   0x00000128   Code   RO          431    i.firmware_nickname_char_add  button_status.o
    0x0001d860   0x00000078   Code   RO           20    i.firmware_nickname_write_handler  main.o
    0x0001d8d8   0x00000030   Code   RO         2083    i.flash_api_err_code_process  pstorage.o
    0x0001d908   0x00000040   Code   RO         2084    i.flash_operation_failure_run  pstorage.o
    0x0001d948   0x00000030   Code   RO         2085    i.flash_operation_success_run  pstorage.o
    0x0001d978   0x00000010   Code   RO         2086    i.flash_page_erase  pstorage.o
    0x0001d988   0x00000018   Code   RO         2087    i.flash_write       pstorage.o
    0x0001d9a0   0x000000c4   Code   RO           21    i.gap_params_init   main.o
    0x0001da64   0x00000006   Code   RO         1102    i.gattc_context_apply  device_manager_peripheral.o
    0x0001da6a   0x00000006   Code   RO         1103    i.gattc_context_load  device_manager_peripheral.o
    0x0001da70   0x00000006   Code   RO         1104    i.gattc_context_store  device_manager_peripheral.o
    0x0001da76   0x00000002   PAD
    0x0001da78   0x000000f4   Code   RO         1105    i.gatts_context_apply  device_manager_peripheral.o
    0x0001db6c   0x00000048   Code   RO         1106    i.gatts_context_load  device_manager_peripheral.o
    0x0001dbb4   0x000000d8   Code   RO         1107    i.gatts_context_store  device_manager_peripheral.o
    0x0001dc8c   0x0000001a   Code   RO         1108    i.gattsc_context_apply  device_manager_peripheral.o
    0x0001dca6   0x0000001e   Code   RO         1109    i.gattsc_context_load  device_manager_peripheral.o
    0x0001dcc4   0x0000001e   Code   RO         1110    i.gattsc_context_store  device_manager_peripheral.o
    0x0001dce2   0x00000002   PAD
    0x0001dce4   0x0000001c   Code   RO           22    i.gpio_start        main.o
    0x0001dd00   0x00000080   Code   RO         2779    i.gpiote_event_handler  app_button.o
    0x0001dd80   0x00000070   Code   RO         2088    i.head_restore_state_run  pstorage.o
    0x0001ddf0   0x000000f4   Code   RO         3286    i.intern_softdevice_events_execute  softdevice_handler.o
    0x0001dee4   0x00000034   Code   RO         2715    i.interrupts_disable  dfu_app_handler.o
    0x0001df18   0x00000048   Code   RO          904    i.is_cccd_configured  ble_dfu.o
    0x0001df60   0x00000024   Code   RO         1509    i.is_conn_params_ok  ble_conn_params.o
    0x0001df84   0x00000038   Code   RO          805    i.is_disabled_in_debug_needed  system_nrf51.o
    0x0001dfbc   0x0000006c   Code   RO          806    i.is_manual_peripheral_setup_needed  system_nrf51.o
    0x0001e028   0x00000058   Code   RO         2089    i.is_page_erase_required  pstorage.o
    0x0001e080   0x00000050   Code   RO         2090    i.is_tail_data_page_swap_required  pstorage.o
    0x0001e0d0   0x00000012   Code   RO         2091    i.is_word_aligned   pstorage.o
    0x0001e0e2   0x00000002   PAD
    0x0001e0e4   0x00000024   Code   RO          650    i.leds_timer_handler  bsp.o
    0x0001e108   0x000000c0   Code   RO         3008    i.list_deletions_handler  app_timer.o
    0x0001e1c8   0x00000130   Code   RO         3009    i.list_insertions_handler  app_timer.o
    0x0001e2f8   0x000000f0   Code   RO           23    i.main              main.o
    0x0001e3e8   0x00000020   Code   RO         2092    i.main_state_err_busy_process  pstorage.o
    0x0001e408   0x0000006a   Code   RO         1350    i.manuf_specific_data_encode  ble_advdata.o
    0x0001e472   0x00000096   Code   RO         1351    i.name_encode       ble_advdata.o
    0x0001e508   0x00000018   Code   RO         2937    i.next_index        app_scheduler.o
    0x0001e520   0x00000006   Code   RO         1111    i.no_service_context_apply  device_manager_peripheral.o
    0x0001e526   0x00000006   Code   RO         1112    i.no_service_context_load  device_manager_peripheral.o
    0x0001e52c   0x00000006   Code   RO         1113    i.no_service_context_store  device_manager_peripheral.o
    0x0001e532   0x00000002   PAD
    0x0001e534   0x0000001c   Code   RO         1903    i.nrf_delay_ms      nrf_delay.o
    0x0001e550   0x00000038   Code   RO         1641    i.nrf_drv_common_irq_enable  nrf_drv_common.o
    0x0001e588   0x000000c8   Code   RO         1681    i.nrf_drv_gpiote_in_event_enable  nrf_drv_gpiote.o
    0x0001e650   0x000000f4   Code   RO         1682    i.nrf_drv_gpiote_in_init  nrf_drv_gpiote.o
    0x0001e744   0x00000020   Code   RO         1683    i.nrf_drv_gpiote_in_is_set  nrf_drv_gpiote.o
    0x0001e764   0x00000050   Code   RO         1685    i.nrf_drv_gpiote_init  nrf_drv_gpiote.o
    0x0001e7b4   0x00000014   Code   RO         1686    i.nrf_drv_gpiote_is_init  nrf_drv_gpiote.o
    0x0001e7c8   0x0000000c   Code   RO         2482    i.nrf_drv_timer_compare_event_get  nrf_drv_timer.o
    0x0001e7d4   0x0000006c   Code   RO         2491    i.nrf_drv_timer_interrupt_handle  nrf_drv_timer.o
    0x0001e840   0x00000046   Code   RO         1699    i.nrf_gpio_cfg_sense_set  nrf_drv_gpiote.o
    0x0001e886   0x00000002   PAD
    0x0001e888   0x0000000c   Code   RO         1702    i.nrf_gpiote_event_addr_get  nrf_drv_gpiote.o
    0x0001e894   0x00000010   Code   RO         1703    i.nrf_gpiote_event_clear  nrf_drv_gpiote.o
    0x0001e8a4   0x00000016   Code   RO         1704    i.nrf_gpiote_event_is_set  nrf_drv_gpiote.o
    0x0001e8ba   0x00000002   PAD
    0x0001e8bc   0x0000000c   Code   RO         1705    i.nrf_gpiote_int_enable  nrf_drv_gpiote.o
    0x0001e8c8   0x00000006   Code   RO         2500    i.nrf_timer_event_clear  nrf_drv_timer.o
    0x0001e8ce   0x00000002   PAD
    0x0001e8d0   0x000001d4   Code   RO           24    i.on_adv_evt        main.o
    0x0001eaa4   0x00000500   Code   RO           25    i.on_ble_evt        main.o
    0x0001efa4   0x000000a8   Code   RO           26    i.on_conn_params_evt  main.o
    0x0001f04c   0x00000018   Code   RO         1510    i.on_conn_params_update  ble_conn_params.o
    0x0001f064   0x00000028   Code   RO          432    i.on_connect        button_status.o
    0x0001f08c   0x00000006   Code   RO          847    i.on_connect        ble_bas.o
    0x0001f092   0x00000006   Code   RO          905    i.on_connect        ble_dfu.o
    0x0001f098   0x0000003c   Code   RO         1511    i.on_connect        ble_conn_params.o
    0x0001f0d4   0x0000014e   Code   RO          906    i.on_ctrl_pt_write  ble_dfu.o
    0x0001f222   0x00000002   PAD
    0x0001f224   0x00000028   Code   RO         1943    i.on_cts_high       app_uart.o
    0x0001f24c   0x0000003c   Code   RO         1944    i.on_cts_low        app_uart.o
    0x0001f288   0x00000008   Code   RO          433    i.on_disconnect     button_status.o
    0x0001f290   0x00000008   Code   RO          848    i.on_disconnect     ble_bas.o
    0x0001f298   0x00000008   Code   RO          907    i.on_disconnect     ble_dfu.o
    0x0001f2a0   0x00000044   Code   RO         1512    i.on_disconnect     ble_conn_params.o
    0x0001f2e4   0x00000046   Code   RO          908    i.on_rw_authorize_req  ble_dfu.o
    0x0001f32a   0x00000002   PAD
    0x0001f32c   0x0000002c   Code   RO         1945    i.on_tx_ready       app_uart.o
    0x0001f358   0x00000008   Code   RO         1946    i.on_uart_close     app_uart.o
    0x0001f360   0x00000036   Code   RO         1947    i.on_uart_event     app_uart.o
    0x0001f396   0x00000002   PAD
    0x0001f398   0x00000014   Code   RO         1948    i.on_uart_put       app_uart.o
    0x0001f3ac   0x00000110   Code   RO          434    i.on_write          button_status.o
    0x0001f4bc   0x00000050   Code   RO          849    i.on_write          ble_bas.o
    0x0001f50c   0x0000002c   Code   RO          909    i.on_write          ble_dfu.o
    0x0001f538   0x0000005c   Code   RO         1513    i.on_write          ble_conn_params.o
    0x0001f594   0x0000001a   Code   RO         1434    i.peer_address_exists  ble_advertising.o
    0x0001f5ae   0x00000002   PAD
    0x0001f5b0   0x00000050   Code   RO         1114    i.peer_instance_init  device_manager_peripheral.o
    0x0001f600   0x0000001c   Code   RO         1706    i.pin_in_use_by_gpiote  nrf_drv_gpiote.o
    0x0001f61c   0x00000018   Code   RO         1707    i.pin_in_use_by_port  nrf_drv_gpiote.o
    0x0001f634   0x00000020   Code   RO         1708    i.pin_in_use_by_te  nrf_drv_gpiote.o
    0x0001f654   0x00000010   Code   RO         1709    i.pin_in_use_clear  nrf_drv_gpiote.o
    0x0001f664   0x0000009c   Code   RO         1001    i.pnp_id_encode     ble_dis.o
    0x0001f700   0x00000034   Code   RO           27    i.power_manage      main.o
    0x0001f734   0x00000030   Code   RO         2093    i.pstorage_access_status_get  pstorage.o
    0x0001f764   0x000000a4   Code   RO         2094    i.pstorage_block_identifier_get  pstorage.o
    0x0001f808   0x000001cc   Code   RO           28    i.pstorage_callback_handler  main.o
    0x0001f9d4   0x00000118   Code   RO         2095    i.pstorage_clear    pstorage.o
    0x0001faec   0x00000028   Code   RO         2096    i.pstorage_flash_page_end  pstorage.o
    0x0001fb14   0x0000000a   Code   RO         2097    i.pstorage_flash_page_size  pstorage.o
    0x0001fb1e   0x00000002   PAD
    0x0001fb20   0x00000088   Code   RO         2098    i.pstorage_init     pstorage.o
    0x0001fba8   0x000000fc   Code   RO         2099    i.pstorage_load     pstorage.o
    0x0001fca4   0x00000118   Code   RO         2100    i.pstorage_register  pstorage.o
    0x0001fdbc   0x000000e0   Code   RO         2101    i.pstorage_store    pstorage.o
    0x0001fe9c   0x0000004c   Code   RO         2102    i.pstorage_sys_event_handler  pstorage.o
    0x0001fee8   0x000000e0   Code   RO         2103    i.pstorage_update   pstorage.o
    0x0001ffc8   0x0000009c   Code   RO           29    i.reset_prepare     main.o
    0x00020064   0x0000000c   Code   RO         3010    i.rtc1_counter_get  app_timer.o
    0x00020070   0x00000018   Code   RO         3011    i.rtc1_init         app_timer.o
    0x00020088   0x0000003c   Code   RO         3012    i.rtc1_start        app_timer.o
    0x000200c4   0x00000058   Code   RO         3013    i.rtc1_stop         app_timer.o
    0x0002011c   0x00000060   Code   RO          489    i.rtt_print         rtt.o
    0x0002017c   0x00000040   Code   RO           30    i.scheduler_init    main.o
    0x000201bc   0x00000044   Code   RO           31    i.sec_params_init   main.o
    0x00020200   0x0000008c   Code   RO         1352    i.service_data_encode  ble_advdata.o
    0x0002028c   0x00000268   Code   RO           32    i.services_init     main.o
    0x000204f4   0x0000008c   Code   RO           33    i.sleep_mode_enter  main.o
    0x00020580   0x00000014   Code   RO         2104    i.sm_state_change   pstorage.o
    0x00020594   0x00000012   Code   RO         3287    i.softdevice_assertion_handler  softdevice_handler.o
    0x000205a6   0x00000002   PAD
    0x000205a8   0x00000018   Code   RO         3288    i.softdevice_ble_evt_handler_set  softdevice_handler.o
    0x000205c0   0x00000068   Code   RO         3289    i.softdevice_handler_init  softdevice_handler.o
    0x00020628   0x00000018   Code   RO         3291    i.softdevice_sys_evt_handler_set  softdevice_handler.o
    0x00020640   0x00000010   Code   RO         1353    i.srdata_check      ble_advdata.o
    0x00020650   0x00000010   Code   RO         2105    i.state_data_erase_entry_run  pstorage.o
    0x00020660   0x00000098   Code   RO         2106    i.state_data_erase_swap_entry_run  pstorage.o
    0x000206f8   0x0000003c   Code   RO         2107    i.state_entry_action_run  pstorage.o
    0x00020734   0x00000010   Code   RO         2108    i.state_erase_data_page_entry_run  pstorage.o
    0x00020744   0x0000001c   Code   RO         2109    i.state_idle_entry_run  pstorage.o
    0x00020760   0x00000034   Code   RO         2110    i.state_restore_head_entry_run  pstorage.o
    0x00020794   0x00000054   Code   RO         2111    i.state_restore_tail_entry_run  pstorage.o
    0x000207e8   0x00000008   Code   RO         2112    i.state_store_entry_run  pstorage.o
    0x000207f0   0x00000026   Code   RO         2113    i.state_swap_erase_entry_run  pstorage.o
    0x00020816   0x00000002   PAD
    0x00020818   0x00000034   Code   RO         2114    i.state_write_data_swap_entry_run  pstorage.o
    0x0002084c   0x00000008   Code   RO         1115    i.storage_operation_dummy_handler  device_manager_peripheral.o
    0x00020854   0x00000064   Code   RO         2115    i.store_cmd_flash_write_execute  pstorage.o
    0x000208b8   0x0000000a   Code   RO         2116    i.store_operation_execute  pstorage.o
    0x000208c2   0x00000002   PAD
    0x000208c4   0x0000004c   Code   RO         2117    i.store_sub_state_sm_run  pstorage.o
    0x00020910   0x00000020   Code   RO         2118    i.swap_erase_state_run  pstorage.o
    0x00020930   0x00000008   Code   RO         2119    i.swap_sub_sm_exit_action_run  pstorage.o
    0x00020938   0x00000018   Code   RO         2120    i.swap_sub_state_entry_action_run  pstorage.o
    0x00020950   0x00000020   Code   RO         2121    i.swap_sub_state_err_busy_process  pstorage.o
    0x00020970   0x00000018   Code   RO         2122    i.swap_sub_state_sm_run  pstorage.o
    0x00020988   0x00000014   Code   RO         2123    i.swap_sub_state_state_change  pstorage.o
    0x0002099c   0x00000012   Code   RO           35    i.sys_evt_dispatch  main.o
    0x000209ae   0x00000002   PAD
    0x000209b0   0x000000a4   Code   RO         1002    i.sys_id_encode     ble_dis.o
    0x00020a54   0x00000020   Code   RO         2124    i.tail_restore_state_run  pstorage.o
    0x00020a74   0x00000058   Code   RO         2125    i.tail_word_size_calculate  pstorage.o
    0x00020acc   0x0000000a   Code   RO         3014    i.ticks_diff_get    app_timer.o
    0x00020ad6   0x00000002   PAD
    0x00020ad8   0x0000006c   Code   RO         3015    i.timeout_handler_exec  app_timer.o
    0x00020b44   0x00000058   Code   RO         3016    i.timer_list_handler  app_timer.o
    0x00020b9c   0x0000000a   Code   RO         3017    i.timer_list_handler_sched  app_timer.o
    0x00020ba6   0x00000002   PAD
    0x00020ba8   0x000000dc   Code   RO         3018    i.timer_list_insert  app_timer.o
    0x00020c84   0x000000cc   Code   RO         3019    i.timer_list_remove  app_timer.o
    0x00020d50   0x00000054   Code   RO         3020    i.timer_start_op_schedule  app_timer.o
    0x00020da4   0x00000040   Code   RO         3022    i.timer_stop_op_schedule  app_timer.o
    0x00020de4   0x0000009c   Code   RO         3023    i.timer_timeouts_check  app_timer.o
    0x00020e80   0x0000000a   Code   RO         3024    i.timer_timeouts_check_sched  app_timer.o
    0x00020e8a   0x00000002   PAD
    0x00020e8c   0x0000007c   Code   RO           37    i.timers_init       main.o
    0x00020f08   0x00000030   Code   RO         1354    i.tx_power_level_encode  ble_advdata.o
    0x00020f38   0x0000000c   Code   RO          910    i.uint16_decode     ble_dfu.o
    0x00020f44   0x00000012   Code   RO         1003    i.uint16_encode     ble_dis.o
    0x00020f56   0x00000012   Code   RO         1355    i.uint16_encode     ble_advdata.o
    0x00020f68   0x00000008   Code   RO         2126    i.update_operation_execute  pstorage.o
    0x00020f70   0x00000014   Code   RO         1116    i.update_status_bit_reset  device_manager_peripheral.o
    0x00020f84   0x0000009c   Code   RO         1514    i.update_timeout_handler  ble_conn_params.o
    0x00021020   0x00000022   Code   RO         3025    i.user_id_get       app_timer.o
    0x00021042   0x0000002c   Code   RO         3026    i.user_op_alloc     app_timer.o
    0x0002106e   0x00000004   Code   RO         3027    i.user_op_enque     app_timer.o
    0x00021072   0x00000040   Code   RO         1356    i.uuid_list_encode  ble_advdata.o
    0x000210b2   0x000000c4   Code   RO         1357    i.uuid_list_sized_encode  ble_advdata.o
    0x00021176   0x00000016   Code   RO         1435    i.whitelist_has_entries  ble_advertising.o
    0x0002118c   0x0000000c   Data   RO           39    .constdata          main.o
    0x00021198   0x00000010   Data   RO          436    .constdata          button_status.o
    0x000211a8   0x00000010   Data   RO          603    .constdata          segger_rtt_printf.o
    0x000211b8   0x00000030   Data   RO          652    .constdata          bsp.o
    0x000211e8   0x00000010   Data   RO          912    .constdata          ble_dfu.o
    0x000211f8   0x00000034   Data   RO         1118    .constdata          device_manager_peripheral.o
    0x0002122c   0x00000028   Data   RO         2128    .constdata          pstorage.o
    0x00021254   0x00000004   Data   RO         2780    .constdata          app_button.o
    0x00021258   0x00000049   Data   RO          437    .conststring        button_status.o
    0x000212a1   0x00000003   PAD
    0x000212a4   0x00000009   Data   RO          520    .conststring        segger_rtt.o
    0x000212ad   0x00000003   PAD
    0x000212b0   0x00000055   Data   RO         1004    .conststring        ble_dis.o
    0x00021305   0x00000003   PAD
    0x00021308   0x0000004e   Data   RO         1044    .conststring        ble_srv_common.o
    0x00021356   0x00000002   PAD
    0x00021358   0x00000061   Data   RO         1119    .conststring        device_manager_peripheral.o
    0x000213b9   0x00000003   PAD
    0x000213bc   0x0000005d   Data   RO         2717    .conststring        dfu_app_handler.o
    0x00021419   0x00000003   PAD
    0x0002141c   0x00000020   Data   RO         3689    Region$$Table       anon$$obj.o


    Execution Region RW_IRAM1 (Base: 0x20002000, Size: 0x00001728, Max: 0x00006000, ABSOLUTE, COMPRESSED[0x00000048])

    Base Addr    Size         Type   Attr      Idx    E Section Name        Object

    0x20002000   0x00000048   Data   RW           40    .data               main.o
    0x20002048   0x00000079   Data   RW          521    .data               segger_rtt.o
    0x200020c1   0x00000003   PAD
    0x200020c4   0x00000021   Data   RW          653    .data               bsp.o
    0x200020e5   0x00000003   PAD
    0x200020e8   0x00000004   Data   RW          807    .data               system_nrf51.o
    0x200020ec   0x00000008   Data   RW          913    .data               ble_dfu.o
    0x200020f4   0x0000004a   Data   RW         1005    .data               ble_dis.o
    0x2000213e   0x00000002   PAD
    0x20002140   0x00000014   Data   RW         1120    .data               device_manager_peripheral.o
    0x20002154   0x00000020   Data   RW         1437    .data               ble_advertising.o
    0x20002174   0x00000019   Data   RW         1516    .data               ble_conn_params.o
    0x2000218d   0x00000003   PAD
    0x20002190   0x0000000d   Data   RW         1952    .data               app_uart.o
    0x2000219d   0x00000003   PAD
    0x200021a0   0x00000028   Data   RW         2129    .data               pstorage.o
    0x200021c8   0x0000000c   Data   RW         2508    .data               nrf_drv_timer.o
    0x200021d4   0x00000008   Data   RW         2718    .data               dfu_app_handler.o
    0x200021dc   0x00000018   Data   RW         2781    .data               app_button.o
    0x200021f4   0x0000000c   Data   RW         2838    .data               app_error.o
    0x20002200   0x0000000e   Data   RW         2938    .data               app_scheduler.o
    0x2000220e   0x00000002   PAD
    0x20002210   0x0000002a   Data   RW         3028    .data               app_timer.o
    0x2000223a   0x00000002   PAD
    0x2000223c   0x00000018   Data   RW         3292    .data               softdevice_handler.o
    0x20002254   0x000004d0   Zero   RW           38    .bss                main.o
    0x20002724   0x00000036   Zero   RW          435    .bss                button_status.o
    0x2000275a   0x00000410   Zero   RW          519    .bss                segger_rtt.o
    0x20002b6a   0x0000000c   Zero   RW          651    .bss                bsp.o
    0x20002b76   0x00000002   PAD
    0x20002b78   0x00000127   Zero   RW         1117    .bss                device_manager_peripheral.o
    0x20002c9f   0x00000001   PAD
    0x20002ca0   0x000000fb   Zero   RW         1436    .bss                ble_advertising.o
    0x20002d9b   0x00000001   PAD
    0x20002d9c   0x0000001c   Zero   RW         1515    .bss                ble_conn_params.o
    0x20002db8   0x00000050   Zero   RW         1710    .bss                nrf_drv_gpiote.o
    0x20002e08   0x000000e4   Zero   RW         2127    .bss                pstorage.o
    0x20002eec   0x0000003c   Zero   RW         2716    .bss                dfu_app_handler.o
    0x20002f28   0x00000800   Zero   RW          794    STACK               arm_startup_nrf51.o


==============================================================================

Image component sizes


      Code (inc. data)   RO Data    RW Data    ZI Data      Debug   Object Name

       524         82          4         24          0       7397   app_button.o
        60         12          0         12          0       1760   app_error.o
       678        130          0         14          0      15115   app_scheduler.o
      2950        362          0         42          0      31839   app_timer.o
       128         58          0          0          0       2485   app_timer_appsh.o
       526        100          0         13          0       8864   app_uart.o
        56         18        192          0       2048        668   arm_startup_nrf51.o
      1448          4          0          0          0      13178   ble_advdata.o
      1480        144          0         32        251      10769   ble_advertising.o
       808         18          0          0          0      14319   ble_bas.o
       782        130          0         25         28       8807   ble_conn_params.o
      1604         56         16          8          0      14456   ble_dfu.o
      1014         66         85         74          0       6987   ble_dis.o
        82          4         78          0          0       2024   ble_srv_common.o
        64          2          0          0          0       1180   bootloader_util.o
      1902        156         48         33         12       8328   bsp.o
      1634        418         89          0         54       7520   button_status.o
      4722        394        149         20        295      32246   device_manager_peripheral.o
       626         58         93          8         60      13440   dfu_app_handler.o
      6888       2328         12         72       1232     125088   main.o
        58          4          0          0          0       1579   nrf_delay.o
       176         18          0          0          0       8144   nrf_drv_common.o
      1384        118          0          0         80      21832   nrf_drv_gpiote.o
       142         12          0         12          0       9396   nrf_drv_timer.o
      4300        438         40         40        228      40258   pstorage.o
        96         40          0          0          0        696   rtt.o
       322          6          9        121       1040       3029   segger_rtt.o
      1172          4         16          0          0       5689   segger_rtt_printf.o
       526        168          0         24          0       5900   softdevice_handler.o
       220         26          0          4          0       1871   system_nrf51.o

    ----------------------------------------------------------------------
     36440       5374        880        596       5332     424864   Object Totals
         0          0         32          0          0          0   (incl. Generated)
        68          0         17         18          4          0   (incl. Padding)

    ----------------------------------------------------------------------

      Code (inc. data)   RO Data    RW Data    ZI Data      Debug   Library Member Name

        86          0          0          0          0          0   __dczerorl2.o
         0          0          0          0          0          0   entry.o
         0          0          0          0          0          0   entry10a.o
         0          0          0          0          0          0   entry11a.o
         8          4          0          0          0          0   entry2.o
         4          0          0          0          0          0   entry5.o
         0          0          0          0          0          0   entry7b.o
         0          0          0          0          0          0   entry8b.o
         8          4          0          0          0          0   entry9a.o
        30          0          0          0          0          0   handlers.o
        40          0          0          0          0         72   idiv.o
        36          8          0          0          0         68   init.o
        26          0          0          0          0         72   memcmp.o
        36          0          0          0          0         60   memcpya.o
        36          0          0          0          0        100   memseta.o
       260          4          0          0          0        228   printf2.o
        14          0          0          0          0         60   strlen.o
        44          0          0          0          0         72   uidiv.o

    ----------------------------------------------------------------------
       628         20          0          0          0        732   Library Totals
         0          0          0          0          0          0   (incl. Padding)

    ----------------------------------------------------------------------

      Code (inc. data)   RO Data    RW Data    ZI Data      Debug   Library Name

       628         20          0          0          0        732   mc_p.l

    ----------------------------------------------------------------------
       628         20          0          0          0        732   Library Totals

    ----------------------------------------------------------------------

==============================================================================


      Code (inc. data)   RO Data    RW Data    ZI Data      Debug   

     37068       5394        880        596       5332     411848   Grand Totals
     37068       5394        880         72       5332     411848   ELF Image Totals (compressed)
     37068       5394        880         72          0          0   ROM Totals

==============================================================================

    Total RO  Size (Code + RO Data)                37948 (  37.06kB)
    Total RW  Size (RW Data + ZI Data)              5928 (   5.79kB)
    Total ROM Size (Code + RO Data + RW Data)      38020 (  37.13kB)

==============================================================================

