Component: ARM Compiler 5.06 (build 20) Tool: armlink [4d35a3]

==============================================================================

Section Cross References

    main.o(i.advertising_init) refers to memseta.o(.text) for __aeabi_memclr4
    main.o(i.advertising_init) refers to rtt.o(i.rtt_print) for rtt_print
    main.o(i.advertising_init) refers to ble_advertising.o(i.ble_advertising_init) for ble_advertising_init
    main.o(i.advertising_init) refers to app_error.o(i.app_error_handler) for app_error_handler
    main.o(i.advertising_init) refers to main.o(.constdata) for .constdata
    main.o(i.advertising_init) refers to main.o(i.on_adv_evt) for on_adv_evt
    main.o(i.advertising_stop) refers to app_error.o(i.app_error_handler) for app_error_handler
    main.o(i.advertising_stop) refers to bsp.o(i.bsp_indication_set) for bsp_indication_set
    main.o(i.app_context_load) refers to device_manager_peripheral.o(i.dm_application_context_get) for dm_application_context_get
    main.o(i.app_context_load) refers to app_error.o(i.app_error_handler) for app_error_handler
    main.o(i.app_context_load) refers to device_manager_peripheral.o(i.dm_application_context_delete) for dm_application_context_delete
    main.o(i.app_context_load) refers to main.o(.data) for context_data
    main.o(i.application_timers_start) refers to app_timer.o(i.app_timer_start) for app_timer_start
    main.o(i.application_timers_start) refers to app_error.o(i.app_error_handler) for app_error_handler
    main.o(i.application_timers_start) refers to main.o(.data) for m_battery_timer_id
    main.o(i.battery_level_get) refers to uidiv.o(.text) for __aeabi_uidivmod
    main.o(i.battery_level_get) refers to idiv.o(.text) for __aeabi_idivmod
    main.o(i.battery_level_meas_timeout_handler) refers to main.o(i.battery_level_update) for battery_level_update
    main.o(i.battery_level_update) refers to main.o(i.battery_level_get) for battery_level_get
    main.o(i.battery_level_update) refers to rtt.o(i.rtt_print) for rtt_print
    main.o(i.battery_level_update) refers to ble_bas.o(i.ble_bas_battery_level_update) for ble_bas_battery_level_update
    main.o(i.battery_level_update) refers to app_error.o(i.app_error_handler) for app_error_handler
    main.o(i.battery_level_update) refers to main.o(.bss) for m_bas
    main.o(i.ble_evt_dispatch) refers to rtt.o(i.rtt_print) for rtt_print
    main.o(i.ble_evt_dispatch) refers to device_manager_peripheral.o(i.dm_ble_evt_handler) for dm_ble_evt_handler
    main.o(i.ble_evt_dispatch) refers to ble_conn_params.o(i.ble_conn_params_on_ble_evt) for ble_conn_params_on_ble_evt
    main.o(i.ble_evt_dispatch) refers to ble_bas.o(i.ble_bas_on_ble_evt) for ble_bas_on_ble_evt
    main.o(i.ble_evt_dispatch) refers to ble_dfu.o(i.ble_dfu_on_ble_evt) for ble_dfu_on_ble_evt
    main.o(i.ble_evt_dispatch) refers to main.o(i.on_ble_evt) for on_ble_evt
    main.o(i.ble_evt_dispatch) refers to ble_advertising.o(i.ble_advertising_on_ble_evt) for ble_advertising_on_ble_evt
    main.o(i.ble_evt_dispatch) refers to button_status.o(i.ble_buttonstatus_on_ble_evt) for ble_buttonstatus_on_ble_evt
    main.o(i.ble_evt_dispatch) refers to main.o(.bss) for m_bas
    main.o(i.ble_evt_dispatch) refers to main.o(.data) for m_mem_block
    main.o(i.ble_stack_init) refers to softdevice_handler.o(i.softdevice_handler_init) for softdevice_handler_init
    main.o(i.ble_stack_init) refers to app_error.o(i.app_error_handler) for app_error_handler
    main.o(i.ble_stack_init) refers to softdevice_handler.o(i.softdevice_ble_evt_handler_set) for softdevice_ble_evt_handler_set
    main.o(i.ble_stack_init) refers to softdevice_handler.o(i.softdevice_sys_evt_handler_set) for softdevice_sys_evt_handler_set
    main.o(i.ble_stack_init) refers to main.o(.bss) for BLE_EVT_BUFFER
    main.o(i.ble_stack_init) refers to main.o(i.ble_evt_dispatch) for ble_evt_dispatch
    main.o(i.ble_stack_init) refers to main.o(i.sys_evt_dispatch) for sys_evt_dispatch
    main.o(i.bsp_configuration) refers to bsp.o(i.bsp_init) for bsp_init
    main.o(i.bsp_configuration) refers to app_error.o(i.app_error_handler) for app_error_handler
    main.o(i.bsp_configuration) refers to main.o(i.bsp_evt_handler) for bsp_evt_handler
    main.o(i.bsp_evt_handler) refers to app_button.o(i.app_button_is_pushed) for app_button_is_pushed
    main.o(i.bsp_evt_handler) refers to button_status.o(i.ble_buttonstatus_on_button_change) for ble_buttonstatus_on_button_change
    main.o(i.bsp_evt_handler) refers to rtt.o(i.rtt_print) for rtt_print
    main.o(i.bsp_evt_handler) refers to app_error.o(i.app_error_handler) for app_error_handler
    main.o(i.bsp_evt_handler) refers to main.o(.data) for m_conn_handle
    main.o(i.bsp_evt_handler) refers to main.o(.bss) for m_buttonservice
    main.o(i.conn_params_error_handler) refers to app_error.o(i.app_error_handler) for app_error_handler
[...]
    i.pstorage_flash_page_end                0x0001f8d8   Section        0  pstorage.o(i.pstorage_flash_page_end)
    pstorage_flash_page_end                  0x0001f8d9   Thumb Code    36  pstorage.o(i.pstorage_flash_page_end)
    i.pstorage_flash_page_size               0x0001f900   Section        0  pstorage.o(i.pstorage_flash_page_size)
    pstorage_flash_page_size                 0x0001f901   Thumb Code    10  pstorage.o(i.pstorage_flash_page_size)
    i.pstorage_init                          0x0001f90c   Section        0  pstorage.o(i.pstorage_init)
    i.pstorage_load                          0x0001f994   Section        0  pstorage.o(i.pstorage_load)
    i.pstorage_register                      0x0001fa90   Section        0  pstorage.o(i.pstorage_register)
    i.pstorage_store                         0x0001fba8   Section        0  pstorage.o(i.pstorage_store)
    i.pstorage_sys_event_handler             0x0001fc88   Section        0  pstorage.o(i.pstorage_sys_event_handler)
    i.pstorage_update                        0x0001fcd4   Section        0  pstorage.o(i.pstorage_update)
    i.reset_prepare                          0x0001fdb4   Section        0  main.o(i.reset_prepare)
    reset_prepare                            0x0001fdb5   Thumb Code   122  main.o(i.reset_prepare)
    i.rtc1_counter_get                       0x0001fe38   Section        0  app_timer.o(i.rtc1_counter_get)
    rtc1_counter_get                         0x0001fe39   Thumb Code     6  app_timer.o(i.rtc1_counter_get)
    i.rtc1_init                              0x0001fe44   Section        0  app_timer.o(i.rtc1_init)
    rtc1_init                                0x0001fe45   Thumb Code    18  app_timer.o(i.rtc1_init)
    i.rtc1_start                             0x0001fe5c   Section        0  app_timer.o(i.rtc1_start)
    rtc1_start                               0x0001fe5d   Thumb Code    48  app_timer.o(i.rtc1_start)
    i.rtc1_stop                              0x0001fe98   Section        0  app_timer.o(i.rtc1_stop)
    rtc1_stop                                0x0001fe99   Thumb Code    66  app_timer.o(i.rtc1_stop)
    i.rtt_print                              0x0001fef0   Section        0  rtt.o(i.rtt_print)
    i.scheduler_init                         0x0001ff50   Section        0  main.o(i.scheduler_init)
    scheduler_init                           0x0001ff51   Thumb Code    44  main.o(i.scheduler_init)
    i.sec_params_init                        0x0001ff80   Section        0  main.o(i.sec_params_init)
    sec_params_init                          0x0001ff81   Thumb Code    62  main.o(i.sec_params_init)
    i.sense_level_disable                    0x0001ffc4   Section        0  app_gpiote.o(i.sense_level_disable)
    i.sense_level_toggle                     0x00020020   Section        0  app_gpiote.o(i.sense_level_toggle)
    i.service_data_encode                    0x000200a0   Section        0  ble_advdata.o(i.service_data_encode)
    service_data_encode                      0x000200a1   Thumb Code   140  ble_advdata.o(i.service_data_encode)
    i.services_init                          0x0002012c   Section        0  main.o(i.services_init)
    services_init                            0x0002012d   Thumb Code   514  main.o(i.services_init)
    i.sleep_mode_enter                       0x00020378   Section        0  main.o(i.sleep_mode_enter)
    sleep_mode_enter                         0x00020379   Thumb Code    76  main.o(i.sleep_mode_enter)
    i.sm_state_change                        0x000203ec   Section        0  pstorage.o(i.sm_state_change)
    sm_state_change                          0x000203ed   Thumb Code    14  pstorage.o(i.sm_state_change)
    i.softdevice_assertion_handler           0x00020400   Section        0  softdevice_handler.o(i.softdevice_assertion_handler)
    i.softdevice_ble_evt_handler_set         0x00020414   Section        0  softdevice_handler.o(i.softdevice_ble_evt_handler_set)
    i.softdevice_handler_init                0x0002042c   Section        0  softdevice_handler.o(i.softdevice_handler_init)
    i.softdevice_sys_evt_handler_set         0x00020494   Section        0  softdevice_handler.o(i.softdevice_sys_evt_handler_set)
    i.srdata_check                           0x000204ac   Section        0  ble_advdata.o(i.srdata_check)
    srdata_check                             0x000204ad   Thumb Code    16  ble_advdata.o(i.srdata_check)
    i.state_data_erase_entry_run             0x000204bc   Section        0  pstorage.o(i.state_data_erase_entry_run)
    state_data_erase_entry_run               0x000204bd   Thumb Code    12  pstorage.o(i.state_data_erase_entry_run)
    i.state_data_erase_swap_entry_run        0x000204cc   Section        0  pstorage.o(i.state_data_erase_swap_entry_run)
    state_data_erase_swap_entry_run          0x000204cd   Thumb Code   136  pstorage.o(i.state_data_erase_swap_entry_run)
    i.state_entry_action_run                 0x00020564   Section        0  pstorage.o(i.state_entry_action_run)
    state_entry_action_run                   0x00020565   Thumb Code    54  pstorage.o(i.state_entry_action_run)
    i.state_erase_data_page_entry_run        0x000205a0   Section        0  pstorage.o(i.state_erase_data_page_entry_run)
    state_erase_data_page_entry_run          0x000205a1   Thumb Code    12  pstorage.o(i.state_erase_data_page_entry_run)
    i.state_idle_entry_run                   0x000205b0   Section        0  pstorage.o(i.state_idle_entry_run)
    state_idle_entry_run                     0x000205b1   Thumb Code    18  pstorage.o(i.state_idle_entry_run)
    i.state_restore_head_entry_run           0x000205cc   Section        0  pstorage.o(i.state_restore_head_entry_run)
    state_restore_head_entry_run             0x000205cd   Thumb Code    44  pstorage.o(i.state_restore_head_entry_run)
    i.state_restore_tail_entry_run           0x00020600   Section        0  pstorage.o(i.state_restore_tail_entry_run)
    state_restore_tail_entry_run             0x00020601   Thumb Code    76  pstorage.o(i.state_restore_tail_entry_run)
    i.state_store_entry_run                  0x00020654   Section        0  pstorage.o(i.state_store_entry_run)
    state_store_entry_run                    0x00020655   Thumb Code     8  pstorage.o(i.state_store_entry_run)
    i.state_swap_erase_entry_run             0x0002065c   Section        0  pstorage.o(i.state_swap_erase_entry_run)
    state_swap_erase_entry_run               0x0002065d   Thumb Code    38  pstorage.o(i.state_swap_erase_entry_run)
    i.state_write_data_swap_entry_run        0x00020684   Section        0  pstorage.o(i.state_write_data_swap_entry_run)
    state_write_data_swap_entry_run          0x00020685   Thumb Code    46  pstorage.o(i.state_write_data_swap_entry_run)
    i.storage_operation_dummy_handler        0x000206b8   Section        0  device_manager_peripheral.o(i.storage_operation_dummy_handler)
    storage_operation_dummy_handler          0x000206b9   Thumb Code     8  device_manager_peripheral.o(i.storage_operation_dummy_handler)
    i.store_cmd_flash_write_execute          0x000206c0   Section        0  pstorage.o(i.store_cmd_flash_write_execute)
    store_cmd_flash_write_execute            0x000206c1   Thumb Code    92  pstorage.o(i.store_cmd_flash_write_execute)
    i.store_operation_execute                0x00020724   Section        0  pstorage.o(i.store_operation_execute)
    store_operation_execute                  0x00020725   Thumb Code    10  pstorage.o(i.store_operation_execute)
    i.store_sub_state_sm_run                 0x00020730   Section        0  pstorage.o(i.store_sub_state_sm_run)
    store_sub_state_sm_run                   0x00020731   Thumb Code    62  pstorage.o(i.store_sub_state_sm_run)
    i.swap_erase_state_run                   0x0002077c   Section        0  pstorage.o(i.swap_erase_state_run)
    swap_erase_state_run                     0x0002077d   Thumb Code    28  pstorage.o(i.swap_erase_state_run)
    i.swap_sub_sm_exit_action_run            0x0002079c   Section        0  pstorage.o(i.swap_sub_sm_exit_action_run)
    swap_sub_sm_exit_action_run              0x0002079d   Thumb Code     8  pstorage.o(i.swap_sub_sm_exit_action_run)
    i.swap_sub_state_entry_action_run        0x000207a4   Section        0  pstorage.o(i.swap_sub_state_entry_action_run)
    swap_sub_state_entry_action_run          0x000207a5   Thumb Code    16  pstorage.o(i.swap_sub_state_entry_action_run)
    i.swap_sub_state_err_busy_process        0x000207bc   Section        0  pstorage.o(i.swap_sub_state_err_busy_process)
    swap_sub_state_err_busy_process          0x000207bd   Thumb Code    24  pstorage.o(i.swap_sub_state_err_busy_process)
    i.swap_sub_state_sm_run                  0x000207dc   Section        0  pstorage.o(i.swap_sub_state_sm_run)
    swap_sub_state_sm_run                    0x000207dd   Thumb Code    16  pstorage.o(i.swap_sub_state_sm_run)
    i.swap_sub_state_state_change            0x000207f4   Section        0  pstorage.o(i.swap_sub_state_state_change)
    swap_sub_state_state_change              0x000207f5   Thumb Code    14  pstorage.o(i.swap_sub_state_state_change)
    i.sys_evt_dispatch                       0x00020808   Section        0  main.o(i.sys_evt_dispatch)
    sys_evt_dispatch                         0x00020809   Thumb Code    18  main.o(i.sys_evt_dispatch)
    i.sys_id_encode                          0x0002081a   Section        0  ble_dis.o(i.sys_id_encode)
    sys_id_encode                            0x0002081b   Thumb Code   164  ble_dis.o(i.sys_id_encode)
    i.tail_restore_state_run                 0x000208c0   Section        0  pstorage.o(i.tail_restore_state_run)
    tail_restore_state_run                   0x000208c1   Thumb Code    26  pstorage.o(i.tail_restore_state_run)
    i.tail_word_size_calculate               0x000208e0   Section        0  pstorage.o(i.tail_word_size_calculate)
    tail_word_size_calculate                 0x000208e1   Thumb Code    84  pstorage.o(i.tail_word_size_calculate)
    i.ticks_diff_get                         0x00020938   Section        0  app_timer.o(i.ticks_diff_get)
    ticks_diff_get                           0x00020939   Thumb Code    10  app_timer.o(i.ticks_diff_get)
    i.timeout_handler_exec                   0x00020944   Section        0  app_timer.o(i.timeout_handler_exec)
    timeout_handler_exec                     0x00020945   Thumb Code    58  app_timer.o(i.timeout_handler_exec)
    i.timer_list_handler                     0x00020984   Section        0  app_timer.o(i.timer_list_handler)
    timer_list_handler                       0x00020985   Thumb Code    76  app_timer.o(i.timer_list_handler)
    i.timer_list_handler_sched               0x000209dc   Section        0  app_timer.o(i.timer_list_handler_sched)
    timer_list_handler_sched                 0x000209dd   Thumb Code    10  app_timer.o(i.timer_list_handler_sched)
    i.timer_list_insert                      0x000209e8   Section        0  app_timer.o(i.timer_list_insert)
    timer_list_insert                        0x000209e9   Thumb Code   212  app_timer.o(i.timer_list_insert)
    i.timer_list_remove                      0x00020ac4   Section        0  app_timer.o(i.timer_list_remove)
    timer_list_remove                        0x00020ac5   Thumb Code   184  app_timer.o(i.timer_list_remove)
    i.timer_start_op_schedule                0x00020b90   Section        0  app_timer.o(i.timer_start_op_schedule)
    timer_start_op_schedule                  0x00020b91   Thumb Code    80  app_timer.o(i.timer_start_op_schedule)
    i.timer_stop_op_schedule                 0x00020be4   Section        0  app_timer.o(i.timer_stop_op_schedule)
    timer_stop_op_schedule                   0x00020be5   Thumb Code    58  app_timer.o(i.timer_stop_op_schedule)
    i.timer_timeouts_check                   0x00020c24   Section        0  app_timer.o(i.timer_timeouts_check)
    timer_timeouts_check                     0x00020c25   Thumb Code   132  app_timer.o(i.timer_timeouts_check)
    i.timer_timeouts_check_sched             0x00020cc0   Section        0  app_timer.o(i.timer_timeouts_check_sched)
    timer_timeouts_check_sched               0x00020cc1   Thumb Code    10  app_timer.o(i.timer_timeouts_check_sched)
    i.timers_init                            0x00020ccc   Section        0  main.o(i.timers_init)
    timers_init                              0x00020ccd   Thumb Code    86  main.o(i.timers_init)
    i.tx_power_level_encode                  0x00020d34   Section        0  ble_advdata.o(i.tx_power_level_encode)
    tx_power_level_encode                    0x00020d35   Thumb Code    48  ble_advdata.o(i.tx_power_level_encode)
    i.uint16_decode                          0x00020d64   Section        0  ble_dfu.o(i.uint16_decode)
    uint16_decode                            0x00020d65   Thumb Code    12  ble_dfu.o(i.uint16_decode)
    i.uint16_encode                          0x00020d70   Section        0  ble_advdata.o(i.uint16_encode)
    uint16_encode                            0x00020d71   Thumb Code    18  ble_advdata.o(i.uint16_encode)
    i.uint16_encode                          0x00020d82   Section        0  ble_dis.o(i.uint16_encode)
    uint16_encode                            0x00020d83   Thumb Code    18  ble_dis.o(i.uint16_encode)
    i.update_operation_execute               0x00020d94   Section        0  pstorage.o(i.update_operation_execute)
    update_operation_execute                 0x00020d95   Thumb Code     8  pstorage.o(i.update_operation_execute)
    i.update_status_bit_reset                0x00020d9c   Section        0  device_manager_peripheral.o(i.update_status_bit_reset)
    update_status_bit_reset                  0x00020d9d   Thumb Code    16  device_manager_peripheral.o(i.update_status_bit_reset)
    i.update_timeout_handler                 0x00020db0   Section        0  ble_conn_params.o(i.update_timeout_handler)
    update_timeout_handler                   0x00020db1   Thumb Code   136  ble_conn_params.o(i.update_timeout_handler)
    i.user_id_get                            0x00020e4c   Section        0  app_timer.o(i.user_id_get)
    user_id_get                              0x00020e4d   Thumb Code    34  app_timer.o(i.user_id_get)
    i.user_op_alloc                          0x00020e6e   Section        0  app_timer.o(i.user_op_alloc)
    user_op_alloc                            0x00020e6f   Thumb Code    44  app_timer.o(i.user_op_alloc)
    i.user_op_enque                          0x00020e9a   Section        0  app_timer.o(i.user_op_enque)
    user_op_enque                            0x00020e9b   Thumb Code     4  app_timer.o(i.user_op_enque)
    i.uuid_list_encode                       0x00020e9e   Section        0  ble_advdata.o(i.uuid_list_encode)
    uuid_list_encode                         0x00020e9f   Thumb Code    64  ble_advdata.o(i.uuid_list_encode)
    i.uuid_list_sized_encode                 0x00020ede   Section        0  ble_advdata.o(i.uuid_list_sized_encode)
    uuid_list_sized_encode                   0x00020edf   Thumb Code   196  ble_advdata.o(i.uuid_list_sized_encode)
    i.whitelist_has_entries                  0x00020fa2   Section        0  ble_advertising.o(i.whitelist_has_entries)
    whitelist_has_entries                    0x00020fa3   Thumb Code    22  ble_advertising.o(i.whitelist_has_entries)
    .constdata                               0x00020fb8   Section       12  main.o(.constdata)
    .constdata                               0x00020fc4   Section       16  button_status.o(.constdata)
    .constdata                               0x00020fd4   Section       16  segger_rtt_printf.o(.constdata)
    _aV2C                                    0x00020fd4   Data          16  segger_rtt_printf.o(.constdata)
    .constdata                               0x00020fe4   Section       48  bsp.o(.constdata)
    m_buttons_list                           0x00020fe4   Data          16  bsp.o(.constdata)
    app_buttons                              0x00020ff4   Data          32  bsp.o(.constdata)
    .constdata                               0x00021014   Section       52  device_manager_peripheral.o(.constdata)
    .constdata                               0x00021048   Section       16  ble_dfu.o(.constdata)
    .constdata                               0x00021058   Section       40  pstorage.o(.constdata)
    swap_sub_state_sm_lut                    0x00021058   Data          20  pstorage.o(.constdata)
    swap_sub_state_sm_lut                    0x0002106c   Data          20  pstorage.o(.constdata)
    .constdata                               0x00021080   Section        4  app_button.o(.constdata)
    .conststring                             0x00021084   Section       73  button_status.o(.conststring)
    .conststring                             0x000210d0   Section        9  segger_rtt.o(.conststring)
    .data                                    0x20002000   Section       72  main.o(.data)
    m_sec_params                             0x20002000   Data           5  main.o(.data)
    m_conn_handle                            0x20002006   Data           2  main.o(.data)
    m_app_handle                             0x20002008   Data           1  main.o(.data)
    m_battery_timer_id                       0x2000200c   Data           4  main.o(.data)
    m_bonded_peer_handle                     0x20002010   Data           4  main.o(.data)
    m_mem_block                              0x20002014   Data           8  main.o(.data)
    m_flash_handle                           0x2000201c   Data           8  main.o(.data)
    m_auth_status                            0x20002024   Data           6  main.o(.data)
    m_keys                                   0x2000202c   Data          24  main.o(.data)
    context_data                             0x20002044   Data           4  main.o(.data)
    .data                                    0x20002048   Section      121  segger_rtt.o(.data)
    _SEGGER_RTT                              0x20002048   Data         120  segger_rtt.o(.data)
    _ActiveTerminal                          0x200020c0   Data           1  segger_rtt.o(.data)
    .data                                    0x200020c4   Section       33  bsp.o(.data)
    m_stable_state                           0x200020c4   Data           1  bsp.o(.data)
    m_app_ticks_per_100ms                    0x200020c8   Data           4  bsp.o(.data)
    m_indication_type                        0x200020cc   Data           4  bsp.o(.data)
    m_leds_timer_id                          0x200020d0   Data           4  bsp.o(.data)
    m_alert_timer_id                         0x200020d4   Data           4  bsp.o(.data)
    m_registered_callback                    0x200020d8   Data           4  bsp.o(.data)
    m_button_timer_id                        0x200020dc   Data           4  bsp.o(.data)
    current_long_push_pin_no                 0x200020e0   Data           1  bsp.o(.data)
    release_event_at_push                    0x200020e1   Data           4  bsp.o(.data)
    .data                                    0x200020e8   Section        4  system_nrf51.o(.data)
    __tagsym$$used                           0x200020e8   Number         0  system_nrf51.o(.data)
    .data                                    0x200020ec   Section       20  device_manager_peripheral.o(.data)
    m_storage_handle                         0x200020ec   Data           8  device_manager_peripheral.o(.data)
    m_peer_addr_update                       0x200020f4   Data           4  device_manager_peripheral.o(.data)
    m_module_initialized                     0x200020f8   Data           1  device_manager_peripheral.o(.data)
    m_irk_index_table                        0x200020f9   Data           7  device_manager_peripheral.o(.data)
    .data                                    0x20002100   Section       32  ble_advertising.o(.data)
    m_advertising_start_pending              0x20002100   Data           1  ble_advertising.o(.data)
    m_peer_address                           0x20002101   Data           7  ble_advertising.o(.data)
    m_adv_evt                                0x20002108   Data           1  ble_advertising.o(.data)
    m_evt_handler                            0x2000210c   Data           4  ble_advertising.o(.data)
    m_error_handler                          0x20002110   Data           4  ble_advertising.o(.data)
    m_adv_mode_current                       0x20002114   Data           1  ble_advertising.o(.data)
    m_whitelist_temporarily_disabled         0x20002115   Data           1  ble_advertising.o(.data)
    m_whitelist_reply_expected               0x20002116   Data           1  ble_advertising.o(.data)
    m_peer_addr_reply_expected               0x20002117   Data           1  ble_advertising.o(.data)
    m_slave_conn_int                         0x20002118   Data           4  ble_advertising.o(.data)
    m_tx_power_level                         0x2000211c   Data           1  ble_advertising.o(.data)
    current_slave_link_conn_handle           0x2000211e   Data           2  ble_advertising.o(.data)
    .data                                    0x20002120   Section       25  ble_conn_params.o(.data)
    m_preferred_conn_params                  0x20002120   Data           8  ble_conn_params.o(.data)
    m_update_count                           0x20002128   Data           1  ble_conn_params.o(.data)
    m_conn_handle                            0x2000212a   Data           2  ble_conn_params.o(.data)
    m_current_conn_params                    0x2000212c   Data           8  ble_conn_params.o(.data)
    m_conn_params_timer_id                   0x20002134   Data           4  ble_conn_params.o(.data)
    m_change_param                           0x20002138   Data           1  ble_conn_params.o(.data)
    .data                                    0x20002139   Section        8  ble_dfu.o(.data)
    m_is_dfu_service_initialized             0x20002139   Data           1  ble_dfu.o(.data)
    m_notif_buffer                           0x2000213a   Data           7  ble_dfu.o(.data)
    .data                                    0x20002142   Section       74  ble_dis.o(.data)
    service_handle                           0x20002142   Data           2  ble_dis.o(.data)
    manufact_name_handles                    0x20002144   Data           8  ble_dis.o(.data)
    model_num_handles                        0x2000214c   Data           8  ble_dis.o(.data)
    serial_num_handles                       0x20002154   Data           8  ble_dis.o(.data)
    hw_rev_handles                           0x2000215c   Data           8  ble_dis.o(.data)
    fw_rev_handles                           0x20002164   Data           8  ble_dis.o(.data)
    sw_rev_handles                           0x2000216c   Data           8  ble_dis.o(.data)
    sys_id_handles                           0x20002174   Data           8  ble_dis.o(.data)
    reg_cert_data_list_handles               0x2000217c   Data           8  ble_dis.o(.data)
    pnp_id_handles                           0x20002184   Data           8  ble_dis.o(.data)
    .data                                    0x2000218c   Section       13  app_uart.o(.data)
    m_tx_byte                                0x2000218c   Data           1  app_uart.o(.data)
    m_rx_byte                                0x2000218e   Data           2  app_uart.o(.data)
    m_instance_counter                       0x20002190   Data           1  app_uart.o(.data)
    m_event_handler                          0x20002194   Data           4  app_uart.o(.data)
    m_current_state                          0x20002198   Data           1  app_uart.o(.data)
    .data                                    0x2000219c   Section       40  pstorage.o(.data)
    m_next_app_instance                      0x2000219c   Data           2  pstorage.o(.data)
    m_next_page_addr                         0x200021a0   Data           4  pstorage.o(.data)
    m_state                                  0x200021a4   Data           1  pstorage.o(.data)
    m_swap_sub_state                         0x200021a5   Data           1  pstorage.o(.data)
    m_head_word_size                         0x200021a8   Data           4  pstorage.o(.data)
    m_tail_word_size                         0x200021ac   Data           4  pstorage.o(.data)
    m_current_page_id                        0x200021b0   Data           4  pstorage.o(.data)
    m_num_of_command_retries                 0x200021b4   Data           4  pstorage.o(.data)
    m_num_of_bytes_written                   0x200021b8   Data           4  pstorage.o(.data)
    m_app_data_size                          0x200021bc   Data           4  pstorage.o(.data)
    m_flags                                  0x200021c0   Data           4  pstorage.o(.data)
    .data                                    0x200021c4   Section       24  app_button.o(.data)
    mp_buttons                               0x200021c4   Data           4  app_button.o(.data)
    m_button_count                           0x200021c8   Data           1  app_button.o(.data)
    m_detection_delay                        0x200021cc   Data           4  app_button.o(.data)
    m_detection_delay_timer_id               0x200021d0   Data           4  app_button.o(.data)
    m_pin_state                              0x200021d4   Data           4  app_button.o(.data)
    m_pin_transition                         0x200021d8   Data           4  app_button.o(.data)
    .data                                    0x200021dc   Section       42  app_timer.o(.data)
    m_node_array_size                        0x200021dc   Data           1  app_timer.o(.data)
    mp_nodes                                 0x200021e0   Data           4  app_timer.o(.data)
    m_user_array_size                        0x200021e4   Data           1  app_timer.o(.data)
    mp_users                                 0x200021e8   Data           4  app_timer.o(.data)
    m_timer_id_head                          0x200021ec   Data           4  app_timer.o(.data)
    m_ticks_latest                           0x200021f0   Data           4  app_timer.o(.data)
    m_ticks_elapsed                          0x200021f4   Data           8  app_timer.o(.data)
    m_ticks_elapsed_q_read_ind               0x200021fc   Data           1  app_timer.o(.data)
    m_ticks_elapsed_q_write_ind              0x200021fd   Data           1  app_timer.o(.data)
    m_evt_schedule_func                      0x20002200   Data           4  app_timer.o(.data)
    m_rtc1_running                           0x20002204   Data           1  app_timer.o(.data)
    m_rtc1_reset                             0x20002205   Data           1  app_timer.o(.data)
    .data                                    0x20002208   Section       14  app_scheduler.o(.data)
    m_queue_event_headers                    0x20002208   Data           4  app_scheduler.o(.data)
    m_queue_event_data                       0x2000220c   Data           4  app_scheduler.o(.data)
    m_queue_start_index                      0x20002210   Data           1  app_scheduler.o(.data)
    m_queue_end_index                        0x20002211   Data           1  app_scheduler.o(.data)
    m_queue_event_size                       0x20002212   Data           2  app_scheduler.o(.data)
    m_queue_size                             0x20002214   Data           2  app_scheduler.o(.data)
    .data                                    0x20002218   Section       12  app_gpiote.o(.data)
    .data                                    0x20002224   Section        8  dfu_app_handler.o(.data)
    m_reset_prepare                          0x20002224   Data           4  dfu_app_handler.o(.data)
    m_dm_handle                              0x20002228   Data           4  dfu_app_handler.o(.data)
    .data                                    0x2000222c   Section       24  softdevice_handler.o(.data)
    m_evt_schedule_func                      0x2000222c   Data           4  softdevice_handler.o(.data)
    m_softdevice_enabled                     0x20002230   Data           1  softdevice_handler.o(.data)
    mp_ble_evt_buffer                        0x20002234   Data           4  softdevice_handler.o(.data)
    m_ble_evt_buffer_size                    0x20002238   Data           2  softdevice_handler.o(.data)
    m_ble_evt_handler                        0x2000223c   Data           4  softdevice_handler.o(.data)
    m_sys_evt_handler                        0x20002240   Data           4  softdevice_handler.o(.data)
    .bss                                     0x20002244   Section     1192  main.o(.bss)
    m_buttonservice                          0x20002244   Data          60  main.o(.bss)
    m_bas                                    0x20002280   Data          24  main.o(.bss)
    m_rw_authorize_reply                     0x20002298   Data          16  main.o(.bss)
    m_nickname_storage                       0x200022a8   Data          32  main.o(.bss)
    m_dfus                                   0x200022c8   Data          48  main.o(.bss)
    APP_SCHED_BUF                            0x200022f8   Data         176  main.o(.bss)
    BLE_EVT_BUFFER                           0x200023a8   Data          72  main.o(.bss)
    m_enc_key                                0x200023f0   Data          28  main.o(.bss)
    m_id_key                                 0x2000240c   Data          23  main.o(.bss)
    m_sign_key                               0x20002423   Data          16  main.o(.bss)
    APP_TIMER_BUF                            0x20002434   Data         696  main.o(.bss)
    .bss                                     0x200026ec   Section       54  button_status.o(.bss)
    m_mem_queue                              0x200026ec   Data          54  button_status.o(.bss)
    .bss                                     0x20002722   Section     1040  segger_rtt.o(.bss)
    _acUpBuffer                              0x20002722   Data        1024  segger_rtt.o(.bss)
    _acDownBuffer                            0x20002b22   Data          16  segger_rtt.o(.bss)
    .bss                                     0x20002b32   Section       12  bsp.o(.bss)
    m_events_list                            0x20002b32   Data          12  bsp.o(.bss)
    .bss                                     0x20002b40   Section      295  device_manager_peripheral.o(.bss)
    m_peer_table                             0x20002b40   Data         196  device_manager_peripheral.o(.bss)
    m_bond_table                             0x20002c04   Data          28  device_manager_peripheral.o(.bss)
    m_gatts_table                            0x20002c20   Data          24  device_manager_peripheral.o(.bss)
    m_connection_table                       0x20002c38   Data          12  device_manager_peripheral.o(.bss)
    m_application_table                      0x20002c44   Data          12  device_manager_peripheral.o(.bss)
    m_local_id_info                          0x20002c50   Data          23  device_manager_peripheral.o(.bss)
    .bss                                     0x20002c68   Section      251  ble_advertising.o(.bss)
    m_advdata                                0x20002c68   Data          48  ble_advertising.o(.bss)
    m_adv_modes_config                       0x20002c98   Data          36  ble_advertising.o(.bss)
    m_whitelist                              0x20002cbc   Data          16  ble_advertising.o(.bss)
    mp_whitelist_addr                        0x20002ccc   Data          32  ble_advertising.o(.bss)
    mp_whitelist_irk                         0x20002cec   Data          32  ble_advertising.o(.bss)
    m_manuf_specific_data                    0x20002d0c   Data          12  ble_advertising.o(.bss)
    m_manuf_data_array                       0x20002d18   Data          31  ble_advertising.o(.bss)
    m_service_data                           0x20002d38   Data          12  ble_advertising.o(.bss)
    m_service_data_array                     0x20002d44   Data          31  ble_advertising.o(.bss)
    .bss                                     0x20002d64   Section       28  ble_conn_params.o(.bss)
    m_conn_params_config                     0x20002d64   Data          28  ble_conn_params.o(.bss)
    .bss                                     0x20002d80   Section       56  nrf_drv_gpiote.o(.bss)
    m_cb                                     0x20002d80   Data          56  nrf_drv_gpiote.o(.bss)
    .bss                                     0x20002db8   Section      216  pstorage.o(.bss)
    m_cmd_queue                              0x20002db8   Data         204  pstorage.o(.bss)
    m_app_table                              0x20002e84   Data          12  pstorage.o(.bss)
    .bss                                     0x20002e90   Section       60  dfu_app_handler.o(.bss)
    m_peer_data                              0x20002e90   Data          60  dfu_app_handler.o(.bss)
    STACK                                    0x20002ed0   Section     2048  arm_startup_nrf51.o(STACK)

    Global Symbols

    Symbol Name                              Value     Ov Type        Size  Object(Section)

    BuildAttributes$$THM_ISAv3M$S$PE$A:L22$X:L11$S22$IEEE1$IW$USESV6$~STKCKD$USESV7$~SHL$OSPACE$ROPI$EBA8$MICROLIB$REQ8$PRES8$EABIv2 0x00000000   Number         0  anon$$obj.o ABSOLUTE
    __ARM_use_no_argv                        0x00000000   Number         0  main.o ABSOLUTE
    _printf_a                                0x00000000   Number         0  stubs.o ABSOLUTE
    _printf_c                                0x00000000   Number         0  stubs.o ABSOLUTE
    _printf_charcount                        0x00000000   Number         0  stubs.o ABSOLUTE
    _printf_d                                0x00000000   Number         0  stubs.o ABSOLUTE
    _printf_e                                0x00000000   Number         0  stubs.o ABSOLUTE
    _printf_f                                0x00000000   Number         0  stubs.o ABSOLUTE
    _printf_flags                            0x00000000   Number         0  stubs.o ABSOLUTE
    _printf_fp_dec                           0x00000000   Number         0  stubs.o ABSOLUTE
    _printf_fp_hex                           0x00000000   Number         0  stubs.o ABSOLUTE
    _printf_g                                0x00000000   Number         0  stubs.o ABSOLUTE
    _printf_i                                0x00000000   Number         0  stubs.o ABSOLUTE
    _printf_int_dec                          0x00000000   Number         0  stubs.o ABSOLUTE
    _printf_l                                0x00000000   Number         0  stubs.o ABSOLUTE
    _printf_lc                               0x00000000   Number         0  stubs.o ABSOLUTE
    _printf_ll                               0x00000000   Number         0  stubs.o ABSOLUTE
    _printf_lld                              0x00000000   Number         0  stubs.o ABSOLUTE
    _printf_lli                              0x00000000   Number         0  stubs.o ABSOLUTE
    _printf_llo                              0x00000000   Number         0  stubs.o ABSOLUTE
    _printf_llu                              0x00000000   Number         0  stubs.o ABSOLUTE
    _printf_llx                              0x00000000   Number         0  stubs.o ABSOLUTE
    _printf_longlong_dec                     0x00000000   Number         0  stubs.o ABSOLUTE
    _printf_longlong_hex                     0x00000000   Number         0  stubs.o ABSOLUTE
    _printf_longlong_oct                     0x00000000   Number         0  stubs.o ABSOLUTE
    _printf_ls                               0x00000000   Number         0  stubs.o ABSOLUTE
    _printf_mbtowc                           0x00000000   Number         0  stubs.o ABSOLUTE
    _printf_n                                0x00000000   Number         0  stubs.o ABSOLUTE
    _printf_o                                0x00000000   Number         0  stubs.o ABSOLUTE
    _printf_p                                0x00000000   Number         0  stubs.o ABSOLUTE
    _printf_percent                          0x00000000   Number         0  stubs.o ABSOLUTE
    _printf_pre_padding                      0x00000000   Number         0  stubs.o ABSOLUTE
    _printf_return_value                     0x00000000   Number         0  stubs.o ABSOLUTE
    _printf_s                                0x00000000   Number         0  stubs.o ABSOLUTE
    _printf_sizespec                         0x00000000   Number         0  stubs.o ABSOLUTE
    _printf_str                              0x00000000   Number         0  stubs.o ABSOLUTE
    _printf_truncate_signed                  0x00000000   Number         0  stubs.o ABSOLUTE
    _printf_truncate_unsigned                0x00000000   Number         0  stubs.o ABSOLUTE
    _printf_u                                0x00000000   Number         0  stubs.o ABSOLUTE
    _printf_wc                               0x00000000   Number         0  stubs.o ABSOLUTE
    _printf_wctomb                           0x00000000   Number         0  stubs.o ABSOLUTE
    _printf_widthprec                        0x00000000   Number         0  stubs.o ABSOLUTE
    _printf_x                                0x00000000   Number         0  stubs.o ABSOLUTE
    __cpp_initialize__aeabi_                  - Undefined Weak Reference
    __cxa_finalize                            - Undefined Weak Reference
    _clock_init                               - Undefined Weak Reference
    _microlib_exit                            - Undefined Weak Reference
    assert_nrf_callback                       - Undefined Weak Reference
    __Vectors_Size                           0x000000c0   Number         0  arm_startup_nrf51.o ABSOLUTE
    __Vectors                                0x00018000   Data           4  arm_startup_nrf51.o(RESET)
    __Vectors_End                            0x000180c0   Data           0  arm_startup_nrf51.o(RESET)
    __main                                   0x000180c1   Thumb Code     0  entry.o(.ARM.Collect$$$$00000000)
    _main_stk                                0x000180c1   Thumb Code     0  entry2.o(.ARM.Collect$$$$00000001)
    _main_scatterload                        0x000180c5   Thumb Code     0  entry5.o(.ARM.Collect$$$$00000004)
    __main_after_scatterload                 0x000180c9   Thumb Code     0  entry5.o(.ARM.Collect$$$$00000004)
    _main_clock                              0x000180c9   Thumb Code     0  entry7b.o(.ARM.Collect$$$$00000008)
    _main_cpp_init                           0x000180c9   Thumb Code     0  entry8b.o(.ARM.Collect$$$$0000000A)
    _main_init                               0x000180c9   Thumb Code     0  entry9a.o(.ARM.Collect$$$$0000000B)
    __rt_final_cpp                           0x000180d1   Thumb Code     0  entry10a.o(.ARM.Collect$$$$0000000D)
    __rt_final_exit                          0x000180d1   Thumb Code     0  entry11a.o(.ARM.Collect$$$$0000000F)
    __asm___11_nrf_delay_c_532987f3__nrf_delay_us 0x000180d5   Thumb Code    30  nrf_delay.o(.emb_text)
    __asm___11_app_timer_c_cd27f9c3__nrf_delay_us 0x000180f5   Thumb Code    30  app_timer.o(.emb_text)
    __asm___17_bootloader_util_c_c13d365c__bootloader_util_reset 0x00018115   Thumb Code    52  bootloader_util.o(.emb_text)
    Reset_Handler                            0x00018149   Thumb Code    26  arm_startup_nrf51.o(.text)
    NMI_Handler                              0x00018163   Thumb Code     2  arm_startup_nrf51.o(.text)
    HardFault_Handler                        0x00018165   Thumb Code     2  arm_startup_nrf51.o(.text)
    SVC_Handler                              0x00018167   Thumb Code     2  arm_startup_nrf51.o(.text)
    PendSV_Handler                           0x00018169   Thumb Code     2  arm_startup_nrf51.o(.text)
    SysTick_Handler                          0x0001816b   Thumb Code     2  arm_startup_nrf51.o(.text)
    ADC_IRQHandler                           0x0001816d   Thumb Code     0  arm_startup_nrf51.o(.text)
    CCM_AAR_IRQHandler                       0x0001816d   Thumb Code     0  arm_startup_nrf51.o(.text)
    ECB_IRQHandler                           0x0001816d   Thumb Code     0  arm_startup_nrf51.o(.text)
    LPCOMP_IRQHandler                        0x0001816d   Thumb Code     0  arm_startup_nrf51.o(.text)
    POWER_CLOCK_IRQHandler                   0x0001816d   Thumb Code     0  arm_startup_nrf51.o(.text)
    QDEC_IRQHandler                          0x0001816d   Thumb Code     0  arm_startup_nrf51.o(.text)
    RADIO_IRQHandler                         0x0001816d   Thumb Code     0  arm_startup_nrf51.o(.text)
    RNG_IRQHandler                           0x0001816d   Thumb Code     0  arm_startup_nrf51.o(.text)
    RTC0_IRQHandler                          0x0001816d   Thumb Code     0  arm_startup_nrf51.o(.text)
    SPI0_TWI0_IRQHandler                     0x0001816d   Thumb Code     0  arm_startup_nrf51.o(.text)
    SPI1_TWI1_IRQHandler                     0x0001816d   Thumb Code     0  arm_startup_nrf51.o(.text)
    SWI1_IRQHandler                          0x0001816d   Thumb Code     0  arm_startup_nrf51.o(.text)
    SWI3_IRQHandler                          0x0001816d   Thumb Code     0  arm_startup_nrf51.o(.text)
    SWI4_IRQHandler                          0x0001816d   Thumb Code     0  arm_startup_nrf51.o(.text)
    SWI5_IRQHandler                          0x0001816d   Thumb Code     0  arm_startup_nrf51.o(.text)
    TEMP_IRQHandler                          0x0001816d   Thumb Code     0  arm_startup_nrf51.o(.text)
    TIMER0_IRQHandler                        0x0001816d   Thumb Code     0  arm_startup_nrf51.o(.text)
    TIMER1_IRQHandler                        0x0001816d   Thumb Code     0  arm_startup_nrf51.o(.text)
    TIMER2_IRQHandler                        0x0001816d   Thumb Code     0  arm_startup_nrf51.o(.text)
    WDT_IRQHandler                           0x0001816d   Thumb Code     0  arm_startup_nrf51.o(.text)
    __aeabi_uidiv                            0x00018181   Thumb Code     0  uidiv.o(.text)
    __aeabi_uidivmod                         0x00018181   Thumb Code    44  uidiv.o(.text)
    __aeabi_idiv                             0x000181ad   Thumb Code     0  idiv.o(.text)
    __aeabi_idivmod                          0x000181ad   Thumb Code    40  idiv.o(.text)
    __aeabi_memcpy                           0x000181d5   Thumb Code    36  memcpya.o(.text)
    __aeabi_memcpy4                          0x000181d5   Thumb Code     0  memcpya.o(.text)
    __aeabi_memcpy8                          0x000181d5   Thumb Code     0  memcpya.o(.text)
    __aeabi_memset                           0x000181f9   Thumb Code    14  memseta.o(.text)
    __aeabi_memset4                          0x000181f9   Thumb Code     0  memseta.o(.text)
    __aeabi_memset8                          0x000181f9   Thumb Code     0  memseta.o(.text)
    __aeabi_memclr                           0x00018207   Thumb Code     4  memseta.o(.text)
    __aeabi_memclr4                          0x00018207   Thumb Code     0  memseta.o(.text)
    __aeabi_memclr8                          0x00018207   Thumb Code     0  memseta.o(.text)
    _memset$wrapper                          0x0001820b   Thumb Code    18  memseta.o(.text)
    strlen                                   0x0001821d   Thumb Code    14  strlen.o(.text)
    memcmp                                   0x0001822b   Thumb Code    26  memcmp.o(.text)
    __scatterload                            0x00018245   Thumb Code    28  init.o(.text)
    __scatterload_rt2                        0x00018245   Thumb Code     0  init.o(.text)
    __decompress                             0x00018269   Thumb Code     0  __dczerorl2.o(.text)
    __decompress1                            0x00018269   Thumb Code    86  __dczerorl2.o(.text)
    ExtractMemBlockData                      0x000182bf   Thumb Code    62  button_status.o(i.ExtractMemBlockData)
    GPIOTE_IRQHandler                        0x000182fd   Thumb Code   668  nrf_drv_gpiote.o(i.GPIOTE_IRQHandler)
    RTC1_IRQHandler                          0x000186e1   Thumb Code    34  app_timer.o(i.RTC1_IRQHandler)
    SEGGER_RTT_Init                          0x00018709   Thumb Code     8  segger_rtt.o(i.SEGGER_RTT_Init)
    SEGGER_RTT_Write                         0x00018711   Thumb Code   306  segger_rtt.o(i.SEGGER_RTT_Write)
    SEGGER_RTT_printf                        0x00018849   Thumb Code    28  segger_rtt_printf.o(i.SEGGER_RTT_printf)
    SEGGER_RTT_vprintf                       0x00018865   Thumb Code   520  segger_rtt_printf.o(i.SEGGER_RTT_vprintf)
    SWI0_IRQHandler                          0x00018a6d   Thumb Code     8  app_timer.o(i.SWI0_IRQHandler)
    SWI2_IRQHandler                          0x00018a75   Thumb Code    50  softdevice_handler.o(i.SWI2_IRQHandler)
    SystemInit                               0x00018aad   Thumb Code    38  system_nrf51.o(i.SystemInit)
    UART0_IRQHandler                         0x00018ae5   Thumb Code   148  app_uart.o(i.UART0_IRQHandler)
    __0sprintf$2                             0x00018e01   Thumb Code    36  printf2.o(i.__0sprintf$2)
    __1sprintf$2                             0x00018e01   Thumb Code     0  printf2.o(i.__0sprintf$2)
    __2sprintf                               0x00018e01   Thumb Code     0  printf2.o(i.__0sprintf$2)
    __ARM_common_switch8                     0x00018e29   Thumb Code    28  main.o(i.__ARM_common_switch8)
    __scatterload_copy                       0x00018e45   Thumb Code    14  handlers.o(i.__scatterload_copy)
    __scatterload_null                       0x00018e53   Thumb Code     2  handlers.o(i.__scatterload_null)
    __scatterload_zeroinit                   0x00018e55   Thumb Code    14  handlers.o(i.__scatterload_zeroinit)
    action_tx_stop                           0x00018f79   Thumb Code    28  app_uart.o(i.action_tx_stop)
    app_button_enable                        0x00019229   Thumb Code    34  app_button.o(i.app_button_enable)
    app_button_init                          0x00019255   Thumb Code   128  app_button.o(i.app_button_init)
    app_button_is_pushed                     0x000192f9   Thumb Code    44  app_button.o(i.app_button_is_pushed)
    app_error_handler                        0x000193d5   Thumb Code    48  app_error.o(i.app_error_handler)
    app_sched_event_put                      0x000194f1   Thumb Code   252  app_scheduler.o(i.app_sched_event_put)
    app_sched_execute                        0x00019605   Thumb Code    30  app_scheduler.o(i.app_sched_execute)
    app_sched_init                           0x00019625   Thumb Code    66  app_scheduler.o(i.app_sched_init)
    app_timer_create                         0x00019681   Thumb Code   108  app_timer.o(i.app_timer_create)
    app_timer_evt_schedule                   0x00019729   Thumb Code    22  app_timer_appsh.o(i.app_timer_evt_schedule)
    app_timer_init                           0x00019745   Thumb Code   204  app_timer.o(i.app_timer_init)
    app_timer_start                          0x00019835   Thumb Code    98  app_timer.o(i.app_timer_start)
    app_timer_stop                           0x000198a1   Thumb Code    60  app_timer.o(i.app_timer_stop)
    battery_level_get                        0x00019b29   Thumb Code    96  main.o(i.battery_level_get)
    ble_advdata_set                          0x00019c21   Thumb Code   122  ble_advdata.o(i.ble_advdata_set)
    ble_advertising_init                     0x00019c9d   Thumb Code   316  ble_advertising.o(i.ble_advertising_init)
    ble_advertising_on_ble_evt               0x00019e11   Thumb Code   236  ble_advertising.o(i.ble_advertising_on_ble_evt)
    ble_advertising_on_sys_evt               0x00019f15   Thumb Code    70  ble_advertising.o(i.ble_advertising_on_sys_evt)
    ble_advertising_start                    0x00019f79   Thumb Code   654  ble_advertising.o(i.ble_advertising_start)
    ble_bas_battery_level_update             0x0001a235   Thumb Code   124  ble_bas.o(i.ble_bas_battery_level_update)
    ble_bas_init                             0x0001a2b5   Thumb Code    66  ble_bas.o(i.ble_bas_init)
    ble_bas_on_ble_evt                       0x0001a2fd   Thumb Code    58  ble_bas.o(i.ble_bas_on_ble_evt)
    ble_buttonstatus_init                    0x0001a339   Thumb Code   126  button_status.o(i.ble_buttonstatus_init)
    ble_buttonstatus_on_ble_evt              0x0001a3c1   Thumb Code   180  button_status.o(i.ble_buttonstatus_on_ble_evt)
    ble_buttonstatus_on_button_change        0x0001a509   Thumb Code    88  button_status.o(i.ble_buttonstatus_on_button_change)
    ble_conn_params_init                     0x0001a5a5   Thumb Code    90  ble_conn_params.o(i.ble_conn_params_init)
    ble_conn_params_on_ble_evt               0x0001a61d   Thumb Code    62  ble_conn_params.o(i.ble_conn_params_on_ble_evt)
    ble_conn_params_stop                     0x0001a65d   Thumb Code    12  ble_conn_params.o(i.ble_conn_params_stop)
    ble_dfu_init                             0x0001a66d   Thumb Code   162  ble_dfu.o(i.ble_dfu_init)
    ble_dfu_on_ble_evt                       0x0001a71d   Thumb Code    90  ble_dfu.o(i.ble_dfu_on_ble_evt)
    ble_dfu_response_send                    0x0001a779   Thumb Code   128  ble_dfu.o(i.ble_dfu_response_send)
    ble_dis_init                             0x0001a805   Thumb Code   386  ble_dis.o(i.ble_dis_init)
    ble_srv_ascii_to_utf8                    0x0001aa4d   Thumb Code    18  ble_srv_common.o(i.ble_srv_ascii_to_utf8)
    ble_srv_report_ref_encode                0x0001aa5f   Thumb Code    62  ble_srv_common.o(i.ble_srv_report_ref_encode)
    bond_data_load                           0x0001ab7d   Thumb Code    62  device_manager_peripheral.o(i.bond_data_load)
    bootloader_util_app_start                0x0001ac71   Thumb Code    12  bootloader_util.o(i.bootloader_util_app_start)
    bsp_configuration                        0x0001ad55   Thumb Code    40  main.o(i.bsp_configuration)
    bsp_event_to_button_action_assign        0x0001ad85   Thumb Code    88  bsp.o(i.bsp_event_to_button_action_assign)
    bsp_evt_handler                          0x0001ade1   Thumb Code   548  main.o(i.bsp_evt_handler)
    bsp_indication_set                       0x0001b0b9   Thumb Code    30  bsp.o(i.bsp_indication_set)
    bsp_init                                 0x0001b0dd   Thumb Code   166  bsp.o(i.bsp_init)
    clock_initialization                     0x0001bac1   Thumb Code    36  main.o(i.clock_initialization)
    dfu_app_dm_appl_instance_set             0x0001c4b1   Thumb Code    38  dfu_app_handler.o(i.dfu_app_dm_appl_instance_set)
    dfu_app_on_dfu_evt                       0x0001c4dd   Thumb Code    62  dfu_app_handler.o(i.dfu_app_on_dfu_evt)
    dfu_app_reset_prepare_set                0x0001c631   Thumb Code     6  dfu_app_handler.o(i.dfu_app_reset_prepare_set)
    dm_application_context_delete            0x0001c8c9   Thumb Code     6  device_manager_peripheral.o(i.dm_application_context_delete)
    dm_application_context_get               0x0001c8d5   Thumb Code     6  device_manager_peripheral.o(i.dm_application_context_get)
    dm_application_context_set               0x0001c8e1   Thumb Code     6  device_manager_peripheral.o(i.dm_application_context_set)
    dm_application_instance_set              0x0001c8ed   Thumb Code    74  device_manager_peripheral.o(i.dm_application_instance_set)
    dm_ble_evt_handler                       0x0001c945   Thumb Code  1562  device_manager_peripheral.o(i.dm_ble_evt_handler)
    dm_distributed_keys_get                  0x0001cf7d   Thumb Code   208  device_manager_peripheral.o(i.dm_distributed_keys_get)
    dm_handle_get                            0x0001d065   Thumb Code    94  device_manager_peripheral.o(i.dm_handle_get)
    dm_handle_initialize                     0x0001d0d1   Thumb Code    24  device_manager_peripheral.o(i.dm_handle_initialize)
    dm_init                                  0x0001d0ed   Thumb Code   230  device_manager_peripheral.o(i.dm_init)
    dm_peer_addr_get                         0x0001d1f5   Thumb Code   176  device_manager_peripheral.o(i.dm_peer_addr_get)
    dm_register                              0x0001d4b5   Thumb Code   176  device_manager_peripheral.o(i.dm_register)
    intern_softdevice_events_execute         0x0001dd15   Thumb Code   168  softdevice_handler.o(i.intern_softdevice_events_execute)
    main                                     0x0001e1e5   Thumb Code   150  main.o(i.main)
    nrf_delay_ms                             0x0001e40d   Thumb Code    24  nrf_delay.o(i.nrf_delay_ms)
    nrf_drv_common_irq_enable                0x0001e429   Thumb Code    48  nrf_drv_common.o(i.nrf_drv_common_irq_enable)
    nrf_drv_gpiote_in_event_enable           0x0001e461   Thumb Code   186  nrf_drv_gpiote.o(i.nrf_drv_gpiote_in_event_enable)
    nrf_drv_gpiote_in_init                   0x0001e529   Thumb Code   226  nrf_drv_gpiote.o(i.nrf_drv_gpiote_in_init)
    nrf_drv_gpiote_in_is_set                 0x0001e61d   Thumb Code    26  nrf_drv_gpiote.o(i.nrf_drv_gpiote_in_is_set)
    nrf_drv_gpiote_init                      0x0001e63d   Thumb Code    76  nrf_drv_gpiote.o(i.nrf_drv_gpiote_init)
    nrf_drv_gpiote_is_init                   0x0001e68d   Thumb Code    16  nrf_drv_gpiote.o(i.nrf_drv_gpiote_is_init)
    pstorage_access_status_get               0x0001f535   Thumb Code    40  pstorage.o(i.pstorage_access_status_get)
    pstorage_block_identifier_get            0x0001f565   Thumb Code   154  pstorage.o(i.pstorage_block_identifier_get)
    pstorage_clear                           0x0001f7c1   Thumb Code   270  pstorage.o(i.pstorage_clear)
    pstorage_init                            0x0001f90d   Thumb Code   104  pstorage.o(i.pstorage_init)
    pstorage_load                            0x0001f995   Thumb Code   242  pstorage.o(i.pstorage_load)
    pstorage_register                        0x0001fa91   Thumb Code   262  pstorage.o(i.pstorage_register)
    pstorage_store                           0x0001fba9   Thumb Code   216  pstorage.o(i.pstorage_store)
    pstorage_sys_event_handler               0x0001fc89   Thumb Code    66  pstorage.o(i.pstorage_sys_event_handler)
    pstorage_update                          0x0001fcd5   Thumb Code   216  pstorage.o(i.pstorage_update)
    rtt_print                                0x0001fef1   Thumb Code    56  rtt.o(i.rtt_print)
    sense_level_disable                      0x0001ffc5   Thumb Code    92  app_gpiote.o(i.sense_level_disable)
    sense_level_toggle                       0x00020021   Thumb Code   128  app_gpiote.o(i.sense_level_toggle)
    softdevice_assertion_handler             0x00020401   Thumb Code    18  softdevice_handler.o(i.softdevice_assertion_handler)
    softdevice_ble_evt_handler_set           0x00020415   Thumb Code    18  softdevice_handler.o(i.softdevice_ble_evt_handler_set)
    softdevice_handler_init                  0x0002042d   Thumb Code    84  softdevice_handler.o(i.softdevice_handler_init)
    softdevice_sys_evt_handler_set           0x00020495   Thumb Code    18  softdevice_handler.o(i.softdevice_sys_evt_handler_set)
    m_service_context_store                  0x00021014   Data          16  device_manager_peripheral.o(.constdata)
    m_service_context_load                   0x00021024   Data          16  device_manager_peripheral.o(.constdata)
    m_service_context_apply                  0x00021034   Data          16  device_manager_peripheral.o(.constdata)
    m_context_init_len                       0x00021044   Data           4  device_manager_peripheral.o(.constdata)
    Region$$Table$$Base                      0x000210dc   Number         0  anon$$obj.o(Region$$Table)
    Region$$Table$$Limit                     0x000210fc   Number         0  anon$$obj.o(Region$$Table)
    SystemCoreClock                          0x200020e8   Data           4  system_nrf51.o(.data)
    m_enabled_users_mask                     0x20002218   Data           4  app_gpiote.o(.data)
    m_user_array_size                        0x2000221c   Data           1  app_gpiote.o(.data)
    m_user_count                             0x2000221d   Data           1  app_gpiote.o(.data)
    mp_users                                 0x20002220   Data           4  app_gpiote.o(.data)
    __initial_sp                             0x200036d0   Data           0  arm_startup_nrf51.o(STACK)



==============================================================================

Memory Map of the image

  Image Entry point : 0x000180c1

  Load Region LR_IROM1 (Base: 0x00018000, Size: 0x00009340, Max: 0x00028000, ABSOLUTE, COMPRESSED[0x00009144])

    Execution Region ER_IROM1 (Base: 0x00018000, Size: 0x000090fc, Max: 0x00028000, ABSOLUTE)

    Base Addr    Size         Type   Attr      Idx    E Section Name        Object

    0x00018000   0x000000c0   Data   RO          796    RESET               arm_startup_nrf51.o
    0x000180c0   0x00000000   Code   RO         2985  * .ARM.Collect$$$$00000000  mc_p.l(entry.o)
    0x000180c0   0x00000004   Code   RO         3263    .ARM.Collect$$$$00000001  mc_p.l(entry2.o)
    0x000180c4   0x00000004   Code   RO         3266    .ARM.Collect$$$$00000004  mc_p.l(entry5.o)
    0x000180c8   0x00000000   Code   RO         3268    .ARM.Collect$$$$00000008  mc_p.l(entry7b.o)
    0x000180c8   0x00000000   Code   RO         3270    .ARM.Collect$$$$0000000A  mc_p.l(entry8b.o)
    0x000180c8   0x00000008   Code   RO         3271    .ARM.Collect$$$$0000000B  mc_p.l(entry9a.o)
    0x000180d0   0x00000000   Code   RO         3273    .ARM.Collect$$$$0000000D  mc_p.l(entry10a.o)
    0x000180d0   0x00000000   Code   RO         3275    .ARM.Collect$$$$0000000F  mc_p.l(entry11a.o)
    0x000180d0   0x00000004   Code   RO         3264    .ARM.Collect$$$$00002712  mc_p.l(entry2.o)
    0x000180d4   0x0000001e   Code   RO         1841    .emb_text           nrf_delay.o
    0x000180f2   0x00000002   PAD
    0x000180f4   0x0000001e   Code   RO         2420    .emb_text           app_timer.o
    0x00018112   0x00000002   PAD
    0x00018114   0x00000034   Code   RO         2843    .emb_text           bootloader_util.o
    0x00018148   0x00000038   Code   RO          797    .text               arm_startup_nrf51.o
    0x00018180   0x0000002c   Code   RO         2988    .text               mc_p.l(uidiv.o)
    0x000181ac   0x00000028   Code   RO         2990    .text               mc_p.l(idiv.o)
    0x000181d4   0x00000024   Code   RO         2992    .text               mc_p.l(memcpya.o)
    0x000181f8   0x00000024   Code   RO         2994    .text               mc_p.l(memseta.o)
    0x0001821c   0x0000000e   Code   RO         2996    .text               mc_p.l(strlen.o)
    0x0001822a   0x0000001a   Code   RO         2998    .text               mc_p.l(memcmp.o)
    0x00018244   0x00000024   Code   RO         3290    .text               mc_p.l(init.o)
    0x00018268   0x00000056   Code   RO         3310    .text               mc_p.l(__dczerorl2.o)
    0x000182be   0x0000003e   Code   RO          426    i.ExtractMemBlockData  button_status.o
    0x000182fc   0x000002b8   Code   RO         1609    i.GPIOTE_IRQHandler  nrf_drv_gpiote.o
    0x000185b4   0x00000014   Code   RO         2421    i.NVIC_ClearPendingIRQ  app_timer.o
    0x000185c8   0x00000014   Code   RO         2422    i.NVIC_EnableIRQ    app_timer.o
    0x000185dc   0x00000014   Code   RO         2423    i.NVIC_SetPendingIRQ  app_timer.o
    0x000185f0   0x00000078   Code   RO         1575    i.NVIC_SetPriority  nrf_drv_common.o
    0x00018668   0x00000078   Code   RO         2424    i.NVIC_SetPriority  app_timer.o
    0x000186e0   0x00000028   Code   RO         2425    i.RTC1_IRQHandler   app_timer.o
    0x00018708   0x00000008   Code   RO          510    i.SEGGER_RTT_Init   segger_rtt.o
    0x00018710   0x00000138   Code   RO          515    i.SEGGER_RTT_Write  segger_rtt.o
    0x00018848   0x0000001c   Code   RO          598    i.SEGGER_RTT_printf  segger_rtt_printf.o
    0x00018864   0x00000208   Code   RO          599    i.SEGGER_RTT_vprintf  segger_rtt_printf.o
    0x00018a6c   0x00000008   Code   RO         2426    i.SWI0_IRQHandler   app_timer.o
    0x00018a74   0x00000038   Code   RO         2929    i.SWI2_IRQHandler   softdevice_handler.o
    0x00018aac   0x00000038   Code   RO          804    i.SystemInit        system_nrf51.o
    0x00018ae4   0x000000a8   Code   RO         1870    i.UART0_IRQHandler  app_uart.o
    0x00018b8c   0x00000002   Code   RO          517    i._Init             segger_rtt.o
    0x00018b8e   0x0000010c   Code   RO          600    i._PrintInt         segger_rtt_printf.o
    0x00018c9a   0x00000002   PAD
    0x00018c9c   0x00000120   Code   RO          601    i._PrintUnsigned    segger_rtt_printf.o
    0x00018dbc   0x00000044   Code   RO          602    i._StoreChar        segger_rtt_printf.o
    0x00018e00   0x00000028   Code   RO         3071    i.__0sprintf$2      mc_p.l(printf2.o)
    0x00018e28   0x0000001c   Code   RO          198    i.__ARM_common_switch8  main.o
    0x00018e44   0x0000000e   Code   RO         3304    i.__scatterload_copy  mc_p.l(handlers.o)
    0x00018e52   0x00000002   Code   RO         3305    i.__scatterload_null  mc_p.l(handlers.o)
    0x00018e54   0x0000000e   Code   RO         3306    i.__scatterload_zeroinit  mc_p.l(handlers.o)
    0x00018e62   0x000000d2   Code   RO         3076    i._printf_core      mc_p.l(printf2.o)
    0x00018f34   0x0000000a   Code   RO         3078    i._sputc            mc_p.l(printf2.o)
    0x00018f3e   0x00000008   Code   RO         1871    i.action_tx_ready   app_uart.o
    0x00018f46   0x00000002   PAD
    0x00018f48   0x00000030   Code   RO         1872    i.action_tx_send    app_uart.o
    0x00018f78   0x00000028   Code   RO         1873    i.action_tx_stop    app_uart.o
    0x00018fa0   0x00000024   Code   RO         1874    i.action_uart_deactivate  app_uart.o
    0x00018fc4   0x00000136   Code   RO         1142    i.adv_data_encode   ble_advdata.o
    0x000190fa   0x00000014   Code   RO         1143    i.advdata_check     ble_advdata.o
    0x0001910e   0x00000002   PAD
    0x00019110   0x000000b4   Code   RO            4    i.advertising_init  main.o
    0x000191c4   0x00000040   Code   RO            5    i.advertising_stop  main.o
    0x00019204   0x00000024   Code   RO          637    i.alert_timer_handler  bsp.o
    0x00019228   0x0000002c   Code   RO         2335    i.app_button_enable  app_button.o
    0x00019254   0x000000a4   Code   RO         2336    i.app_button_init   app_button.o
    0x000192f8   0x00000030   Code   RO         2337    i.app_button_is_pushed  app_button.o
    0x00019328   0x000000ac   Code   RO            6    i.app_context_load  main.o
    0x000193d4   0x00000038   Code   RO         2397    i.app_error_handler  app_error.o
    0x0001940c   0x0000001c   Code   RO          874    i.app_evt_notify    device_manager_peripheral.o
    0x00019428   0x00000030   Code   RO         2008    i.app_notify        pstorage.o
    0x00019458   0x00000024   Code   RO         2009    i.app_notify_error_state_transit  pstorage.o
    0x0001947c   0x00000074   Code   RO         2698    i.app_sched_event_get  app_scheduler.o
    0x000194f0   0x00000114   Code   RO         2699    i.app_sched_event_put  app_scheduler.o
    0x00019604   0x0000001e   Code   RO         2700    i.app_sched_execute  app_scheduler.o
    0x00019622   0x00000002   PAD
    0x00019624   0x0000005c   Code   RO         2701    i.app_sched_init    app_scheduler.o
    0x00019680   0x00000074   Code   RO         2429    i.app_timer_create  app_timer.o
    0x000196f4   0x00000032   Code   RO         2823    i.app_timer_evt_get  app_timer_appsh.o
    0x00019726   0x00000002   PAD
    0x00019728   0x0000001c   Code   RO         2824    i.app_timer_evt_schedule  app_timer_appsh.o
    0x00019744   0x000000f0   Code   RO         2430    i.app_timer_init    app_timer.o
    0x00019834   0x0000006c   Code   RO         2431    i.app_timer_start   app_timer.o
    0x000198a0   0x00000044   Code   RO         2432    i.app_timer_stop    app_timer.o
    0x000198e4   0x0000004a   Code   RO         1144    i.appearance_encode  ble_advdata.o
    0x0001992e   0x00000002   PAD
    0x00019930   0x00000030   Code   RO            7    i.application_timers_start  main.o
    0x00019960   0x000001c8   Code   RO         1489    i.battery_level_char_add  ble_bas.o
    0x00019b28   0x00000070   Code   RO            8    i.battery_level_get  main.o
    0x00019b98   0x0000000a   Code   RO            9    i.battery_level_meas_timeout_handler  main.o
    0x00019ba2   0x00000002   PAD
    0x00019ba4   0x0000007c   Code   RO           10    i.battery_level_update  main.o
    0x00019c20   0x0000007a   Code   RO         1145    i.ble_advdata_set   ble_advdata.o
    0x00019c9a   0x00000002   PAD
    0x00019c9c   0x00000174   Code   RO         1227    i.ble_advertising_init  ble_advertising.o
    0x00019e10   0x00000104   Code   RO         1228    i.ble_advertising_on_ble_evt  ble_advertising.o
    0x00019f14   0x00000054   Code   RO         1229    i.ble_advertising_on_sys_evt  ble_advertising.o
    0x00019f68   0x00000010   Code   RO         1231    i.ble_advertising_peer_address_clear  ble_advertising.o
    0x00019f78   0x000002bc   Code   RO         1233    i.ble_advertising_start  ble_advertising.o
    0x0001a234   0x00000080   Code   RO         1490    i.ble_bas_battery_level_update  ble_bas.o
    0x0001a2b4   0x00000048   Code   RO         1491    i.ble_bas_init      ble_bas.o
    0x0001a2fc   0x0000003a   Code   RO         1492    i.ble_bas_on_ble_evt  ble_bas.o
    0x0001a336   0x00000002   PAD
    0x0001a338   0x00000088   Code   RO          427    i.ble_buttonstatus_init  button_status.o
    0x0001a3c0   0x00000148   Code   RO          428    i.ble_buttonstatus_on_ble_evt  button_status.o
    0x0001a508   0x0000009c   Code   RO          429    i.ble_buttonstatus_on_button_change  button_status.o
    0x0001a5a4   0x00000078   Code   RO         1306    i.ble_conn_params_init  ble_conn_params.o
    0x0001a61c   0x0000003e   Code   RO         1307    i.ble_conn_params_on_ble_evt  ble_conn_params.o
    0x0001a65a   0x00000002   PAD
    0x0001a65c   0x00000010   Code   RO         1308    i.ble_conn_params_stop  ble_conn_params.o
    0x0001a66c   0x000000b0   Code   RO         1387    i.ble_dfu_init      ble_dfu.o
    0x0001a71c   0x0000005a   Code   RO         1388    i.ble_dfu_on_ble_evt  ble_dfu.o
    0x0001a776   0x00000002   PAD
    0x0001a778   0x0000008c   Code   RO         1390    i.ble_dfu_response_send  ble_dfu.o
    0x0001a804   0x000001b4   Code   RO         1536    i.ble_dis_init      ble_dis.o
    0x0001a9b8   0x00000094   Code   RO           11    i.ble_evt_dispatch  main.o
    0x0001aa4c   0x00000012   Code   RO          843    i.ble_srv_ascii_to_utf8  ble_srv_common.o
    0x0001aa5e   0x0000003e   Code   RO          844    i.ble_srv_report_ref_encode  ble_srv_common.o
    0x0001aa9c   0x000000e0   Code   RO           12    i.ble_stack_init    main.o
    0x0001ab7c   0x00000050   Code   RO          875    i.bond_data_load    device_manager_peripheral.o
    0x0001abcc   0x000000a4   Code   RO         2865    i.bootloader_start  dfu_app_handler.o
    0x0001ac70   0x0000000c   Code   RO         2844    i.bootloader_util_app_start  bootloader_util.o
    0x0001ac7c   0x000000d8   Code   RO          638    i.bsp_button_event_handler  bsp.o
    0x0001ad54   0x00000030   Code   RO           13    i.bsp_configuration  main.o
    0x0001ad84   0x0000005c   Code   RO          643    i.bsp_event_to_button_action_assign  bsp.o
    0x0001ade0   0x000002d8   Code   RO           14    i.bsp_evt_handler   main.o
    0x0001b0b8   0x00000024   Code   RO          644    i.bsp_indication_set  bsp.o
    0x0001b0dc   0x000000d4   Code   RO          646    i.bsp_init          bsp.o
    0x0001b1b0   0x000004ec   Code   RO          647    i.bsp_led_indication  bsp.o
    0x0001b69c   0x00000134   Code   RO          430    i.button_status_char_add  button_status.o
    0x0001b7d0   0x0000000e   Code   RO          649    i.button_timer_handler  bsp.o
    0x0001b7de   0x00000002   PAD
    0x0001b7e0   0x00000020   Code   RO         1610    i.channel_free      nrf_drv_gpiote.o
    0x0001b800   0x00000010   Code   RO         1611    i.channel_handler_get  nrf_drv_gpiote.o
    0x0001b810   0x00000078   Code   RO         1612    i.channel_port_alloc  nrf_drv_gpiote.o
    0x0001b888   0x0000000c   Code   RO         1613    i.channel_port_get  nrf_drv_gpiote.o
    0x0001b894   0x000000f0   Code   RO         1537    i.char_add          ble_dis.o
    0x0001b984   0x00000114   Code   RO         2010    i.clear_operation_execute  pstorage.o
    0x0001ba98   0x00000028   Code   RO         2011    i.clear_post_processing_run  pstorage.o
    0x0001bac0   0x0000002c   Code   RO           15    i.clock_initialization  main.o
    0x0001baec   0x00000048   Code   RO         2012    i.cmd_process       pstorage.o
    0x0001bb34   0x00000014   Code   RO         2013    i.cmd_queue_dequeue  pstorage.o
    0x0001bb48   0x0000003c   Code   RO         2014    i.cmd_queue_element_init  pstorage.o
    0x0001bb84   0x00000084   Code   RO         2015    i.cmd_queue_enqueue  pstorage.o
    0x0001bc08   0x00000020   Code   RO         2016    i.cmd_queue_init    pstorage.o
    0x0001bc28   0x00000028   Code   RO         2017    i.command_end_procedure_run  pstorage.o
    0x0001bc50   0x0000002c   Code   RO         2018    i.command_queue_element_consume  pstorage.o
    0x0001bc7c   0x00000090   Code   RO         2434    i.compare_reg_update  app_timer.o
    0x0001bd0c   0x0000005c   Code   RO         1146    i.conn_int_check    ble_advdata.o
    0x0001bd68   0x0000005c   Code   RO         1147    i.conn_int_encode   ble_advdata.o
    0x0001bdc4   0x00000078   Code   RO           16    i.conn_params_error_handler  main.o
    0x0001be3c   0x0000005c   Code   RO           17    i.conn_params_init  main.o
    0x0001be98   0x00000094   Code   RO         1309    i.conn_params_negotiation  ble_conn_params.o
    0x0001bf2c   0x00000048   Code   RO          876    i.connection_instance_find  device_manager_peripheral.o
    0x0001bf74   0x00000038   Code   RO          877    i.connection_instance_init  device_manager_peripheral.o
    0x0001bfac   0x0000005c   Code   RO         2435    i.current_int_priority_get  app_timer.o
    0x0001c008   0x0000005c   Code   RO         2702    i.current_int_priority_get  app_scheduler.o
    0x0001c064   0x00000084   Code   RO         2019    i.data_page_erase_state_run  pstorage.o
    0x0001c0e8   0x00000038   Code   RO         2020    i.data_to_swap_write_state_run  pstorage.o
    0x0001c120   0x0000008c   Code   RO         2338    i.detection_delay_timeout_handler  app_button.o
    0x0001c1ac   0x000000d0   Code   RO          878    i.device_context_store  device_manager_peripheral.o
    0x0001c27c   0x0000007c   Code   RO          879    i.device_instance_allocate  device_manager_peripheral.o
    0x0001c2f8   0x00000058   Code   RO          880    i.device_instance_find  device_manager_peripheral.o
    0x0001c350   0x00000030   Code   RO          881    i.device_instance_free  device_manager_peripheral.o
    0x0001c380   0x00000050   Code   RO           18    i.device_manager_evt_handler  main.o
    0x0001c3d0   0x000000e0   Code   RO           19    i.device_manager_init  main.o
    0x0001c4b0   0x0000002c   Code   RO         2866    i.dfu_app_dm_appl_instance_set  dfu_app_handler.o
    0x0001c4dc   0x0000003e   Code   RO         2867    i.dfu_app_on_dfu_evt  dfu_app_handler.o
    0x0001c51a   0x00000002   PAD
    0x0001c51c   0x00000110   Code   RO         2868    i.dfu_app_peer_data_set  dfu_app_handler.o
    0x0001c62c   0x00000002   Code   RO         2869    i.dfu_app_reset_prepare  dfu_app_handler.o
    0x0001c62e   0x00000002   PAD
    0x0001c630   0x0000000c   Code   RO         2870    i.dfu_app_reset_prepare_set  dfu_app_handler.o
    0x0001c63c   0x000000e0   Code   RO         1391    i.dfu_ctrl_pt_add   ble_dfu.o
    0x0001c71c   0x000000d4   Code   RO         1392    i.dfu_pkt_char_add  ble_dfu.o
    0x0001c7f0   0x000000d8   Code   RO         1393    i.dfu_rev_char_add  ble_dfu.o
    0x0001c8c8   0x0000000c   Code   RO          882    i.dm_application_context_delete  device_manager_peripheral.o
    0x0001c8d4   0x0000000c   Code   RO          883    i.dm_application_context_get  device_manager_peripheral.o
    0x0001c8e0   0x0000000c   Code   RO          884    i.dm_application_context_set  device_manager_peripheral.o
    0x0001c8ec   0x00000058   Code   RO          885    i.dm_application_instance_set  device_manager_peripheral.o
    0x0001c944   0x00000638   Code   RO          886    i.dm_ble_evt_handler  device_manager_peripheral.o
    0x0001cf7c   0x000000e8   Code   RO          890    i.dm_distributed_keys_get  device_manager_peripheral.o
    0x0001d064   0x0000006c   Code   RO          891    i.dm_handle_get     device_manager_peripheral.o
    0x0001d0d0   0x0000001c   Code   RO          892    i.dm_handle_initialize  device_manager_peripheral.o
    0x0001d0ec   0x00000108   Code   RO          893    i.dm_init           device_manager_peripheral.o
    0x0001d1f4   0x000000c4   Code   RO          894    i.dm_peer_addr_get  device_manager_peripheral.o
    0x0001d2b8   0x000001fc   Code   RO          896    i.dm_pstorage_cb_handler  device_manager_peripheral.o
    0x0001d4b4   0x000000bc   Code   RO          897    i.dm_register       device_manager_peripheral.o
    0x0001d570   0x00000064   Code   RO         2436    i.elapsed_ticks_acquire  app_timer.o
    0x0001d5d4   0x00000044   Code   RO         2021    i.erase_sub_state_sm_run  pstorage.o
    0x0001d618   0x0000006c   Code   RO         2437    i.expired_timers_handler  app_timer.o
    0x0001d684   0x00000128   Code   RO          431    i.firmware_nickname_char_add  button_status.o
    0x0001d7ac   0x00000064   Code   RO           20    i.firmware_nickname_write_handler  main.o
    0x0001d810   0x00000030   Code   RO         2022    i.flash_api_err_code_process  pstorage.o
    0x0001d840   0x00000040   Code   RO         2023    i.flash_operation_failure_run  pstorage.o
    0x0001d880   0x00000030   Code   RO         2024    i.flash_operation_success_run  pstorage.o
    0x0001d8b0   0x00000010   Code   RO         2025    i.flash_page_erase  pstorage.o
    0x0001d8c0   0x00000018   Code   RO         2026    i.flash_write       pstorage.o
    0x0001d8d8   0x000000b0   Code   RO           21    i.gap_params_init   main.o
    0x0001d988   0x00000006   Code   RO          904    i.gattc_context_apply  device_manager_peripheral.o
    0x0001d98e   0x00000006   Code   RO          905    i.gattc_context_load  device_manager_peripheral.o
    0x0001d994   0x00000006   Code   RO          906    i.gattc_context_store  device_manager_peripheral.o
    0x0001d99a   0x00000002   PAD
    0x0001d99c   0x000000f4   Code   RO          907    i.gatts_context_apply  device_manager_peripheral.o
    0x0001da90   0x00000048   Code   RO          908    i.gatts_context_load  device_manager_peripheral.o
    0x0001dad8   0x000000d8   Code   RO          909    i.gatts_context_store  device_manager_peripheral.o
    0x0001dbb0   0x0000001a   Code   RO          910    i.gattsc_context_apply  device_manager_peripheral.o
    0x0001dbca   0x0000001e   Code   RO          911    i.gattsc_context_load  device_manager_peripheral.o
    0x0001dbe8   0x0000001e   Code   RO          912    i.gattsc_context_store  device_manager_peripheral.o
    0x0001dc06   0x00000002   PAD
    0x0001dc08   0x0000001c   Code   RO           22    i.gpio_start        main.o
    0x0001dc24   0x00000080   Code   RO         2339    i.gpiote_event_handler  app_button.o
    0x0001dca4   0x00000070   Code   RO         2027    i.head_restore_state_run  pstorage.o
    0x0001dd14   0x000000bc   Code   RO         2930    i.intern_softdevice_events_execute  softdevice_handler.o
    0x0001ddd0   0x00000034   Code   RO         2871    i.interrupts_disable  dfu_app_handler.o
    0x0001de04   0x00000048   Code   RO         1394    i.is_cccd_configured  ble_dfu.o
    0x0001de4c   0x00000024   Code   RO         1310    i.is_conn_params_ok  ble_conn_params.o
    0x0001de70   0x00000038   Code   RO          805    i.is_disabled_in_debug_needed  system_nrf51.o
    0x0001dea8   0x0000006c   Code   RO          806    i.is_manual_peripheral_setup_needed  system_nrf51.o
    0x0001df14   0x00000058   Code   RO         2028    i.is_page_erase_required  pstorage.o
    0x0001df6c   0x00000050   Code   RO         2029    i.is_tail_data_page_swap_required  pstorage.o
    0x0001dfbc   0x00000012   Code   RO         2030    i.is_word_aligned   pstorage.o
    0x0001dfce   0x00000002   PAD
    0x0001dfd0   0x00000024   Code   RO          650    i.leds_timer_handler  bsp.o
    0x0001dff4   0x000000c0   Code   RO         2438    i.list_deletions_handler  app_timer.o
    0x0001e0b4   0x00000130   Code   RO         2439    i.list_insertions_handler  app_timer.o
    0x0001e1e4   0x000000dc   Code   RO           23    i.main              main.o
    0x0001e2c0   0x00000020   Code   RO         2031    i.main_state_err_busy_process  pstorage.o
    0x0001e2e0   0x0000006a   Code   RO         1148    i.manuf_specific_data_encode  ble_advdata.o
    0x0001e34a   0x00000096   Code   RO         1149    i.name_encode       ble_advdata.o
    0x0001e3e0   0x00000018   Code   RO         2703    i.next_index        app_scheduler.o
    0x0001e3f8   0x00000006   Code   RO          913    i.no_service_context_apply  device_manager_peripheral.o
    0x0001e3fe   0x00000006   Code   RO          914    i.no_service_context_load  device_manager_peripheral.o
    0x0001e404   0x00000006   Code   RO          915    i.no_service_context_store  device_manager_peripheral.o
    0x0001e40a   0x00000002   PAD
    0x0001e40c   0x0000001c   Code   RO         1842    i.nrf_delay_ms      nrf_delay.o
    0x0001e428   0x00000038   Code   RO         1576    i.nrf_drv_common_irq_enable  nrf_drv_common.o
    0x0001e460   0x000000c8   Code   RO         1616    i.nrf_drv_gpiote_in_event_enable  nrf_drv_gpiote.o
    0x0001e528   0x000000f4   Code   RO         1617    i.nrf_drv_gpiote_in_init  nrf_drv_gpiote.o
    0x0001e61c   0x00000020   Code   RO         1618    i.nrf_drv_gpiote_in_is_set  nrf_drv_gpiote.o
    0x0001e63c   0x00000050   Code   RO         1620    i.nrf_drv_gpiote_init  nrf_drv_gpiote.o
    0x0001e68c   0x00000014   Code   RO         1621    i.nrf_drv_gpiote_is_init  nrf_drv_gpiote.o
    0x0001e6a0   0x00000046   Code   RO         1634    i.nrf_gpio_cfg_sense_set  nrf_drv_gpiote.o
    0x0001e6e6   0x00000002   PAD
    0x0001e6e8   0x0000000c   Code   RO         1637    i.nrf_gpiote_event_addr_get  nrf_drv_gpiote.o
    0x0001e6f4   0x00000010   Code   RO         1638    i.nrf_gpiote_event_clear  nrf_drv_gpiote.o
    0x0001e704   0x00000016   Code   RO         1639    i.nrf_gpiote_event_is_set  nrf_drv_gpiote.o
    0x0001e71a   0x00000002   PAD
    0x0001e71c   0x0000000c   Code   RO         1640    i.nrf_gpiote_int_enable  nrf_drv_gpiote.o
    0x0001e728   0x000001bc   Code   RO           24    i.on_adv_evt        main.o
    0x0001e8e4   0x000004e4   Code   RO           25    i.on_ble_evt        main.o
    0x0001edc8   0x00000094   Code   RO           26    i.on_conn_params_evt  main.o
    0x0001ee5c   0x00000018   Code   RO         1311    i.on_conn_params_update  ble_conn_params.o
    0x0001ee74   0x00000028   Code   RO          432    i.on_connect        button_status.o
    0x0001ee9c   0x0000003c   Code   RO         1312    i.on_connect        ble_conn_params.o
    0x0001eed8   0x00000006   Code   RO         1395    i.on_connect        ble_dfu.o
    0x0001eede   0x00000006   Code   RO         1493    i.on_connect        ble_bas.o
    0x0001eee4   0x0000014e   Code   RO         1396    i.on_ctrl_pt_write  ble_dfu.o
    0x0001f032   0x00000002   PAD
    0x0001f034   0x00000028   Code   RO         1882    i.on_cts_high       app_uart.o
    0x0001f05c   0x0000003c   Code   RO         1883    i.on_cts_low        app_uart.o
    0x0001f098   0x00000008   Code   RO          433    i.on_disconnect     button_status.o
    0x0001f0a0   0x00000044   Code   RO         1313    i.on_disconnect     ble_conn_params.o
    0x0001f0e4   0x00000008   Code   RO         1397    i.on_disconnect     ble_dfu.o
    0x0001f0ec   0x00000008   Code   RO         1494    i.on_disconnect     ble_bas.o
    0x0001f0f4   0x00000046   Code   RO         1398    i.on_rw_authorize_req  ble_dfu.o
    0x0001f13a   0x00000002   PAD
    0x0001f13c   0x0000002c   Code   RO         1884    i.on_tx_ready       app_uart.o
    0x0001f168   0x00000008   Code   RO         1885    i.on_uart_close     app_uart.o
    0x0001f170   0x00000036   Code   RO         1886    i.on_uart_event     app_uart.o
    0x0001f1a6   0x00000002   PAD
    0x0001f1a8   0x00000014   Code   RO         1887    i.on_uart_put       app_uart.o
    0x0001f1bc   0x00000110   Code   RO          434    i.on_write          button_status.o
    0x0001f2cc   0x0000005c   Code   RO         1314    i.on_write          ble_conn_params.o
    0x0001f328   0x0000002c   Code   RO         1399    i.on_write          ble_dfu.o
    0x0001f354   0x00000050   Code   RO         1495    i.on_write          ble_bas.o
    0x0001f3a4   0x0000001a   Code   RO         1235    i.peer_address_exists  ble_advertising.o
    0x0001f3be   0x00000002   PAD
    0x0001f3c0   0x00000050   Code   RO          916    i.peer_instance_init  device_manager_peripheral.o
    0x0001f410   0x0000001c   Code   RO         1641    i.pin_in_use_by_gpiote  nrf_drv_gpiote.o
    0x0001f42c   0x00000018   Code   RO         1642    i.pin_in_use_by_port  nrf_drv_gpiote.o
    0x0001f444   0x00000020   Code   RO         1643    i.pin_in_use_by_te  nrf_drv_gpiote.o
    0x0001f464   0x00000010   Code   RO         1644    i.pin_in_use_clear  nrf_drv_gpiote.o
    0x0001f474   0x0000009e   Code   RO         1538    i.pnp_id_encode     ble_dis.o
    0x0001f512   0x00000020   Code   RO           27    i.power_manage      main.o
    0x0001f532   0x00000002   PAD
    0x0001f534   0x00000030   Code   RO         2032    i.pstorage_access_status_get  pstorage.o
    0x0001f564   0x000000a4   Code   RO         2033    i.pstorage_block_identifier_get  pstorage.o
    0x0001f608   0x000001b8   Code   RO           28    i.pstorage_callback_handler  main.o
    0x0001f7c0   0x00000118   Code   RO         2034    i.pstorage_clear    pstorage.o
    0x0001f8d8   0x00000028   Code   RO         2035    i.pstorage_flash_page_end  pstorage.o
    0x0001f900   0x0000000a   Code   RO         2036    i.pstorage_flash_page_size  pstorage.o
    0x0001f90a   0x00000002   PAD
    0x0001f90c   0x00000088   Code   RO         2037    i.pstorage_init     pstorage.o
    0x0001f994   0x000000fc   Code   RO         2038    i.pstorage_load     pstorage.o
    0x0001fa90   0x00000118   Code   RO         2039    i.pstorage_register  pstorage.o
    0x0001fba8   0x000000e0   Code   RO         2040    i.pstorage_store    pstorage.o
    0x0001fc88   0x0000004c   Code   RO         2041    i.pstorage_sys_event_handler  pstorage.o
    0x0001fcd4   0x000000e0   Code   RO         2042    i.pstorage_update   pstorage.o
    0x0001fdb4   0x00000084   Code   RO           29    i.reset_prepare     main.o
    0x0001fe38   0x0000000c   Code   RO         2440    i.rtc1_counter_get  app_timer.o
    0x0001fe44   0x00000018   Code   RO         2441    i.rtc1_init         app_timer.o
    0x0001fe5c   0x0000003c   Code   RO         2442    i.rtc1_start        app_timer.o
    0x0001fe98   0x00000058   Code   RO         2443    i.rtc1_stop         app_timer.o
    0x0001fef0   0x00000060   Code   RO          489    i.rtt_print         rtt.o
    0x0001ff50   0x00000030   Code   RO           30    i.scheduler_init    main.o
    0x0001ff80   0x00000044   Code   RO           31    i.sec_params_init   main.o
    0x0001ffc4   0x0000005c   Code   RO         2760    i.sense_level_disable  app_gpiote.o
    0x00020020   0x00000080   Code   RO         2761    i.sense_level_toggle  app_gpiote.o
    0x000200a0   0x0000008c   Code   RO         1150    i.service_data_encode  ble_advdata.o
    0x0002012c   0x0000024c   Code   RO           32    i.services_init     main.o
    0x00020378   0x00000074   Code   RO           33    i.sleep_mode_enter  main.o
    0x000203ec   0x00000014   Code   RO         2043    i.sm_state_change   pstorage.o
    0x00020400   0x00000012   Code   RO         2931    i.softdevice_assertion_handler  softdevice_handler.o
    0x00020412   0x00000002   PAD
    0x00020414   0x00000018   Code   RO         2932    i.softdevice_ble_evt_handler_set  softdevice_handler.o
    0x0002042c   0x00000068   Code   RO         2933    i.softdevice_handler_init  softdevice_handler.o
    0x00020494   0x00000018   Code   RO         2935    i.softdevice_sys_evt_handler_set  softdevice_handler.o
    0x000204ac   0x00000010   Code   RO         1151    i.srdata_check      ble_advdata.o
    0x000204bc   0x00000010   Code   RO         2044    i.state_data_erase_entry_run  pstorage.o
    0x000204cc   0x00000098   Code   RO         2045    i.state_data_erase_swap_entry_run  pstorage.o
    0x00020564   0x0000003c   Code   RO         2046    i.state_entry_action_run  pstorage.o
    0x000205a0   0x00000010   Code   RO         2047    i.state_erase_data_page_entry_run  pstorage.o
    0x000205b0   0x0000001c   Code   RO         2048    i.state_idle_entry_run  pstorage.o
    0x000205cc   0x00000034   Code   RO         2049    i.state_restore_head_entry_run  pstorage.o
    0x00020600   0x00000054   Code   RO         2050    i.state_restore_tail_entry_run  pstorage.o
    0x00020654   0x00000008   Code   RO         2051    i.state_store_entry_run  pstorage.o
    0x0002065c   0x00000026   Code   RO         2052    i.state_swap_erase_entry_run  pstorage.o
    0x00020682   0x00000002   PAD
    0x00020684   0x00000034   Code   RO         2053    i.state_write_data_swap_entry_run  pstorage.o
    0x000206b8   0x00000008   Code   RO          917    i.storage_operation_dummy_handler  device_manager_peripheral.o
    0x000206c0   0x00000064   Code   RO         2054    i.store_cmd_flash_write_execute  pstorage.o
    0x00020724   0x0000000a   Code   RO         2055    i.store_operation_execute  pstorage.o
    0x0002072e   0x00000002   PAD
    0x00020730   0x0000004c   Code   RO         2056    i.store_sub_state_sm_run  pstorage.o
    0x0002077c   0x00000020   Code   RO         2057    i.swap_erase_state_run  pstorage.o
    0x0002079c   0x00000008   Code   RO         2058    i.swap_sub_sm_exit_action_run  pstorage.o
    0x000207a4   0x00000018   Code   RO         2059    i.swap_sub_state_entry_action_run  pstorage.o
    0x000207bc   0x00000020   Code   RO         2060    i.swap_sub_state_err_busy_process  pstorage.o
    0x000207dc   0x00000018   Code   RO         2061    i.swap_sub_state_sm_run  pstorage.o
    0x000207f4   0x00000014   Code   RO         2062    i.swap_sub_state_state_change  pstorage.o
    0x00020808   0x00000012   Code   RO           35    i.sys_evt_dispatch  main.o
    0x0002081a   0x000000a4   Code   RO         1539    i.sys_id_encode     ble_dis.o
    0x000208be   0x00000002   PAD
    0x000208c0   0x00000020   Code   RO         2063    i.tail_restore_state_run  pstorage.o
    0x000208e0   0x00000058   Code   RO         2064    i.tail_word_size_calculate  pstorage.o
    0x00020938   0x0000000a   Code   RO         2444    i.ticks_diff_get    app_timer.o
    0x00020942   0x00000002   PAD
    0x00020944   0x00000040   Code   RO         2445    i.timeout_handler_exec  app_timer.o
    0x00020984   0x00000058   Code   RO         2446    i.timer_list_handler  app_timer.o
    0x000209dc   0x0000000a   Code   RO         2447    i.timer_list_handler_sched  app_timer.o
    0x000209e6   0x00000002   PAD
    0x000209e8   0x000000dc   Code   RO         2448    i.timer_list_insert  app_timer.o
    0x00020ac4   0x000000cc   Code   RO         2449    i.timer_list_remove  app_timer.o
    0x00020b90   0x00000054   Code   RO         2450    i.timer_start_op_schedule  app_timer.o
    0x00020be4   0x00000040   Code   RO         2452    i.timer_stop_op_schedule  app_timer.o
    0x00020c24   0x0000009c   Code   RO         2453    i.timer_timeouts_check  app_timer.o
    0x00020cc0   0x0000000a   Code   RO         2454    i.timer_timeouts_check_sched  app_timer.o
    0x00020cca   0x00000002   PAD
    0x00020ccc   0x00000068   Code   RO           37    i.timers_init       main.o
    0x00020d34   0x00000030   Code   RO         1152    i.tx_power_level_encode  ble_advdata.o
    0x00020d64   0x0000000c   Code   RO         1400    i.uint16_decode     ble_dfu.o
    0x00020d70   0x00000012   Code   RO         1153    i.uint16_encode     ble_advdata.o
    0x00020d82   0x00000012   Code   RO         1540    i.uint16_encode     ble_dis.o
    0x00020d94   0x00000008   Code   RO         2065    i.update_operation_execute  pstorage.o
    0x00020d9c   0x00000014   Code   RO          918    i.update_status_bit_reset  device_manager_peripheral.o
    0x00020db0   0x0000009c   Code   RO         1315    i.update_timeout_handler  ble_conn_params.o
    0x00020e4c   0x00000022   Code   RO         2455    i.user_id_get       app_timer.o
    0x00020e6e   0x0000002c   Code   RO         2456    i.user_op_alloc     app_timer.o
    0x00020e9a   0x00000004   Code   RO         2457    i.user_op_enque     app_timer.o
    0x00020e9e   0x00000040   Code   RO         1154    i.uuid_list_encode  ble_advdata.o
    0x00020ede   0x000000c4   Code   RO         1155    i.uuid_list_sized_encode  ble_advdata.o
    0x00020fa2   0x00000016   Code   RO         1236    i.whitelist_has_entries  ble_advertising.o
    0x00020fb8   0x0000000c   Data   RO           39    .constdata          main.o
    0x00020fc4   0x00000010   Data   RO          436    .constdata          button_status.o
    0x00020fd4   0x00000010   Data   RO          603    .constdata          segger_rtt_printf.o
    0x00020fe4   0x00000030   Data   RO          652    .constdata          bsp.o
    0x00021014   0x00000034   Data   RO          920    .constdata          device_manager_peripheral.o
    0x00021048   0x00000010   Data   RO         1402    .constdata          ble_dfu.o
    0x00021058   0x00000028   Data   RO         2067    .constdata          pstorage.o
    0x00021080   0x00000004   Data   RO         2340    .constdata          app_button.o
    0x00021084   0x00000049   Data   RO          437    .conststring        button_status.o
    0x000210cd   0x00000003   PAD
    0x000210d0   0x00000009   Data   RO          520    .conststring        segger_rtt.o
    0x000210d9   0x00000003   PAD
    0x000210dc   0x00000020   Data   RO         3302    Region$$Table       anon$$obj.o


    Execution Region RW_IRAM1 (Base: 0x20002000, Size: 0x000016d0, Max: 0x00006000, ABSOLUTE, COMPRESSED[0x00000048])

    Base Addr    Size         Type   Attr      Idx    E Section Name        Object

    0x20002000   0x00000048   Data   RW           40    .data               main.o
    0x20002048   0x00000079   Data   RW          521    .data               segger_rtt.o
    0x200020c1   0x00000003   PAD
    0x200020c4   0x00000021   Data   RW          653    .data               bsp.o
    0x200020e5   0x00000003   PAD
    0x200020e8   0x00000004   Data   RW          807    .data               system_nrf51.o
    0x200020ec   0x00000014   Data   RW          921    .data               device_manager_peripheral.o
    0x20002100   0x00000020   Data   RW         1238    .data               ble_advertising.o
    0x20002120   0x00000019   Data   RW         1317    .data               ble_conn_params.o
    0x20002139   0x00000008   Data   RW         1403    .data               ble_dfu.o
    0x20002141   0x00000001   PAD
    0x20002142   0x0000004a   Data   RW         1541    .data               ble_dis.o
    0x2000218c   0x0000000d   Data   RW         1891    .data               app_uart.o
    0x20002199   0x00000003   PAD
    0x2000219c   0x00000028   Data   RW         2068    .data               pstorage.o
    0x200021c4   0x00000018   Data   RW         2341    .data               app_button.o
    0x200021dc   0x0000002a   Data   RW         2458    .data               app_timer.o
    0x20002206   0x00000002   PAD
    0x20002208   0x0000000e   Data   RW         2704    .data               app_scheduler.o
    0x20002216   0x00000002   PAD
    0x20002218   0x0000000c   Data   RW         2762    .data               app_gpiote.o
    0x20002224   0x00000008   Data   RW         2873    .data               dfu_app_handler.o
    0x2000222c   0x00000018   Data   RW         2936    .data               softdevice_handler.o
    0x20002244   0x000004a8   Zero   RW           38    .bss                main.o
    0x200026ec   0x00000036   Zero   RW          435    .bss                button_status.o
    0x20002722   0x00000410   Zero   RW          519    .bss                segger_rtt.o
    0x20002b32   0x0000000c   Zero   RW          651    .bss                bsp.o
    0x20002b3e   0x00000002   PAD
    0x20002b40   0x00000127   Zero   RW          919    .bss                device_manager_peripheral.o
    0x20002c67   0x00000001   PAD
    0x20002c68   0x000000fb   Zero   RW         1237    .bss                ble_advertising.o
    0x20002d63   0x00000001   PAD
    0x20002d64   0x0000001c   Zero   RW         1316    .bss                ble_conn_params.o
    0x20002d80   0x00000038   Zero   RW         1645    .bss                nrf_drv_gpiote.o
    0x20002db8   0x000000d8   Zero   RW         2066    .bss                pstorage.o
    0x20002e90   0x0000003c   Zero   RW         2872    .bss                dfu_app_handler.o
    0x20002ecc   0x00000004   PAD
    0x20002ed0   0x00000800   Zero   RW          794    STACK               arm_startup_nrf51.o

